Archive member included because of file (symbol)

c:/program files (x86)/atmel/atmel toolchain/arm gcc/native/4.8.1437/arm-gnu-toolchain/bin/../lib/gcc/arm-none-eabi/4.8.4/../../../../arm-none-eabi/lib/armv7-m\libc.a(lib_a-exit.o)
                              c:/program files (x86)/atmel/atmel toolchain/arm gcc/native/4.8.1437/arm-gnu-toolchain/bin/../lib/gcc/arm-none-eabi/4.8.4/../../../../arm-none-eabi/lib/armv7-m/crt0.o (exit)
c:/program files (x86)/atmel/atmel toolchain/arm gcc/native/4.8.1437/arm-gnu-toolchain/bin/../lib/gcc/arm-none-eabi/4.8.4/../../../../arm-none-eabi/lib/armv7-m\libc.a(lib_a-impure.o)
                              c:/program files (x86)/atmel/atmel toolchain/arm gcc/native/4.8.1437/arm-gnu-toolchain/bin/../lib/gcc/arm-none-eabi/4.8.4/../../../../arm-none-eabi/lib/armv7-m\libc.a(lib_a-exit.o) (_global_impure_ptr)
c:/program files (x86)/atmel/atmel toolchain/arm gcc/native/4.8.1437/arm-gnu-toolchain/bin/../lib/gcc/arm-none-eabi/4.8.4/../../../../arm-none-eabi/lib/armv7-m\libc.a(lib_a-init.o)
                              c:/program files (x86)/atmel/atmel toolchain/arm gcc/native/4.8.1437/arm-gnu-toolchain/bin/../lib/gcc/arm-none-eabi/4.8.4/../../../../arm-none-eabi/lib/armv7-m/crt0.o (__libc_init_array)
c:/program files (x86)/atmel/atmel toolchain/arm gcc/native/4.8.1437/arm-gnu-toolchain/bin/../lib/gcc/arm-none-eabi/4.8.4/../../../../arm-none-eabi/lib/armv7-m\libc.a(lib_a-memcmp.o)
                              src/asf/thirdparty/FreeRTOS/tasks.o (memcmp)
c:/program files (x86)/atmel/atmel toolchain/arm gcc/native/4.8.1437/arm-gnu-toolchain/bin/../lib/gcc/arm-none-eabi/4.8.4/../../../../arm-none-eabi/lib/armv7-m\libc.a(lib_a-memcpy.o)
                              src/asf/thirdparty/FreeRTOS/queue.o (memcpy)
c:/program files (x86)/atmel/atmel toolchain/arm gcc/native/4.8.1437/arm-gnu-toolchain/bin/../lib/gcc/arm-none-eabi/4.8.4/../../../../arm-none-eabi/lib/armv7-m\libc.a(lib_a-memset.o)
                              c:/program files (x86)/atmel/atmel toolchain/arm gcc/native/4.8.1437/arm-gnu-toolchain/bin/../lib/gcc/arm-none-eabi/4.8.4/../../../../arm-none-eabi/lib/armv7-m/crt0.o (memset)
c:/program files (x86)/atmel/atmel toolchain/arm gcc/native/4.8.1437/arm-gnu-toolchain/bin/../lib/gcc/arm-none-eabi/4.8.4/../../../../arm-none-eabi/lib/armv7-m\libc.a(lib_a-__call_atexit.o)
                              c:/program files (x86)/atmel/atmel toolchain/arm gcc/native/4.8.1437/arm-gnu-toolchain/bin/../lib/gcc/arm-none-eabi/4.8.4/../../../../arm-none-eabi/lib/armv7-m\libc.a(lib_a-exit.o) (__call_exitprocs)
c:/program files (x86)/atmel/atmel toolchain/arm gcc/native/4.8.1437/arm-gnu-toolchain/bin/../lib/gcc/arm-none-eabi/4.8.4/../../../../arm-none-eabi/lib/armv7-m\libc.a(lib_a-atexit.o)
                              c:/program files (x86)/atmel/atmel toolchain/arm gcc/native/4.8.1437/arm-gnu-toolchain/bin/../lib/gcc/arm-none-eabi/4.8.4/../../../../arm-none-eabi/lib/armv7-m\libc.a(lib_a-__call_atexit.o) (atexit)
c:/program files (x86)/atmel/atmel toolchain/arm gcc/native/4.8.1437/arm-gnu-toolchain/bin/../lib/gcc/arm-none-eabi/4.8.4/../../../../arm-none-eabi/lib/armv7-m\libc.a(lib_a-fini.o)
                              c:/program files (x86)/atmel/atmel toolchain/arm gcc/native/4.8.1437/arm-gnu-toolchain/bin/../lib/gcc/arm-none-eabi/4.8.4/../../../../arm-none-eabi/lib/armv7-m\libc.a(lib_a-__call_atexit.o) (__libc_fini_array)
c:/program files (x86)/atmel/atmel toolchain/arm gcc/native/4.8.1437/arm-gnu-toolchain/bin/../lib/gcc/arm-none-eabi/4.8.4/../../../../arm-none-eabi/lib/armv7-m\libc.a(lib_a-__atexit.o)
                              c:/program files (x86)/atmel/atmel toolchain/arm gcc/native/4.8.1437/arm-gnu-toolchain/bin/../lib/gcc/arm-none-eabi/4.8.4/../../../../arm-none-eabi/lib/armv7-m\libc.a(lib_a-atexit.o) (__register_exitproc)

Allocating common symbols
Common symbol       size              file

g_st_nextpacket     0x8               src/usart_serial_example_pdc.o
ptr_get             0x4               src/asf/common/utils/stdio/read.o
can1_mailbox        0x20              src/command_test.o
can1_transceiver    0x8               src/command_test.o
ptr_put             0x4               src/asf/common/utils/stdio/write.o
temp_mailbox_C1     0x20              src/command_test.o
stdio_base          0x4               src/asf/common/utils/stdio/write.o
g_uc_alarmed        0x1               src/rtt_test0.o
can0_mailbox        0x20              src/command_test.o
xCreatedTask        0x4               src/Common-Demo-Source/death.o
g_uc_state          0x1               src/rtt_test0.o
g_p_pdc             0x4               src/usart_serial_example_pdc.o
g_ul_new_alarm      0x4               src/rtt_test0.o
xSuspendedTestQueue
                    0x4               src/Common-Demo-Source/dynamic.o
temp_mailbox_C0     0x20              src/command_test.o
can0_transceiver    0x8               src/command_test.o
g_st_packet         0x8               src/usart_serial_example_pdc.o

[...]
Memory Configuration

Name             Origin             Length             Attributes
rom              0x00080000         0x00080000         xr
sram0            0x20000000         0x00010000         xrw
sram1            0x20080000         0x00008000         xrw
ram              0x20070000         0x00018000         xrw
*default*        0x00000000         0xffffffff

Linker script and memory map

LOAD c:/program files (x86)/atmel/atmel toolchain/arm gcc/native/4.8.1437/arm-gnu-toolchain/bin/../lib/gcc/arm-none-eabi/4.8.4/armv7-m/crti.o
LOAD c:/program files (x86)/atmel/atmel toolchain/arm gcc/native/4.8.1437/arm-gnu-toolchain/bin/../lib/gcc/arm-none-eabi/4.8.4/armv7-m/crtbegin.o
LOAD c:/program files (x86)/atmel/atmel toolchain/arm gcc/native/4.8.1437/arm-gnu-toolchain/bin/../lib/gcc/arm-none-eabi/4.8.4/../../../../arm-none-eabi/lib/armv7-m/crt0.o
LOAD src/asf/common/services/serial/usart_serial.o
LOAD src/asf/sam/drivers/pdc/pdc.o
LOAD src/asf/sam/drivers/tc/tc.o
LOAD src/asf/sam/drivers/uart/uart.o
LOAD src/command_test.o
LOAD src/housekeep_test2.o
LOAD src/stk600_test0.o
LOAD src/usart_serial_example_pdc.o
LOAD src/asf/common/services/clock/sam3x/sysclk.o
LOAD src/asf/common/utils/interrupt/interrupt_sam_nvic.o
LOAD src/asf/common/utils/stdio/read.o
LOAD src/asf/common/utils/stdio/write.o
LOAD src/asf/sam/boards/sam3x_ek/init.o
LOAD src/asf/sam/components/can/sn65hvd234.o
LOAD src/asf/sam/drivers/can/can.o
LOAD src/asf/sam/drivers/pio/pio.o
LOAD src/asf/sam/drivers/pio/pio_handler.o
LOAD src/asf/sam/drivers/pmc/pmc.o
LOAD src/asf/sam/drivers/rtt/rtt.o
LOAD src/asf/sam/drivers/usart/usart.o
LOAD src/asf/sam/drivers/wdt/wdt.o
LOAD src/asf/sam/utils/cmsis/sam3x/source/templates/exceptions.o
LOAD src/asf/sam/utils/cmsis/sam3x/source/templates/gcc/startup_sam3x.o
LOAD src/asf/sam/utils/cmsis/sam3x/source/templates/system_sam3x.o
LOAD src/asf/thirdparty/FreeRTOS/list.o
LOAD src/asf/thirdparty/FreeRTOS/portable/GCC/ARM_CM3/port.o
LOAD src/asf/thirdparty/FreeRTOS/portable/MemMang/heap_4.o
LOAD src/asf/thirdparty/FreeRTOS/queue.o
LOAD src/asf/thirdparty/FreeRTOS/tasks.o
LOAD src/asf/thirdparty/FreeRTOS/timers.o
LOAD src/can_func.o
LOAD src/Common-Demo-Source/BlockQ.o
LOAD src/Common-Demo-Source/blocktim.o
LOAD src/Common-Demo-Source/comtest.o
LOAD src/Common-Demo-Source/countsem.o
LOAD src/Common-Demo-Source/death.o
LOAD src/Common-Demo-Source/dynamic.o
LOAD src/Common-Demo-Source/flash_timer.o
LOAD src/Common-Demo-Source/GenQTest.o
LOAD src/Common-Demo-Source/integer.o
LOAD src/Common-Demo-Source/PollQ.o
LOAD src/Common-Demo-Source/recmutex.o
LOAD src/Common-Demo-Source/semtest.o
LOAD src/housekeep_test.o
LOAD src/main.o
LOAD src/main_blinky.o
LOAD src/main_full.o
LOAD my_blink.o
LOAD src/ParTest.o
LOAD src/rtt_test0.o
LOAD src/serial.o
START GROUP
END GROUP
START GROUP
LOAD c:/program files (x86)/atmel/atmel toolchain/arm gcc/native/4.8.1437/arm-gnu-toolchain/bin/../lib/gcc/arm-none-eabi/4.8.4/armv7-m\libgcc.a
LOAD c:/program files (x86)/atmel/atmel toolchain/arm gcc/native/4.8.1437/arm-gnu-toolchain/bin/../lib/gcc/arm-none-eabi/4.8.4/../../../../arm-none-eabi/lib/armv7-m\libc.a
END GROUP
LOAD c:/program files (x86)/atmel/atmel toolchain/arm gcc/native/4.8.1437/arm-gnu-toolchain/bin/../lib/gcc/arm-none-eabi/4.8.4/armv7-m/crtend.o
LOAD c:/program files (x86)/atmel/atmel toolchain/arm gcc/native/4.8.1437/arm-gnu-toolchain/bin/../lib/gcc/arm-none-eabi/4.8.4/armv7-m/crtn.o
                0x00002000                STACK_SIZE = 0x2000

.text           0x00080000     0x3594
                0x00080000                . = ALIGN (0x4)
                0x00080000                _sfixed = .
 *(.vectors .vectors.*)
 .vectors       0x00080000       0xf4 src/asf/sam/utils/cmsis/sam3x/source/templates/gcc/startup_sam3x.o
                0x00080000                exception_table
 *(.text .text.* .gnu.linkonce.t.*)
 .text          0x000800f4       0x54 c:/program files (x86)/atmel/atmel toolchain/arm gcc/native/4.8.1437/arm-gnu-toolchain/bin/../lib/gcc/arm-none-eabi/4.8.4/armv7-m/crtbegin.o
 .text.pdc_tx_init
                0x00080148       0x44 src/asf/sam/drivers/pdc/pdc.o
                0x00080148                pdc_tx_init
 .text.pdc_rx_init
                0x0008018c       0x44 src/asf/sam/drivers/pdc/pdc.o
                0x0008018c                pdc_rx_init
 .text.pdc_rx_clear_cnt
                0x000801d0       0x20 src/asf/sam/drivers/pdc/pdc.o
                0x000801d0                pdc_rx_clear_cnt
 .text.pdc_enable_transfer
                0x000801f0       0x20 src/asf/sam/drivers/pdc/pdc.o
                0x000801f0                pdc_enable_transfer
 .text.pdc_disable_transfer
                0x00080210       0x20 src/asf/sam/drivers/pdc/pdc.o
                0x00080210                pdc_disable_transfer
 .text.pdc_read_rx_counter
                0x00080230       0x18 src/asf/sam/drivers/pdc/pdc.o
                0x00080230                pdc_read_rx_counter
 .text.pdc_read_rx_next_counter
                0x00080248       0x18 src/asf/sam/drivers/pdc/pdc.o
                0x00080248                pdc_read_rx_next_counter
 .text.tc_init  0x00080260       0x38 src/asf/sam/drivers/tc/tc.o
                0x00080260                tc_init
 .text.tc_start
                0x00080298       0x20 src/asf/sam/drivers/tc/tc.o
                0x00080298                tc_start
 .text.tc_stop  0x000802b8       0x20 src/asf/sam/drivers/tc/tc.o
                0x000802b8                tc_stop
 .text.tc_write_rc
                0x000802d8       0x24 src/asf/sam/drivers/tc/tc.o
                0x000802d8                tc_write_rc
 .text.tc_enable_interrupt
                0x000802fc       0x28 src/asf/sam/drivers/tc/tc.o
                0x000802fc                tc_enable_interrupt
 .text.tc_get_status
                0x00080324       0x24 src/asf/sam/drivers/tc/tc.o
                0x00080324                tc_get_status
 .text.tc_find_mck_divisor
                0x00080348       0xa4 src/asf/sam/drivers/tc/tc.o
                0x00080348                tc_find_mck_divisor
 .text.uart_read
                0x000803ec       0x34 src/asf/sam/drivers/uart/uart.o
                0x000803ec                uart_read
 .text.NVIC_EnableIRQ
                0x00080420       0x30 src/usart_serial_example_pdc.o
 .text.osc_get_rate
                0x00080450       0x74 src/usart_serial_example_pdc.o
 .text.sysclk_get_main_hz
                0x000804c4       0x1c src/usart_serial_example_pdc.o
 .text.sysclk_get_cpu_hz
                0x000804e0       0x14 src/usart_serial_example_pdc.o
 .text.sysclk_enable_peripheral_clock
                0x000804f4       0x18 src/usart_serial_example_pdc.o
 .text.USART0_Handler
                0x0008050c      0x174 src/usart_serial_example_pdc.o
                0x0008050c                USART0_Handler
 .text.TC0_Handler
                0x00080680       0xac src/usart_serial_example_pdc.o
                0x00080680                TC0_Handler
 .text.configure_usart
                0x0008072c       0x78 src/usart_serial_example_pdc.o
 .text.configure_tc
                0x000807a4       0x88 src/usart_serial_example_pdc.o
 .text.usart_clear
                0x0008082c       0x68 src/usart_serial_example_pdc.o
 .text.usart_example
                0x00080894      0x1dc src/usart_serial_example_pdc.o
                0x00080894                usart_example
 .text.osc_enable
                0x00080a70       0x80 src/asf/common/services/clock/sam3x/sysclk.o
 .text.osc_is_ready
                0x00080af0       0x70 src/asf/common/services/clock/sam3x/sysclk.o
 .text.osc_get_rate
                0x00080b60       0x74 src/asf/common/services/clock/sam3x/sysclk.o
 .text.osc_wait_ready
                0x00080bd4       0x2c src/asf/common/services/clock/sam3x/sysclk.o
 .text.pll_config_init
                0x00080c00       0x68 src/asf/common/services/clock/sam3x/sysclk.o
 .text.pll_enable
                0x00080c68       0x3c src/asf/common/services/clock/sam3x/sysclk.o
 .text.pll_is_locked
                0x00080ca4       0x2c src/asf/common/services/clock/sam3x/sysclk.o
 .text.pll_enable_source
                0x00080cd0       0x34 src/asf/common/services/clock/sam3x/sysclk.o
 .text.pll_wait_for_lock
                0x00080d04       0x24 src/asf/common/services/clock/sam3x/sysclk.o
 .text.sysclk_get_main_hz
                0x00080d28       0x1c src/asf/common/services/clock/sam3x/sysclk.o
 .text.sysclk_get_cpu_hz
                0x00080d44       0x14 src/asf/common/services/clock/sam3x/sysclk.o
 .text.sysclk_init
                0x00080d58       0x68 src/asf/common/services/clock/sam3x/sysclk.o
                0x00080d58                sysclk_init
 .text.board_init
                0x00080dc0       0xf0 src/asf/sam/boards/sam3x_ek/init.o
                0x00080dc0                board_init
 .text.sn65hvd234_set_rs
                0x00080eb0       0x1c src/asf/sam/components/can/sn65hvd234.o
                0x00080eb0                sn65hvd234_set_rs
 .text.sn65hvd234_set_en
                0x00080ecc       0x1c src/asf/sam/components/can/sn65hvd234.o
                0x00080ecc                sn65hvd234_set_en
 .text.sn65hvd234_enable
                0x00080ee8       0x1c src/asf/sam/components/can/sn65hvd234.o
                0x00080ee8                sn65hvd234_enable
 .text.sn65hvd234_disable_low_power
                0x00080f04       0x1c src/asf/sam/components/can/sn65hvd234.o
                0x00080f04                sn65hvd234_disable_low_power
 .text.can_set_baudrate
                0x00080f20      0x150 src/asf/sam/drivers/can/can.o
 .text.can_init
                0x00081070       0x88 src/asf/sam/drivers/can/can.o
                0x00081070                can_init
 .text.can_enable
                0x000810f8       0x20 src/asf/sam/drivers/can/can.o
                0x000810f8                can_enable
 .text.can_disable
                0x00081118       0x20 src/asf/sam/drivers/can/can.o
                0x00081118                can_disable
 .text.can_enable_interrupt
                0x00081138       0x1c src/asf/sam/drivers/can/can.o
                0x00081138                can_enable_interrupt
 .text.can_disable_interrupt
                0x00081154       0x1c src/asf/sam/drivers/can/can.o
                0x00081154                can_disable_interrupt
 .text.can_get_status
                0x00081170       0x18 src/asf/sam/drivers/can/can.o
                0x00081170                can_get_status
 .text.can_global_send_transfer_cmd
                0x00081188       0x2c src/asf/sam/drivers/can/can.o
                0x00081188                can_global_send_transfer_cmd
 .text.can_mailbox_get_status
                0x000811b4       0x28 src/asf/sam/drivers/can/can.o
                0x000811b4                can_mailbox_get_status
 .text.can_mailbox_send_transfer_cmd
                0x000811dc       0x38 src/asf/sam/drivers/can/can.o
                0x000811dc                can_mailbox_send_transfer_cmd
 .text.can_mailbox_init
                0x00081214      0x120 src/asf/sam/drivers/can/can.o
                0x00081214                can_mailbox_init
 .text.can_mailbox_read
                0x00081334       0xc4 src/asf/sam/drivers/can/can.o
                0x00081334                can_mailbox_read
 .text.can_mailbox_write
                0x000813f8       0xb8 src/asf/sam/drivers/can/can.o
                0x000813f8                can_mailbox_write
 .text.can_reset_all_mailbox
                0x000814b0       0x44 src/asf/sam/drivers/can/can.o
                0x000814b0                can_reset_all_mailbox
 .text.pio_pull_up
                0x000814f4       0x2c src/asf/sam/drivers/pio/pio.o
                0x000814f4                pio_pull_up
 .text.pio_set_peripheral
                0x00081520       0x80 src/asf/sam/drivers/pio/pio.o
                0x00081520                pio_set_peripheral
 .text.pio_set_input
                0x000815a0       0x7c src/asf/sam/drivers/pio/pio.o
                0x000815a0                pio_set_input
 .text.pio_set_output
                0x0008161c       0x64 src/asf/sam/drivers/pio/pio.o
                0x0008161c                pio_set_output
 .text.pio_disable_interrupt
                0x00081680       0x1c src/asf/sam/drivers/pio/pio.o
                0x00081680                pio_disable_interrupt
 .text.pio_get_interrupt_status
                0x0008169c       0x18 src/asf/sam/drivers/pio/pio.o
                0x0008169c                pio_get_interrupt_status
 .text.pio_get_interrupt_mask
                0x000816b4       0x18 src/asf/sam/drivers/pio/pio.o
                0x000816b4                pio_get_interrupt_mask
 .text.pio_set_pin_high
                0x000816cc       0x34 src/asf/sam/drivers/pio/pio.o
                0x000816cc                pio_set_pin_high
 .text.pio_set_pin_low
                0x00081700       0x34 src/asf/sam/drivers/pio/pio.o
                0x00081700                pio_set_pin_low
 .text.pio_toggle_pin
                0x00081734       0x60 src/asf/sam/drivers/pio/pio.o
                0x00081734                pio_toggle_pin
 .text.pio_configure_pin
                0x00081794      0x13c src/asf/sam/drivers/pio/pio.o
                0x00081794                pio_configure_pin
 .text.pio_configure_pin_group
                0x000818d0       0xe0 src/asf/sam/drivers/pio/pio.o
                0x000818d0                pio_configure_pin_group
 .text.pio_handler_process
                0x000819b0       0xa4 src/asf/sam/drivers/pio/pio_handler.o
                0x000819b0                pio_handler_process
 .text.PIOA_Handler
                0x00081a54       0x18 src/asf/sam/drivers/pio/pio_handler.o
                0x00081a54                PIOA_Handler
 .text.PIOB_Handler
                0x00081a6c       0x18 src/asf/sam/drivers/pio/pio_handler.o
                0x00081a6c                PIOB_Handler
 .text.PIOC_Handler
                0x00081a84       0x18 src/asf/sam/drivers/pio/pio_handler.o
                0x00081a84                PIOC_Handler
 .text.PIOD_Handler
                0x00081a9c       0x18 src/asf/sam/drivers/pio/pio_handler.o
                0x00081a9c                PIOD_Handler
 .text.pmc_switch_mck_to_pllack
                0x00081ab4       0x84 src/asf/sam/drivers/pmc/pmc.o
                0x00081ab4                pmc_switch_mck_to_pllack
 .text.pmc_switch_sclk_to_32kxtal
                0x00081b38       0x3c src/asf/sam/drivers/pmc/pmc.o
                0x00081b38                pmc_switch_sclk_to_32kxtal
 .text.pmc_osc_is_ready_32kxtal
                0x00081b74       0x34 src/asf/sam/drivers/pmc/pmc.o
                0x00081b74                pmc_osc_is_ready_32kxtal
 .text.pmc_switch_mainck_to_fastrc
                0x00081ba8       0xa0 src/asf/sam/drivers/pmc/pmc.o
                0x00081ba8                pmc_switch_mainck_to_fastrc
 .text.pmc_switch_mainck_to_xtal
                0x00081c48       0x6c src/asf/sam/drivers/pmc/pmc.o
                0x00081c48                pmc_switch_mainck_to_xtal
 .text.pmc_osc_is_ready_mainck
                0x00081cb4       0x1c src/asf/sam/drivers/pmc/pmc.o
                0x00081cb4                pmc_osc_is_ready_mainck
 .text.pmc_disable_pllack
                0x00081cd0       0x18 src/asf/sam/drivers/pmc/pmc.o
                0x00081cd0                pmc_disable_pllack
 .text.pmc_is_locked_pllack
                0x00081ce8       0x1c src/asf/sam/drivers/pmc/pmc.o
                0x00081ce8                pmc_is_locked_pllack
 .text.pmc_is_locked_upll
                0x00081d04       0x1c src/asf/sam/drivers/pmc/pmc.o
                0x00081d04                pmc_is_locked_upll
 .text.pmc_enable_periph_clk
                0x00081d20       0x84 src/asf/sam/drivers/pmc/pmc.o
                0x00081d20                pmc_enable_periph_clk
 .text.rtt_init
                0x00081da4       0x24 src/asf/sam/drivers/rtt/rtt.o
                0x00081da4                rtt_init
 .text.rtt_enable_interrupt
                0x00081dc8       0x28 src/asf/sam/drivers/rtt/rtt.o
                0x00081dc8                rtt_enable_interrupt
 .text.rtt_disable_interrupt
                0x00081df0       0x30 src/asf/sam/drivers/rtt/rtt.o
                0x00081df0                rtt_disable_interrupt
 .text.rtt_get_status
                0x00081e20       0x18 src/asf/sam/drivers/rtt/rtt.o
                0x00081e20                rtt_get_status
 .text.rtt_write_alarm_time
                0x00081e38       0x58 src/asf/sam/drivers/rtt/rtt.o
                0x00081e38                rtt_write_alarm_time
 .text.usart_set_async_baudrate
                0x00081e90       0x8c src/asf/sam/drivers/usart/usart.o
 .text.usart_reset
                0x00081f1c       0x54 src/asf/sam/drivers/usart/usart.o
                0x00081f1c                usart_reset
 .text.usart_init_rs232
                0x00081f70       0x84 src/asf/sam/drivers/usart/usart.o
                0x00081f70                usart_init_rs232
 .text.usart_enable_tx
                0x00081ff4       0x18 src/asf/sam/drivers/usart/usart.o
                0x00081ff4                usart_enable_tx
 .text.usart_reset_tx
                0x0008200c       0x18 src/asf/sam/drivers/usart/usart.o
                0x0008200c                usart_reset_tx
 .text.usart_enable_rx
                0x00082024       0x18 src/asf/sam/drivers/usart/usart.o
                0x00082024                usart_enable_rx
 .text.usart_reset_rx
                0x0008203c       0x18 src/asf/sam/drivers/usart/usart.o
                0x0008203c                usart_reset_rx
 .text.usart_enable_interrupt
                0x00082054       0x1c src/asf/sam/drivers/usart/usart.o
                0x00082054                usart_enable_interrupt
 .text.usart_disable_interrupt
                0x00082070       0x1c src/asf/sam/drivers/usart/usart.o
                0x00082070                usart_disable_interrupt
 .text.usart_get_status
                0x0008208c       0x18 src/asf/sam/drivers/usart/usart.o
                0x0008208c                usart_get_status
 .text.usart_reset_status
                0x000820a4       0x1c src/asf/sam/drivers/usart/usart.o
                0x000820a4                usart_reset_status
 .text.usart_drive_RTS_pin_high
                0x000820c0       0x1c src/asf/sam/drivers/usart/usart.o
                0x000820c0                usart_drive_RTS_pin_high
 .text.usart_write
                0x000820dc       0x34 src/asf/sam/drivers/usart/usart.o
                0x000820dc                usart_write
 .text.usart_getchar
                0x00082110       0x48 src/asf/sam/drivers/usart/usart.o
                0x00082110                usart_getchar
 .text.usart_get_pdc_base
                0x00082158       0x7c src/asf/sam/drivers/usart/usart.o
                0x00082158                usart_get_pdc_base
 .text.usart_disable_writeprotect
                0x000821d4       0x20 src/asf/sam/drivers/usart/usart.o
                0x000821d4                usart_disable_writeprotect
 .text.wdt_restart
                0x000821f4       0x28 src/asf/sam/drivers/wdt/wdt.o
                0x000821f4                wdt_restart
 .text.wdt_get_status
                0x0008221c       0x18 src/asf/sam/drivers/wdt/wdt.o
                0x0008221c                wdt_get_status
 .text.Dummy_Handler
                0x00082234        0x8 src/asf/sam/utils/cmsis/sam3x/source/templates/exceptions.o
                0x00082234                DACC_Handler
                0x00082234                DebugMon_Handler
                0x00082234                DMAC_Handler
                0x00082234                TRNG_Handler
                0x00082234                HardFault_Handler
                0x00082234                TC2_Handler
                0x00082234                USART3_Handler
                0x00082234                TWI1_Handler
                0x00082234                NMI_Handler
                0x00082234                TC7_Handler
                0x00082234                ADC_Handler
                0x00082234                SMC_Handler
                0x00082234                EFC1_Handler
                0x00082234                RTC_Handler
                0x00082234                UsageFault_Handler
                0x00082234                TC6_Handler
                0x00082234                TC4_Handler
                0x00082234                TC1_Handler
                0x00082234                HSMCI_Handler
                0x00082234                TC3_Handler
                0x00082234                Dummy_Handler
                0x00082234                TWI0_Handler
                0x00082234                USART1_Handler
                0x00082234                SSC_Handler
                0x00082234                EFC0_Handler
                0x00082234                PMC_Handler
                0x00082234                PWM_Handler
                0x00082234                MemManage_Handler
                0x00082234                SUPC_Handler
                0x00082234                TC8_Handler
                0x00082234                USART2_Handler
                0x00082234                EMAC_Handler
                0x00082234                UART_Handler
                0x00082234                BusFault_Handler
                0x00082234                RSTC_Handler
                0x00082234                TC5_Handler
                0x00082234                UOTGHS_Handler
                0x00082234                SPI0_Handler
 .text.Reset_Handler
                0x0008223c       0xa8 src/asf/sam/utils/cmsis/sam3x/source/templates/gcc/startup_sam3x.o
                0x0008223c                Reset_Handler
 .text.SystemCoreClockUpdate
                0x000822e4      0x180 src/asf/sam/utils/cmsis/sam3x/source/templates/system_sam3x.o
                0x000822e4                SystemCoreClockUpdate
 .text.system_init_flash
                0x00082464       0xa0 src/asf/sam/utils/cmsis/sam3x/source/templates/system_sam3x.o
                0x00082464                system_init_flash
 .text.vListInsertEnd
                0x00082504       0x48 src/asf/thirdparty/FreeRTOS/list.o
                0x00082504                vListInsertEnd
 .text.uxListRemove
                0x0008254c       0x54 src/asf/thirdparty/FreeRTOS/list.o
                0x0008254c                uxListRemove
 .text.SVC_Handler
                0x000825a0       0x24 src/asf/thirdparty/FreeRTOS/portable/GCC/ARM_CM3/port.o
                0x000825a0                SVC_Handler
 .text.vPortEnterCritical
                0x000825c4       0x44 src/asf/thirdparty/FreeRTOS/portable/GCC/ARM_CM3/port.o
                0x000825c4                vPortEnterCritical
 .text.vPortExitCritical
                0x00082608       0x38 src/asf/thirdparty/FreeRTOS/portable/GCC/ARM_CM3/port.o
                0x00082608                vPortExitCritical
 .text.ulPortSetInterruptMask
                0x00082640       0x14 src/asf/thirdparty/FreeRTOS/portable/GCC/ARM_CM3/port.o
                0x00082640                ulPortSetInterruptMask
 .text.vPortClearInterruptMask
                0x00082654        0x8 src/asf/thirdparty/FreeRTOS/portable/GCC/ARM_CM3/port.o
                0x00082654                vPortClearInterruptMask
 .text.PendSV_Handler
                0x0008265c       0x44 src/asf/thirdparty/FreeRTOS/portable/GCC/ARM_CM3/port.o
                0x0008265c                PendSV_Handler
 .text.SysTick_Handler
                0x000826a0       0x34 src/asf/thirdparty/FreeRTOS/portable/GCC/ARM_CM3/port.o
                0x000826a0                SysTick_Handler
 .text.xTaskIncrementTick
                0x000826d4      0x17c src/asf/thirdparty/FreeRTOS/tasks.o
                0x000826d4                xTaskIncrementTick
 .text.vTaskSwitchContext
                0x00082850       0xfc src/asf/thirdparty/FreeRTOS/tasks.o
                0x00082850                vTaskSwitchContext
 .text.prvResetNextTaskUnblockTime
                0x0008294c       0x48 src/asf/thirdparty/FreeRTOS/tasks.o
 .text.NVIC_EnableIRQ
                0x00082994       0x30 src/can_func.o
 .text.NVIC_DisableIRQ
                0x000829c4       0x34 src/can_func.o
 .text.osc_get_rate
                0x000829f8       0x74 src/can_func.o
 .text.sysclk_get_main_hz
                0x00082a6c       0x1c src/can_func.o
 .text.sysclk_get_cpu_hz
                0x00082a88       0x14 src/can_func.o
 .text.CAN1_Handler
                0x00082a9c       0x98 src/can_func.o
                0x00082a9c                CAN1_Handler
 .text.CAN0_Handler
                0x00082b34       0xa0 src/can_func.o
                0x00082b34                CAN0_Handler
 .text.decode_can_msg
                0x00082bd4      0x180 src/can_func.o
                0x00082bd4                decode_can_msg
 .text.reset_mailbox_conf
                0x00082d54       0x54 src/can_func.o
                0x00082d54                reset_mailbox_conf
 .text.command_in
                0x00082da8       0xf4 src/can_func.o
                0x00082da8                command_in
 .text.save_can_object
                0x00082e9c       0x70 src/can_func.o
                0x00082e9c                save_can_object
 .text.restore_can_object
                0x00082f0c       0x70 src/can_func.o
                0x00082f0c                restore_can_object
 .text.can_initialize
                0x00082f7c       0xec src/can_func.o
                0x00082f7c                can_initialize
 .text.can_init_mailboxes
                0x00083068       0xb8 src/can_func.o
                0x00083068                can_init_mailboxes
 .text.NVIC_SetPriorityGrouping
                0x00083120       0x48 src/main.o
 .text.main     0x00083168       0x18 src/main.o
                0x00083168                main
 .text.prvSetupHardware
                0x00083180       0x30 src/main.o
 .text.vApplicationStackOverflowHook
                0x000831b0       0x14 src/main.o
                0x000831b0                vApplicationStackOverflowHook
 .text.WDT_Handler
                0x000831c4       0x28 src/main.o
                0x000831c4                WDT_Handler
 .text.vParTestInitialise
                0x000831ec       0x44 src/ParTest.o
                0x000831ec                vParTestInitialise
 .text.vParTestSetLED
                0x00083230       0x74 src/ParTest.o
                0x00083230                vParTestSetLED
 .text.RTT_Handler
                0x000832a4       0x70 src/rtt_test0.o
                0x000832a4                RTT_Handler
 .text.__libc_init_array
                0x00083314       0x50 c:/program files (x86)/atmel/atmel toolchain/arm gcc/native/4.8.1437/arm-gnu-toolchain/bin/../lib/gcc/arm-none-eabi/4.8.4/../../../../arm-none-eabi/lib/armv7-m\libc.a(lib_a-init.o)
                0x00083314                __libc_init_array
 .text.memcmp   0x00083364       0x68 c:/program files (x86)/atmel/atmel toolchain/arm gcc/native/4.8.1437/arm-gnu-toolchain/bin/../lib/gcc/arm-none-eabi/4.8.4/../../../../arm-none-eabi/lib/armv7-m\libc.a(lib_a-memcmp.o)
                0x00083364                memcmp
 .text.startup.register_fini
                0x000833cc       0x14 c:/program files (x86)/atmel/atmel toolchain/arm gcc/native/4.8.1437/arm-gnu-toolchain/bin/../lib/gcc/arm-none-eabi/4.8.4/../../../../arm-none-eabi/lib/armv7-m\libc.a(lib_a-__call_atexit.o)
 .text.atexit   0x000833e0        0xc c:/program files (x86)/atmel/atmel toolchain/arm gcc/native/4.8.1437/arm-gnu-toolchain/bin/../lib/gcc/arm-none-eabi/4.8.4/../../../../arm-none-eabi/lib/armv7-m\libc.a(lib_a-atexit.o)
                0x000833e0                atexit
 .text.__libc_fini_array
                0x000833ec       0x30 c:/program files (x86)/atmel/atmel toolchain/arm gcc/native/4.8.1437/arm-gnu-toolchain/bin/../lib/gcc/arm-none-eabi/4.8.4/../../../../arm-none-eabi/lib/armv7-m\libc.a(lib_a-fini.o)
                0x000833ec                __libc_fini_array
 .text.__register_exitproc
                0x0008341c       0xa8 c:/program files (x86)/atmel/atmel toolchain/arm gcc/native/4.8.1437/arm-gnu-toolchain/bin/../lib/gcc/arm-none-eabi/4.8.4/../../../../arm-none-eabi/lib/armv7-m\libc.a(lib_a-__atexit.o)
                0x0008341c                __register_exitproc
 *(.glue_7t)
 .glue_7t       0x00000000        0x0 linker stubs
 *(.glue_7)
 .glue_7        0x00000000        0x0 linker stubs
 *(.rodata .rodata* .gnu.linkonce.r.*)
 .rodata        0x000834c4       0x18 src/usart_serial_example_pdc.o
 .rodata.can_bit_time
                0x000834dc       0x6c src/asf/sam/drivers/can/can.o
                0x000834dc                can_bit_time
 .rodata.ucExpectedStackBytes.5295
                0x00083548       0x14 src/asf/thirdparty/FreeRTOS/tasks.o
 .rodata.ulLED  0x0008355c        0xc src/ParTest.o
 .rodata.str1.4
                0x00083568        0x4 c:/program files (x86)/atmel/atmel toolchain/arm gcc/native/4.8.1437/arm-gnu-toolchain/bin/../lib/gcc/arm-none-eabi/4.8.4/../../../../arm-none-eabi/lib/armv7-m\libc.a(lib_a-impure.o)
 .rodata._global_impure_ptr
                0x0008356c        0x4 c:/program files (x86)/atmel/atmel toolchain/arm gcc/native/4.8.1437/arm-gnu-toolchain/bin/../lib/gcc/arm-none-eabi/4.8.4/../../../../arm-none-eabi/lib/armv7-m\libc.a(lib_a-impure.o)
                0x0008356c                _global_impure_ptr
 *(.ARM.extab* .gnu.linkonce.armextab.*)
                0x00083570                . = ALIGN (0x4)
 *(.init)
 .init          0x00083570        0x4 c:/program files (x86)/atmel/atmel toolchain/arm gcc/native/4.8.1437/arm-gnu-toolchain/bin/../lib/gcc/arm-none-eabi/4.8.4/armv7-m/crti.o
                0x00083570                _init
 .init          0x00083574        0x8 c:/program files (x86)/atmel/atmel toolchain/arm gcc/native/4.8.1437/arm-gnu-toolchain/bin/../lib/gcc/arm-none-eabi/4.8.4/armv7-m/crtn.o
                0x0008357c                . = ALIGN (0x4)
                0x0008357c                __preinit_array_start = .
 *(.preinit_array)
                0x0008357c                __preinit_array_end = .
                0x0008357c                . = ALIGN (0x4)
                0x0008357c                __init_array_start = .
 *(SORT(.init_array.*))
 .init_array.00000
                0x0008357c        0x4 c:/program files (x86)/atmel/atmel toolchain/arm gcc/native/4.8.1437/arm-gnu-toolchain/bin/../lib/gcc/arm-none-eabi/4.8.4/../../../../arm-none-eabi/lib/armv7-m\libc.a(lib_a-__call_atexit.o)
 *(.init_array)
 .init_array    0x00083580        0x4 c:/program files (x86)/atmel/atmel toolchain/arm gcc/native/4.8.1437/arm-gnu-toolchain/bin/../lib/gcc/arm-none-eabi/4.8.4/armv7-m/crtbegin.o
                0x00083584                __init_array_end = .
                0x00083584                . = ALIGN (0x4)
 *crtbegin.o(.ctors)
 *(EXCLUDE_FILE(*crtend.o) .ctors)
 *(SORT(.ctors.*))
 *crtend.o(.ctors)
                0x00083584                . = ALIGN (0x4)
 *(.fini)
 .fini          0x00083584        0x4 c:/program files (x86)/atmel/atmel toolchain/arm gcc/native/4.8.1437/arm-gnu-toolchain/bin/../lib/gcc/arm-none-eabi/4.8.4/armv7-m/crti.o
                0x00083584                _fini
 .fini          0x00083588        0x8 c:/program files (x86)/atmel/atmel toolchain/arm gcc/native/4.8.1437/arm-gnu-toolchain/bin/../lib/gcc/arm-none-eabi/4.8.4/armv7-m/crtn.o
                0x00083590                . = ALIGN (0x4)
                0x00083590                __fini_array_start = .
 *(.fini_array)
 .fini_array    0x00083590        0x4 c:/program files (x86)/atmel/atmel toolchain/arm gcc/native/4.8.1437/arm-gnu-toolchain/bin/../lib/gcc/arm-none-eabi/4.8.4/armv7-m/crtbegin.o
 *(SORT(.fini_array.*))
                0x00083594                __fini_array_end = .
 *crtbegin.o(.dtors)
 *(EXCLUDE_FILE(*crtend.o) .dtors)
 *(SORT(.dtors.*))
 *crtend.o(.dtors)
                0x00083594                . = ALIGN (0x4)
                0x00083594                _efixed = .
                0x00083594                PROVIDE (__exidx_start, .)

.vfp11_veneer   0x00083594        0x0
 .vfp11_veneer  0x00000000        0x0 linker stubs

.v4_bx          0x00083594        0x0
 .v4_bx         0x00000000        0x0 linker stubs

.iplt           0x00083594        0x0
 .iplt          0x00000000        0x0 c:/program files (x86)/atmel/atmel toolchain/arm gcc/native/4.8.1437/arm-gnu-toolchain/bin/../lib/gcc/arm-none-eabi/4.8.4/armv7-m/crtbegin.o

.eh_frame       0x00083594        0x0
 .eh_frame      0x00083594        0x0 c:/program files (x86)/atmel/atmel toolchain/arm gcc/native/4.8.1437/arm-gnu-toolchain/bin/../lib/gcc/arm-none-eabi/4.8.4/armv7-m/crtbegin.o

.rel.dyn        0x00083594        0x0
 .rel.iplt      0x00000000        0x0 c:/program files (x86)/atmel/atmel toolchain/arm gcc/native/4.8.1437/arm-gnu-toolchain/bin/../lib/gcc/arm-none-eabi/4.8.4/armv7-m/crtbegin.o

.jcr            0x00083594        0x0
 .jcr           0x00083594        0x0 c:/program files (x86)/atmel/atmel toolchain/arm gcc/native/4.8.1437/arm-gnu-toolchain/bin/../lib/gcc/arm-none-eabi/4.8.4/armv7-m/crtbegin.o

.igot.plt       0x00083594        0x0
 .igot.plt      0x00000000        0x0 c:/program files (x86)/atmel/atmel toolchain/arm gcc/native/4.8.1437/arm-gnu-toolchain/bin/../lib/gcc/arm-none-eabi/4.8.4/armv7-m/crtbegin.o

.ARM.exidx
 *(.ARM.exidx* .gnu.linkonce.armexidx.*)
                0x00083594                PROVIDE (__exidx_end, .)
                0x00083594                . = ALIGN (0x4)
                0x00083594                _etext = .

.relocate       0x20070000      0x440 load address 0x00083594
                0x20070000                . = ALIGN (0x4)
                0x20070000                _srelocate = .
 *(.ramfunc .ramfunc.*)
 *(.data .data.*)
 .data.gs_ul_size_buffer
                0x20070000        0x4 src/usart_serial_example_pdc.o
 .data.gs_ul_size_nextbuffer
                0x20070004        0x4 src/usart_serial_example_pdc.o
 .data.gs_uc_trans_mode
                0x20070008        0x1 src/usart_serial_example_pdc.o
 *fill*         0x20070009        0x3 
 .data.SystemCoreClock
                0x2007000c        0x4 src/asf/sam/utils/cmsis/sam3x/source/templates/system_sam3x.o
                0x2007000c                SystemCoreClock
 .data.uxCriticalNesting
                0x20070010        0x4 src/asf/thirdparty/FreeRTOS/portable/GCC/ARM_CM3/port.o
 .data.xNextTaskUnblockTime
                0x20070014        0x4 src/asf/thirdparty/FreeRTOS/tasks.o
 .data.impure_data
                0x20070018      0x428 c:/program files (x86)/atmel/atmel toolchain/arm gcc/native/4.8.1437/arm-gnu-toolchain/bin/../lib/gcc/arm-none-eabi/4.8.4/../../../../arm-none-eabi/lib/armv7-m\libc.a(lib_a-impure.o)
                0x20070440                . = ALIGN (0x4)
                0x20070440                _erelocate = .

.bss            0x20070440      0x364 load address 0x000839d4
                0x20070440                . = ALIGN (0x4)
                0x20070440                _sbss = .
                0x20070440                _szero = .
 *(.bss .bss.*)
 .bss           0x20070440       0x1c c:/program files (x86)/atmel/atmel toolchain/arm gcc/native/4.8.1437/arm-gnu-toolchain/bin/../lib/gcc/arm-none-eabi/4.8.4/armv7-m/crtbegin.o
 .bss.gs_puc_buffer
                0x2007045c       0xc8 src/usart_serial_example_pdc.o
 .bss.gs_puc_nextbuffer
                0x20070524       0xc8 src/usart_serial_example_pdc.o
 .bss.gs_ul_read_buffer
                0x200705ec        0x4 src/usart_serial_example_pdc.o
 .bss.gs_uc_buf_num
                0x200705f0        0x1 src/usart_serial_example_pdc.o
 .bss.g_uc_transend_flag
                0x200705f1        0x1 src/usart_serial_example_pdc.o
 *fill*         0x200705f2        0x2 
 .bss.ul_sysclk.8098
                0x200705f4        0x4 src/usart_serial_example_pdc.o
 .bss.gs_interrupt_sources
                0x200705f8       0x70 src/asf/sam/drivers/pio/pio_handler.o
 .bss.ul_reg_val.7078
                0x20070668        0x4 src/asf/sam/drivers/usart/usart.o
 .bss.pxCurrentTCB
                0x2007066c        0x4 src/asf/thirdparty/FreeRTOS/tasks.o
                0x2007066c                pxCurrentTCB
 .bss.pxReadyTasksLists
                0x20070670       0x64 src/asf/thirdparty/FreeRTOS/tasks.o
 .bss.pxDelayedTaskList
                0x200706d4        0x4 src/asf/thirdparty/FreeRTOS/tasks.o
 .bss.pxOverflowDelayedTaskList
                0x200706d8        0x4 src/asf/thirdparty/FreeRTOS/tasks.o
 .bss.xTickCount
                0x200706dc        0x4 src/asf/thirdparty/FreeRTOS/tasks.o
 .bss.uxTopReadyPriority
                0x200706e0        0x4 src/asf/thirdparty/FreeRTOS/tasks.o
 .bss.uxPendedTicks
                0x200706e4        0x4 src/asf/thirdparty/FreeRTOS/tasks.o
 .bss.xYieldPending
                0x200706e8        0x4 src/asf/thirdparty/FreeRTOS/tasks.o
 .bss.xNumOfOverflows
                0x200706ec        0x4 src/asf/thirdparty/FreeRTOS/tasks.o
 .bss.uxSchedulerSuspended
                0x200706f0        0x4 src/asf/thirdparty/FreeRTOS/tasks.o
 .bss.g_ul_recv_status
                0x200706f4        0x4 src/can_func.o
                0x200706f4                g_ul_recv_status
 *(COMMON)
 COMMON         0x200706f8       0x90 src/command_test.o
                0x200706f8                can1_mailbox
                0x20070718                can1_transceiver
                0x20070720                temp_mailbox_C1
                0x20070740                can0_mailbox
                0x20070760                temp_mailbox_C0
                0x20070780                can0_transceiver
 COMMON         0x20070788       0x14 src/usart_serial_example_pdc.o
                0x20070788                g_st_nextpacket
                0x20070790                g_p_pdc
                0x20070794                g_st_packet
 COMMON         0x2007079c        0x8 src/rtt_test0.o
                0x2007079c                g_uc_alarmed
                0x2007079d                g_uc_state
                0x200707a0                g_ul_new_alarm
                0x200707a4                . = ALIGN (0x4)
                0x200707a4                _ebss = .
                0x200707a4                _ezero = .

.stack          0x200707a4     0x2004 load address 0x00083d38
                0x200707a8                . = ALIGN (0x8)
 *fill*         0x200707a4        0x4 
                0x200707a8                _sstack = .
                0x200727a8                . = (. + STACK_SIZE)
 *fill*         0x200707a8     0x2000 
                0x200727a8                . = ALIGN (0x8)
                0x200727a8                _estack = .
                0x200727a8                . = ALIGN (0x4)
                0x200727a8                _end = .
OUTPUT(Main_Program.elf elf32-littlearm)

.ARM.attributes
                0x00000000       0x29
 .ARM.attributes
                0x00000000       0x1d c:/program files (x86)/atmel/atmel toolchain/arm gcc/native/4.8.1437/arm-gnu-toolchain/bin/../lib/gcc/arm-none-eabi/4.8.4/armv7-m/crti.o
 .ARM.attributes
                0x0000001d       0x2d c:/program files (x86)/atmel/atmel toolchain/arm gcc/native/4.8.1437/arm-gnu-toolchain/bin/../lib/gcc/arm-none-eabi/4.8.4/armv7-m/crtbegin.o
 .ARM.attributes
                0x0000004a       0x33 src/asf/sam/drivers/pdc/pdc.o
 .ARM.attributes
                0x0000007d       0x33 src/asf/sam/drivers/tc/tc.o
 .ARM.attributes
                0x000000b0       0x33 src/asf/sam/drivers/uart/uart.o
 .ARM.attributes
                0x000000e3       0x33 src/command_test.o
 .ARM.attributes
                0x00000116       0x33 src/usart_serial_example_pdc.o
 .ARM.attributes
                0x00000149       0x33 src/asf/common/services/clock/sam3x/sysclk.o
 .ARM.attributes
                0x0000017c       0x33 src/asf/sam/boards/sam3x_ek/init.o
 .ARM.attributes
                0x000001af       0x33 src/asf/sam/components/can/sn65hvd234.o
 .ARM.attributes
                0x000001e2       0x33 src/asf/sam/drivers/can/can.o
 .ARM.attributes
                0x00000215       0x33 src/asf/sam/drivers/pio/pio.o
 .ARM.attributes
                0x00000248       0x33 src/asf/sam/drivers/pio/pio_handler.o
 .ARM.attributes
                0x0000027b       0x33 src/asf/sam/drivers/pmc/pmc.o
 .ARM.attributes
                0x000002ae       0x33 src/asf/sam/drivers/rtt/rtt.o
 .ARM.attributes
                0x000002e1       0x33 src/asf/sam/drivers/usart/usart.o
 .ARM.attributes
                0x00000314       0x33 src/asf/sam/drivers/wdt/wdt.o
 .ARM.attributes
                0x00000347       0x33 src/asf/sam/utils/cmsis/sam3x/source/templates/exceptions.o
 .ARM.attributes
                0x0000037a       0x33 src/asf/sam/utils/cmsis/sam3x/source/templates/gcc/startup_sam3x.o
 .ARM.attributes
                0x000003ad       0x33 src/asf/sam/utils/cmsis/sam3x/source/templates/system_sam3x.o
 .ARM.attributes
                0x000003e0       0x33 src/asf/thirdparty/FreeRTOS/list.o
 .ARM.attributes
                0x00000413       0x33 src/asf/thirdparty/FreeRTOS/portable/GCC/ARM_CM3/port.o
 .ARM.attributes
                0x00000446       0x33 src/asf/thirdparty/FreeRTOS/tasks.o
 .ARM.attributes
                0x00000479       0x33 src/can_func.o
 .ARM.attributes
                0x000004ac       0x33 src/main.o
 .ARM.attributes
                0x000004df       0x33 src/ParTest.o
 .ARM.attributes
                0x00000512       0x33 src/rtt_test0.o
 .ARM.attributes
                0x00000545       0x2d c:/program files (x86)/atmel/atmel toolchain/arm gcc/native/4.8.1437/arm-gnu-toolchain/bin/../lib/gcc/arm-none-eabi/4.8.4/../../../../arm-none-eabi/lib/armv7-m\libc.a(lib_a-impure.o)
 .ARM.attributes
                0x00000572       0x2d c:/program files (x86)/atmel/atmel toolchain/arm gcc/native/4.8.1437/arm-gnu-toolchain/bin/../lib/gcc/arm-none-eabi/4.8.4/../../../../arm-none-eabi/lib/armv7-m\libc.a(lib_a-init.o)
 .ARM.attributes
                0x0000059f       0x2d c:/program files (x86)/atmel/atmel toolchain/arm gcc/native/4.8.1437/arm-gnu-toolchain/bin/../lib/gcc/arm-none-eabi/4.8.4/../../../../arm-none-eabi/lib/armv7-m\libc.a(lib_a-memcmp.o)
 .ARM.attributes
                0x000005cc       0x2d c:/program files (x86)/atmel/atmel toolchain/arm gcc/native/4.8.1437/arm-gnu-toolchain/bin/../lib/gcc/arm-none-eabi/4.8.4/../../../../arm-none-eabi/lib/armv7-m\libc.a(lib_a-__call_atexit.o)
 .ARM.attributes
                0x000005f9       0x2d c:/program files (x86)/atmel/atmel toolchain/arm gcc/native/4.8.1437/arm-gnu-toolchain/bin/../lib/gcc/arm-none-eabi/4.8.4/../../../../arm-none-eabi/lib/armv7-m\libc.a(lib_a-atexit.o)
 .ARM.attributes
                0x00000626       0x2d c:/program files (x86)/atmel/atmel toolchain/arm gcc/native/4.8.1437/arm-gnu-toolchain/bin/../lib/gcc/arm-none-eabi/4.8.4/../../../../arm-none-eabi/lib/armv7-m\libc.a(lib_a-fini.o)
 .ARM.attributes
                0x00000653       0x2d c:/program files (x86)/atmel/atmel toolchain/arm gcc/native/4.8.1437/arm-gnu-toolchain/bin/../lib/gcc/arm-none-eabi/4.8.4/../../../../arm-none-eabi/lib/armv7-m\libc.a(lib_a-__atexit.o)
 .ARM.attributes
                0x00000680       0x1d c:/program files (x86)/atmel/atmel toolchain/arm gcc/native/4.8.1437/arm-gnu-toolchain/bin/../lib/gcc/arm-none-eabi/4.8.4/armv7-m/crtn.o

.comment        0x00000000       0x5b
 .comment       0x00000000       0x5b src/asf/sam/drivers/pdc/pdc.o
                                 0x5c (size before relaxing)
 .comment       0x00000000       0x5c src/asf/sam/drivers/tc/tc.o
 .comment       0x00000000       0x5c src/asf/sam/drivers/uart/uart.o
 .comment       0x00000000       0x5c src/command_test.o
 .comment       0x00000000       0x5c src/usart_serial_example_pdc.o
 .comment       0x00000000       0x5c src/asf/common/services/clock/sam3x/sysclk.o
 .comment       0x00000000       0x5c src/asf/sam/boards/sam3x_ek/init.o
 .comment       0x00000000       0x5c src/asf/sam/components/can/sn65hvd234.o
 .comment       0x00000000       0x5c src/asf/sam/drivers/can/can.o
 .comment       0x00000000       0x5c src/asf/sam/drivers/pio/pio.o
 .comment       0x00000000       0x5c src/asf/sam/drivers/pio/pio_handler.o
 .comment       0x00000000       0x5c src/asf/sam/drivers/pmc/pmc.o
 .comment       0x00000000       0x5c src/asf/sam/drivers/rtt/rtt.o
 .comment       0x00000000       0x5c src/asf/sam/drivers/usart/usart.o
 .comment       0x00000000       0x5c src/asf/sam/drivers/wdt/wdt.o
 .comment       0x00000000       0x5c src/asf/sam/utils/cmsis/sam3x/source/templates/exceptions.o
 .comment       0x00000000       0x5c src/asf/sam/utils/cmsis/sam3x/source/templates/gcc/startup_sam3x.o
 .comment       0x00000000       0x5c src/asf/sam/utils/cmsis/sam3x/source/templates/system_sam3x.o
 .comment       0x00000000       0x5c src/asf/thirdparty/FreeRTOS/list.o
 .comment       0x00000000       0x5c src/asf/thirdparty/FreeRTOS/portable/GCC/ARM_CM3/port.o
 .comment       0x00000000       0x5c src/asf/thirdparty/FreeRTOS/tasks.o
 .comment       0x00000000       0x5c src/can_func.o
 .comment       0x00000000       0x5c src/main.o
 .comment       0x00000000       0x5c src/ParTest.o
 .comment       0x00000000       0x5c src/rtt_test0.o

.debug_info     0x00000000     0xcd4f
 .debug_info    0x00000000      0x4b1 src/asf/sam/drivers/pdc/pdc.o
 .debug_info    0x000004b1      0x93c src/asf/sam/drivers/tc/tc.o
 .debug_info    0x00000ded      0x87d src/asf/sam/drivers/uart/uart.o
 .debug_info    0x0000166a      0x3ab src/command_test.o
 .debug_info    0x00001a15     0x166e src/usart_serial_example_pdc.o
 .debug_info    0x00003083      0x668 src/asf/common/services/clock/sam3x/sysclk.o
 .debug_info    0x000036eb      0x585 src/asf/sam/boards/sam3x_ek/init.o
 .debug_info    0x00003c70      0x22b src/asf/sam/components/can/sn65hvd234.o
 .debug_info    0x00003e9b      0xd50 src/asf/sam/drivers/can/can.o
 .debug_info    0x00004beb      0xea8 src/asf/sam/drivers/pio/pio.o
 .debug_info    0x00005a93      0xbfa src/asf/sam/drivers/pio/pio_handler.o
 .debug_info    0x0000668d      0xee6 src/asf/sam/drivers/pmc/pmc.o
 .debug_info    0x00007573      0x2d8 src/asf/sam/drivers/rtt/rtt.o
 .debug_info    0x0000784b     0x1858 src/asf/sam/drivers/usart/usart.o
 .debug_info    0x000090a3      0x2d1 src/asf/sam/drivers/wdt/wdt.o
 .debug_info    0x00009374       0xba src/asf/sam/utils/cmsis/sam3x/source/templates/exceptions.o
 .debug_info    0x0000942e      0x361 src/asf/sam/utils/cmsis/sam3x/source/templates/gcc/startup_sam3x.o
 .debug_info    0x0000978f      0x47a src/asf/sam/utils/cmsis/sam3x/source/templates/system_sam3x.o
 .debug_info    0x00009c09      0x2d4 src/asf/thirdparty/FreeRTOS/list.o
 .debug_info    0x00009edd      0x36f src/asf/thirdparty/FreeRTOS/portable/GCC/ARM_CM3/port.o
 .debug_info    0x0000a24c     0x10bc src/asf/thirdparty/FreeRTOS/tasks.o
 .debug_info    0x0000b308      0xb14 src/can_func.o
 .debug_info    0x0000be1c      0x645 src/main.o
 .debug_info    0x0000c461      0x1e1 src/ParTest.o
 .debug_info    0x0000c642      0x70d src/rtt_test0.o

.debug_abbrev   0x00000000     0x24da
 .debug_abbrev  0x00000000      0x11d src/asf/sam/drivers/pdc/pdc.o
 .debug_abbrev  0x0000011d      0x158 src/asf/sam/drivers/tc/tc.o
 .debug_abbrev  0x00000275      0x174 src/asf/sam/drivers/uart/uart.o
 .debug_abbrev  0x000003e9       0xfd src/command_test.o
 .debug_abbrev  0x000004e6      0x2fb src/usart_serial_example_pdc.o
 .debug_abbrev  0x000007e1      0x1c3 src/asf/common/services/clock/sam3x/sysclk.o
 .debug_abbrev  0x000009a4       0xe6 src/asf/sam/boards/sam3x_ek/init.o
 .debug_abbrev  0x00000a8a       0xcd src/asf/sam/components/can/sn65hvd234.o
 .debug_abbrev  0x00000b57      0x1ed src/asf/sam/drivers/can/can.o
 .debug_abbrev  0x00000d44      0x1c0 src/asf/sam/drivers/pio/pio.o
 .debug_abbrev  0x00000f04      0x1e6 src/asf/sam/drivers/pio/pio_handler.o
 .debug_abbrev  0x000010ea      0x20d src/asf/sam/drivers/pmc/pmc.o
 .debug_abbrev  0x000012f7      0x10e src/asf/sam/drivers/rtt/rtt.o
 .debug_abbrev  0x00001405      0x1cd src/asf/sam/drivers/usart/usart.o
 .debug_abbrev  0x000015d2       0xf2 src/asf/sam/drivers/wdt/wdt.o
 .debug_abbrev  0x000016c4       0x6c src/asf/sam/utils/cmsis/sam3x/source/templates/exceptions.o
 .debug_abbrev  0x00001730      0x100 src/asf/sam/utils/cmsis/sam3x/source/templates/gcc/startup_sam3x.o
 .debug_abbrev  0x00001830       0xf5 src/asf/sam/utils/cmsis/sam3x/source/templates/system_sam3x.o
 .debug_abbrev  0x00001925       0xc3 src/asf/thirdparty/FreeRTOS/list.o
 .debug_abbrev  0x000019e8      0x1d2 src/asf/thirdparty/FreeRTOS/portable/GCC/ARM_CM3/port.o
 .debug_abbrev  0x00001bba      0x231 src/asf/thirdparty/FreeRTOS/tasks.o
 .debug_abbrev  0x00001deb      0x2af src/can_func.o
 .debug_abbrev  0x0000209a      0x1c3 src/main.o
 .debug_abbrev  0x0000225d       0xdd src/ParTest.o
 .debug_abbrev  0x0000233a      0x1a0 src/rtt_test0.o

.debug_loc      0x00000000     0x5bc0
 .debug_loc     0x00000000      0x310 src/asf/sam/drivers/pdc/pdc.o
 .debug_loc     0x00000310      0x508 src/asf/sam/drivers/tc/tc.o
 .debug_loc     0x00000818      0x5b0 src/asf/sam/drivers/uart/uart.o
 .debug_loc     0x00000dc8       0x70 src/command_test.o
 .debug_loc     0x00000e38      0x244 src/usart_serial_example_pdc.o
 .debug_loc     0x0000107c      0x2f8 src/asf/common/services/clock/sam3x/sysclk.o
 .debug_loc     0x00001374       0x2c src/asf/sam/boards/sam3x_ek/init.o
 .debug_loc     0x000013a0      0x150 src/asf/sam/components/can/sn65hvd234.o
 .debug_loc     0x000014f0      0x850 src/asf/sam/drivers/can/can.o
 .debug_loc     0x00001d40      0x850 src/asf/sam/drivers/pio/pio.o
 .debug_loc     0x00002590      0x238 src/asf/sam/drivers/pio/pio_handler.o
 .debug_loc     0x000027c8      0xac0 src/asf/sam/drivers/pmc/pmc.o
 .debug_loc     0x00003288      0x150 src/asf/sam/drivers/rtt/rtt.o
 .debug_loc     0x000033d8     0x12d0 src/asf/sam/drivers/usart/usart.o
 .debug_loc     0x000046a8      0x150 src/asf/sam/drivers/wdt/wdt.o
 .debug_loc     0x000047f8       0x2c src/asf/sam/utils/cmsis/sam3x/source/templates/exceptions.o
 .debug_loc     0x00004824       0x38 src/asf/sam/utils/cmsis/sam3x/source/templates/gcc/startup_sam3x.o
 .debug_loc     0x0000485c       0x90 src/asf/sam/utils/cmsis/sam3x/source/templates/system_sam3x.o
 .debug_loc     0x000048ec      0x118 src/asf/thirdparty/FreeRTOS/list.o
 .debug_loc     0x00004a04      0x1dc src/asf/thirdparty/FreeRTOS/portable/GCC/ARM_CM3/port.o
 .debug_loc     0x00004be0      0x8bc src/asf/thirdparty/FreeRTOS/tasks.o
 .debug_loc     0x0000549c      0x388 src/can_func.o
 .debug_loc     0x00005824      0x178 src/main.o
 .debug_loc     0x0000599c       0xa8 src/ParTest.o
 .debug_loc     0x00005a44      0x17c src/rtt_test0.o

.debug_aranges  0x00000000      0xff8
 .debug_aranges
                0x00000000       0x88 src/asf/sam/drivers/pdc/pdc.o
 .debug_aranges
                0x00000088       0xd0 src/asf/sam/drivers/tc/tc.o
 .debug_aranges
                0x00000158       0xe8 src/asf/sam/drivers/uart/uart.o
 .debug_aranges
                0x00000240       0x28 src/command_test.o
 .debug_aranges
                0x00000268       0x70 src/usart_serial_example_pdc.o
 .debug_aranges
                0x000002d8       0x88 src/asf/common/services/clock/sam3x/sysclk.o
 .debug_aranges
                0x00000360       0x20 src/asf/sam/boards/sam3x_ek/init.o
 .debug_aranges
                0x00000380       0x48 src/asf/sam/components/can/sn65hvd234.o
 .debug_aranges
                0x000003c8      0x148 src/asf/sam/drivers/can/can.o
 .debug_aranges
                0x00000510      0x148 src/asf/sam/drivers/pio/pio.o
 .debug_aranges
                0x00000658       0x70 src/asf/sam/drivers/pio/pio_handler.o
 .debug_aranges
                0x000006c8      0x1c0 src/asf/sam/drivers/pmc/pmc.o
 .debug_aranges
                0x00000888       0x48 src/asf/sam/drivers/rtt/rtt.o
 .debug_aranges
                0x000008d0      0x2c8 src/asf/sam/drivers/usart/usart.o
 .debug_aranges
                0x00000b98       0x48 src/asf/sam/drivers/wdt/wdt.o
 .debug_aranges
                0x00000be0       0x20 src/asf/sam/utils/cmsis/sam3x/source/templates/exceptions.o
 .debug_aranges
                0x00000c00       0x20 src/asf/sam/utils/cmsis/sam3x/source/templates/gcc/startup_sam3x.o
 .debug_aranges
                0x00000c20       0x30 src/asf/sam/utils/cmsis/sam3x/source/templates/system_sam3x.o
 .debug_aranges
                0x00000c50       0x40 src/asf/thirdparty/FreeRTOS/list.o
 .debug_aranges
                0x00000c90       0x90 src/asf/thirdparty/FreeRTOS/portable/GCC/ARM_CM3/port.o
 .debug_aranges
                0x00000d20      0x160 src/asf/thirdparty/FreeRTOS/tasks.o
 .debug_aranges
                0x00000e80       0xa0 src/can_func.o
 .debug_aranges
                0x00000f20       0x58 src/main.o
 .debug_aranges
                0x00000f78       0x30 src/ParTest.o
 .debug_aranges
                0x00000fa8       0x50 src/rtt_test0.o

.debug_ranges   0x00000000      0xe68
 .debug_ranges  0x00000000       0x78 src/asf/sam/drivers/pdc/pdc.o
 .debug_ranges  0x00000078       0xc0 src/asf/sam/drivers/tc/tc.o
 .debug_ranges  0x00000138       0xd8 src/asf/sam/drivers/uart/uart.o
 .debug_ranges  0x00000210       0x18 src/command_test.o
 .debug_ranges  0x00000228       0x60 src/usart_serial_example_pdc.o
 .debug_ranges  0x00000288       0x78 src/asf/common/services/clock/sam3x/sysclk.o
 .debug_ranges  0x00000300       0x10 src/asf/sam/boards/sam3x_ek/init.o
 .debug_ranges  0x00000310       0x38 src/asf/sam/components/can/sn65hvd234.o
 .debug_ranges  0x00000348      0x138 src/asf/sam/drivers/can/can.o
 .debug_ranges  0x00000480      0x138 src/asf/sam/drivers/pio/pio.o
 .debug_ranges  0x000005b8       0x60 src/asf/sam/drivers/pio/pio_handler.o
 .debug_ranges  0x00000618      0x1b0 src/asf/sam/drivers/pmc/pmc.o
 .debug_ranges  0x000007c8       0x38 src/asf/sam/drivers/rtt/rtt.o
 .debug_ranges  0x00000800      0x2b8 src/asf/sam/drivers/usart/usart.o
 .debug_ranges  0x00000ab8       0x38 src/asf/sam/drivers/wdt/wdt.o
 .debug_ranges  0x00000af0       0x10 src/asf/sam/utils/cmsis/sam3x/source/templates/exceptions.o
 .debug_ranges  0x00000b00       0x10 src/asf/sam/utils/cmsis/sam3x/source/templates/gcc/startup_sam3x.o
 .debug_ranges  0x00000b10       0x20 src/asf/sam/utils/cmsis/sam3x/source/templates/system_sam3x.o
 .debug_ranges  0x00000b30       0x30 src/asf/thirdparty/FreeRTOS/list.o
 .debug_ranges  0x00000b60       0x80 src/asf/thirdparty/FreeRTOS/portable/GCC/ARM_CM3/port.o
 .debug_ranges  0x00000be0      0x150 src/asf/thirdparty/FreeRTOS/tasks.o
 .debug_ranges  0x00000d30       0x90 src/can_func.o
 .debug_ranges  0x00000dc0       0x48 src/main.o
 .debug_ranges  0x00000e08       0x20 src/ParTest.o
 .debug_ranges  0x00000e28       0x40 src/rtt_test0.o

.debug_macro    0x00000000     0x89e2
 .debug_macro   0x00000000      0x4b9 src/asf/sam/drivers/pdc/pdc.o
 .debug_macro   0x000004b9      0x4ca src/asf/sam/drivers/tc/tc.o
 .debug_macro   0x00000983       0x16 src/asf/sam/drivers/tc/tc.o
 .debug_macro   0x00000999       0x4a src/asf/sam/drivers/tc/tc.o
 .debug_macro   0x000009e3       0x1c src/asf/sam/drivers/tc/tc.o
 .debug_macro   0x000009ff      0x4be src/asf/sam/drivers/uart/uart.o
 .debug_macro   0x00000ebd       0x16 src/asf/sam/drivers/uart/uart.o
 .debug_macro   0x00000ed3      0x692 src/command_test.o
 .debug_macro   0x00001565       0x97 src/command_test.o
 .debug_macro   0x000015fc       0xef src/command_test.o
 .debug_macro   0x000016eb      0x20f src/command_test.o
 .debug_macro   0x000018fa      0x106 src/command_test.o
 .debug_macro   0x00001a00       0x46 src/command_test.o
 .debug_macro   0x00001a46       0xc9 src/command_test.o
 .debug_macro   0x00001b0f       0x12 src/command_test.o
 .debug_macro   0x00001b21       0x1c src/command_test.o
 .debug_macro   0x00001b3d      0x361 src/command_test.o
 .debug_macro   0x00001e9e       0x79 src/command_test.o
 .debug_macro   0x00001f17       0x69 src/command_test.o
 .debug_macro   0x00001f80       0xb0 src/command_test.o
 .debug_macro   0x00002030       0x7e src/command_test.o
 .debug_macro   0x000020ae       0x26 src/command_test.o
 .debug_macro   0x000020d4       0x8e src/command_test.o
 .debug_macro   0x00002162       0x40 src/command_test.o
 .debug_macro   0x000021a2       0x28 src/command_test.o
 .debug_macro   0x000021ca       0x6a src/command_test.o
 .debug_macro   0x00002234       0x10 src/command_test.o
 .debug_macro   0x00002244       0x10 src/command_test.o
 .debug_macro   0x00002254       0x88 src/command_test.o
 .debug_macro   0x000022dc      0x2a6 src/command_test.o
 .debug_macro   0x00002582       0x10 src/command_test.o
 .debug_macro   0x00002592       0x1f src/command_test.o
 .debug_macro   0x000025b1       0x4c src/command_test.o
 .debug_macro   0x000025fd       0x76 src/command_test.o
 .debug_macro   0x00002673      0x64a src/usart_serial_example_pdc.o
 .debug_macro   0x00002cbd       0xc2 src/usart_serial_example_pdc.o
 .debug_macro   0x00002d7f      0x533 src/asf/common/services/clock/sam3x/sysclk.o
 .debug_macro   0x000032b2      0x15a src/asf/common/services/clock/sam3x/sysclk.o
 .debug_macro   0x0000340c      0x5b5 src/asf/sam/boards/sam3x_ek/init.o
 .debug_macro   0x000039c1      0x507 src/asf/sam/components/can/sn65hvd234.o
 .debug_macro   0x00003ec8      0x4e8 src/asf/sam/drivers/can/can.o
 .debug_macro   0x000043b0       0x82 src/asf/sam/drivers/can/can.o
 .debug_macro   0x00004432      0x4d2 src/asf/sam/drivers/pio/pio.o
 .debug_macro   0x00004904       0x88 src/asf/sam/drivers/pio/pio.o
 .debug_macro   0x0000498c      0x4dc src/asf/sam/drivers/pio/pio_handler.o
 .debug_macro   0x00004e68      0x4c4 src/asf/sam/drivers/pmc/pmc.o
 .debug_macro   0x0000532c       0x52 src/asf/sam/drivers/pmc/pmc.o
 .debug_macro   0x0000537e      0x4b9 src/asf/sam/drivers/rtt/rtt.o
 .debug_macro   0x00005837      0x500 src/asf/sam/drivers/usart/usart.o
 .debug_macro   0x00005d37       0x28 src/asf/sam/drivers/usart/usart.o
 .debug_macro   0x00005d5f      0x4d1 src/asf/sam/drivers/wdt/wdt.o
 .debug_macro   0x00006230      0x33c src/asf/sam/utils/cmsis/sam3x/source/templates/exceptions.o
 .debug_macro   0x0000656c      0x34e src/asf/sam/utils/cmsis/sam3x/source/templates/gcc/startup_sam3x.o
 .debug_macro   0x000068ba      0x34e src/asf/sam/utils/cmsis/sam3x/source/templates/system_sam3x.o
 .debug_macro   0x00006c08      0x133 src/asf/thirdparty/FreeRTOS/list.o
 .debug_macro   0x00006d3b      0x10e src/asf/thirdparty/FreeRTOS/list.o
 .debug_macro   0x00006e49       0x7f src/asf/thirdparty/FreeRTOS/list.o
 .debug_macro   0x00006ec8      0x143 src/asf/thirdparty/FreeRTOS/portable/GCC/ARM_CM3/port.o
 .debug_macro   0x0000700b      0x1ff src/asf/thirdparty/FreeRTOS/tasks.o
 .debug_macro   0x0000720a       0x91 src/asf/thirdparty/FreeRTOS/tasks.o
 .debug_macro   0x0000729b       0x16 src/asf/thirdparty/FreeRTOS/tasks.o
 .debug_macro   0x000072b1      0x596 src/can_func.o
 .debug_macro   0x00007847      0x679 src/main.o
 .debug_macro   0x00007ec0      0x56d src/ParTest.o
 .debug_macro   0x0000842d      0x5b5 src/rtt_test0.o

.debug_line     0x00000000    0x1356a
 .debug_line    0x00000000      0xbbb src/asf/sam/drivers/pdc/pdc.o
 .debug_line    0x00000bbb      0xc7e src/asf/sam/drivers/tc/tc.o
 .debug_line    0x00001839      0xca3 src/asf/sam/drivers/uart/uart.o
 .debug_line    0x000024dc      0xfaa src/command_test.o
 .debug_line    0x00003486     0x1075 src/usart_serial_example_pdc.o
 .debug_line    0x000044fb      0xd25 src/asf/common/services/clock/sam3x/sysclk.o
 .debug_line    0x00005220      0xd70 src/asf/sam/boards/sam3x_ek/init.o
 .debug_line    0x00005f90      0xbb4 src/asf/sam/components/can/sn65hvd234.o
 .debug_line    0x00006b44      0xe07 src/asf/sam/drivers/can/can.o
 .debug_line    0x0000794b      0xdeb src/asf/sam/drivers/pio/pio.o
 .debug_line    0x00008736      0xbd2 src/asf/sam/drivers/pio/pio_handler.o
 .debug_line    0x00009308     0x1003 src/asf/sam/drivers/pmc/pmc.o
 .debug_line    0x0000a30b      0xb2b src/asf/sam/drivers/rtt/rtt.o
 .debug_line    0x0000ae36     0x1207 src/asf/sam/drivers/usart/usart.o
 .debug_line    0x0000c03d      0xb2c src/asf/sam/drivers/wdt/wdt.o
 .debug_line    0x0000cb69      0x8d6 src/asf/sam/utils/cmsis/sam3x/source/templates/exceptions.o
 .debug_line    0x0000d43f      0x92d src/asf/sam/utils/cmsis/sam3x/source/templates/gcc/startup_sam3x.o
 .debug_line    0x0000dd6c      0x965 src/asf/sam/utils/cmsis/sam3x/source/templates/system_sam3x.o
 .debug_line    0x0000e6d1      0x427 src/asf/thirdparty/FreeRTOS/list.o
 .debug_line    0x0000eaf8      0x48a src/asf/thirdparty/FreeRTOS/portable/GCC/ARM_CM3/port.o
 .debug_line    0x0000ef82      0xbbf src/asf/thirdparty/FreeRTOS/tasks.o
 .debug_line    0x0000fb41      0xf5a src/can_func.o
 .debug_line    0x00010a9b     0x1012 src/main.o
 .debug_line    0x00011aad      0xcd6 src/ParTest.o
 .debug_line    0x00012783      0xde7 src/rtt_test0.o

.debug_str      0x00000000    0x66ca2
 .debug_str     0x00000000    0x54e28 src/asf/sam/drivers/pdc/pdc.o
                              0x55093 (size before relaxing)
 .debug_str     0x00054e28      0x3e1 src/asf/sam/drivers/tc/tc.o
                              0x55278 (size before relaxing)
 .debug_str     0x00055209      0x34d src/asf/sam/drivers/uart/uart.o
                              0x55295 (size before relaxing)
 .debug_str     0x00055556     0xc33e src/command_test.o
                              0x61237 (size before relaxing)
 .debug_str     0x00061894      0xae1 src/usart_serial_example_pdc.o
                              0x5e4e0 (size before relaxing)
 .debug_str     0x00062375      0x22c src/asf/common/services/clock/sam3x/sysclk.o
                              0x5bc2a (size before relaxing)
 .debug_str     0x000625a1      0x222 src/asf/sam/boards/sam3x_ek/init.o
                              0x5c41f (size before relaxing)
 .debug_str     0x000627c3      0x105 src/asf/sam/components/can/sn65hvd234.o
                              0x5b499 (size before relaxing)
 .debug_str     0x000628c8      0x5ad src/asf/sam/drivers/can/can.o
                              0x556ea (size before relaxing)
 .debug_str     0x00062e75      0x434 src/asf/sam/drivers/pio/pio.o
                              0x55873 (size before relaxing)
 .debug_str     0x000632a9      0x19b src/asf/sam/drivers/pio/pio_handler.o
                              0x55866 (size before relaxing)
 .debug_str     0x00063444      0x5a9 src/asf/sam/drivers/pmc/pmc.o
                              0x55770 (size before relaxing)
 .debug_str     0x000639ed       0xd0 src/asf/sam/drivers/rtt/rtt.o
                              0x54f95 (size before relaxing)
 .debug_str     0x00063abd      0x9c7 src/asf/sam/drivers/usart/usart.o
                              0x55b13 (size before relaxing)
 .debug_str     0x00064484       0xe9 src/asf/sam/drivers/wdt/wdt.o
                              0x54fdd (size before relaxing)
 .debug_str     0x0006456d       0x4d src/asf/sam/utils/cmsis/sam3x/source/templates/exceptions.o
                              0x4b6ff (size before relaxing)
 .debug_str     0x000645ba       0xb2 src/asf/sam/utils/cmsis/sam3x/source/templates/gcc/startup_sam3x.o
                              0x4b7e8 (size before relaxing)
 .debug_str     0x0006466c      0x1cd src/asf/sam/utils/cmsis/sam3x/source/templates/system_sam3x.o
                              0x4b9fb (size before relaxing)
 .debug_str     0x00064839      0x13c src/asf/thirdparty/FreeRTOS/list.o
                               0x6db9 (size before relaxing)
 .debug_str     0x00064975      0x704 src/asf/thirdparty/FreeRTOS/portable/GCC/ARM_CM3/port.o
                               0x63e7 (size before relaxing)
 .debug_str     0x00065079     0x1938 src/asf/thirdparty/FreeRTOS/tasks.o
                               0x9a06 (size before relaxing)
 .debug_str     0x000669b1      0x110 src/can_func.o
                              0x5d635 (size before relaxing)
 .debug_str     0x00066ac1       0xe6 src/main.o
                              0x60146 (size before relaxing)
 .debug_str     0x00066ba7       0x8c src/ParTest.o
                              0x5e16e (size before relaxing)
 .debug_str     0x00066c33       0x6f src/rtt_test0.o
                              0x5c541 (size before relaxing)

.debug_frame    0x00000000     0x3344
 .debug_frame   0x00000000      0x198 src/asf/sam/drivers/pdc/pdc.o
 .debug_frame   0x00000198      0x294 src/asf/sam/drivers/tc/tc.o
 .debug_frame   0x0000042c      0x2e8 src/asf/sam/drivers/uart/uart.o
 .debug_frame   0x00000714       0x50 src/command_test.o
 .debug_frame   0x00000764      0x160 src/usart_serial_example_pdc.o
 .debug_frame   0x000008c4      0x1c4 src/asf/common/services/clock/sam3x/sysclk.o
 .debug_frame   0x00000a88       0x2c src/asf/sam/boards/sam3x_ek/init.o
 .debug_frame   0x00000ab4       0xc8 src/asf/sam/components/can/sn65hvd234.o
 .debug_frame   0x00000b7c      0x450 src/asf/sam/drivers/can/can.o
 .debug_frame   0x00000fcc      0x44c src/asf/sam/drivers/pio/pio.o
 .debug_frame   0x00001418      0x150 src/asf/sam/drivers/pio/pio_handler.o
 .debug_frame   0x00001568      0x598 src/asf/sam/drivers/pmc/pmc.o
 .debug_frame   0x00001b00       0xbc src/asf/sam/drivers/rtt/rtt.o
 .debug_frame   0x00001bbc      0x9b0 src/asf/sam/drivers/usart/usart.o
 .debug_frame   0x0000256c       0xb8 src/asf/sam/drivers/wdt/wdt.o
 .debug_frame   0x00002624       0x28 src/asf/sam/utils/cmsis/sam3x/source/templates/exceptions.o
 .debug_frame   0x0000264c       0x30 src/asf/sam/utils/cmsis/sam3x/source/templates/gcc/startup_sam3x.o
 .debug_frame   0x0000267c       0x5c src/asf/sam/utils/cmsis/sam3x/source/templates/system_sam3x.o
 .debug_frame   0x000026d8       0x9c src/asf/thirdparty/FreeRTOS/list.o
 .debug_frame   0x00002774      0x178 src/asf/thirdparty/FreeRTOS/portable/GCC/ARM_CM3/port.o
 .debug_frame   0x000028ec      0x4fc src/asf/thirdparty/FreeRTOS/tasks.o
 .debug_frame   0x00002de8      0x208 src/can_func.o
 .debug_frame   0x00002ff0       0xec src/main.o
 .debug_frame   0x000030dc       0x70 src/ParTest.o
 .debug_frame   0x0000314c       0xdc src/rtt_test0.o
 .debug_frame   0x00003228       0x2c c:/program files (x86)/atmel/atmel toolchain/arm gcc/native/4.8.1437/arm-gnu-toolchain/bin/../lib/gcc/arm-none-eabi/4.8.4/../../../../arm-none-eabi/lib/armv7-m\libc.a(lib_a-init.o)
 .debug_frame   0x00003254       0x2c c:/program files (x86)/atmel/atmel toolchain/arm gcc/native/4.8.1437/arm-gnu-toolchain/bin/../lib/gcc/arm-none-eabi/4.8.4/../../../../arm-none-eabi/lib/armv7-m\libc.a(lib_a-memcmp.o)
 .debug_frame   0x00003280       0x48 c:/program files (x86)/atmel/atmel toolchain/arm gcc/native/4.8.1437/arm-gnu-toolchain/bin/../lib/gcc/arm-none-eabi/4.8.4/../../../../arm-none-eabi/lib/armv7-m\libc.a(lib_a-__call_atexit.o)
 .debug_frame   0x000032c8       0x20 c:/program files (x86)/atmel/atmel toolchain/arm gcc/native/4.8.1437/arm-gnu-toolchain/bin/../lib/gcc/arm-none-eabi/4.8.4/../../../../arm-none-eabi/lib/armv7-m\libc.a(lib_a-atexit.o)
 .debug_frame   0x000032e8       0x2c c:/program files (x86)/atmel/atmel toolchain/arm gcc/native/4.8.1437/arm-gnu-toolchain/bin/../lib/gcc/arm-none-eabi/4.8.4/../../../../arm-none-eabi/lib/armv7-m\libc.a(lib_a-fini.o)
 .debug_frame   0x00003314       0x30 c:/program files (x86)/atmel/atmel toolchain/arm gcc/native/4.8.1437/arm-gnu-toolchain/bin/../lib/gcc/arm-none-eabi/4.8.4/../../../../arm-none-eabi/lib/armv7-m\libc.a(lib_a-__atexit.o)

Cross Reference Table

Symbol                                            File
ADC_Handler                                       src/asf/sam/utils/cmsis/sam3x/source/templates/exceptions.o
                                                  src/asf/sam/utils/cmsis/sam3x/source/templates/gcc/startup_sam3x.o
BusFault_Handler                                  src/asf/sam/utils/cmsis/sam3x/source/templates/exceptions.o
                                                  src/asf/sam/utils/cmsis/sam3x/source/templates/gcc/startup_sam3x.o
CAN0_Handler                                      src/can_func.o
                                                  src/asf/sam/utils/cmsis/sam3x/source/templates/exceptions.o
                                                  src/asf/sam/utils/cmsis/sam3x/source/templates/gcc/startup_sam3x.o
CAN1_Handler                                      src/can_func.o
                                                  src/asf/sam/utils/cmsis/sam3x/source/templates/exceptions.o
                                                  src/asf/sam/utils/cmsis/sam3x/source/templates/gcc/startup_sam3x.o
DACC_Handler                                      src/asf/sam/utils/cmsis/sam3x/source/templates/exceptions.o
                                                  src/asf/sam/utils/cmsis/sam3x/source/templates/gcc/startup_sam3x.o
DMAC_Handler                                      src/asf/sam/utils/cmsis/sam3x/source/templates/exceptions.o
                                                  src/asf/sam/utils/cmsis/sam3x/source/templates/gcc/startup_sam3x.o
DebugMon_Handler                                  src/asf/sam/utils/cmsis/sam3x/source/templates/exceptions.o
                                                  src/asf/sam/utils/cmsis/sam3x/source/templates/gcc/startup_sam3x.o
Dummy_Handler                                     src/asf/sam/utils/cmsis/sam3x/source/templates/exceptions.o
EFC0_Handler                                      src/asf/sam/utils/cmsis/sam3x/source/templates/exceptions.o
                                                  src/asf/sam/utils/cmsis/sam3x/source/templates/gcc/startup_sam3x.o
EFC1_Handler                                      src/asf/sam/utils/cmsis/sam3x/source/templates/exceptions.o
                                                  src/asf/sam/utils/cmsis/sam3x/source/templates/gcc/startup_sam3x.o
EMAC_Handler                                      src/asf/sam/utils/cmsis/sam3x/source/templates/exceptions.o
                                                  src/asf/sam/utils/cmsis/sam3x/source/templates/gcc/startup_sam3x.o
HSMCI_Handler                                     src/asf/sam/utils/cmsis/sam3x/source/templates/exceptions.o
                                                  src/asf/sam/utils/cmsis/sam3x/source/templates/gcc/startup_sam3x.o
HardFault_Handler                                 src/asf/sam/utils/cmsis/sam3x/source/templates/exceptions.o
                                                  src/asf/sam/utils/cmsis/sam3x/source/templates/gcc/startup_sam3x.o
MemManage_Handler                                 src/asf/sam/utils/cmsis/sam3x/source/templates/exceptions.o
                                                  src/asf/sam/utils/cmsis/sam3x/source/templates/gcc/startup_sam3x.o
NMI_Handler                                       src/asf/sam/utils/cmsis/sam3x/source/templates/exceptions.o
                                                  src/asf/sam/utils/cmsis/sam3x/source/templates/gcc/startup_sam3x.o
PIOA_Handler                                      src/asf/sam/drivers/pio/pio_handler.o
                                                  src/asf/sam/utils/cmsis/sam3x/source/templates/gcc/startup_sam3x.o
PIOB_Handler                                      src/asf/sam/drivers/pio/pio_handler.o
                                                  src/asf/sam/utils/cmsis/sam3x/source/templates/gcc/startup_sam3x.o
PIOC_Handler                                      src/asf/sam/drivers/pio/pio_handler.o
                                                  src/asf/sam/utils/cmsis/sam3x/source/templates/gcc/startup_sam3x.o
PIOD_Handler                                      src/asf/sam/drivers/pio/pio_handler.o
                                                  src/asf/sam/utils/cmsis/sam3x/source/templates/gcc/startup_sam3x.o
PMC_Handler                                       src/asf/sam/utils/cmsis/sam3x/source/templates/exceptions.o
                                                  src/asf/sam/utils/cmsis/sam3x/source/templates/gcc/startup_sam3x.o
PWM_Handler                                       src/asf/sam/utils/cmsis/sam3x/source/templates/exceptions.o
                                                  src/asf/sam/utils/cmsis/sam3x/source/templates/gcc/startup_sam3x.o
PendSV_Handler                                    src/asf/thirdparty/FreeRTOS/portable/GCC/ARM_CM3/port.o
                                                  src/asf/sam/utils/cmsis/sam3x/source/templates/exceptions.o
                                                  src/asf/sam/utils/cmsis/sam3x/source/templates/gcc/startup_sam3x.o
RSTC_Handler                                      src/asf/sam/utils/cmsis/sam3x/source/templates/exceptions.o
                                                  src/asf/sam/utils/cmsis/sam3x/source/templates/gcc/startup_sam3x.o
RTC_Handler                                       src/asf/sam/utils/cmsis/sam3x/source/templates/exceptions.o
                                                  src/asf/sam/utils/cmsis/sam3x/source/templates/gcc/startup_sam3x.o
RTT_Handler                                       src/rtt_test0.o
                                                  src/asf/sam/utils/cmsis/sam3x/source/templates/exceptions.o
                                                  src/asf/sam/utils/cmsis/sam3x/source/templates/gcc/startup_sam3x.o
Reset_Handler                                     src/asf/sam/utils/cmsis/sam3x/source/templates/gcc/startup_sam3x.o
SMC_Handler                                       src/asf/sam/utils/cmsis/sam3x/source/templates/exceptions.o
                                                  src/asf/sam/utils/cmsis/sam3x/source/templates/gcc/startup_sam3x.o
SPI0_Handler                                      src/asf/sam/utils/cmsis/sam3x/source/templates/exceptions.o
                                                  src/asf/sam/utils/cmsis/sam3x/source/templates/gcc/startup_sam3x.o
SSC_Handler                                       src/asf/sam/utils/cmsis/sam3x/source/templates/exceptions.o
                                                  src/asf/sam/utils/cmsis/sam3x/source/templates/gcc/startup_sam3x.o
SUPC_Handler                                      src/asf/sam/utils/cmsis/sam3x/source/templates/exceptions.o
                                                  src/asf/sam/utils/cmsis/sam3x/source/templates/gcc/startup_sam3x.o
SVC_Handler                                       src/asf/thirdparty/FreeRTOS/portable/GCC/ARM_CM3/port.o
                                                  src/asf/sam/utils/cmsis/sam3x/source/templates/exceptions.o
                                                  src/asf/sam/utils/cmsis/sam3x/source/templates/gcc/startup_sam3x.o
SysTick_Handler                                   src/asf/thirdparty/FreeRTOS/portable/GCC/ARM_CM3/port.o
                                                  src/asf/sam/utils/cmsis/sam3x/source/templates/exceptions.o
                                                  src/asf/sam/utils/cmsis/sam3x/source/templates/gcc/startup_sam3x.o
SystemCoreClock                                   src/asf/sam/utils/cmsis/sam3x/source/templates/system_sam3x.o
                                                  src/asf/thirdparty/FreeRTOS/portable/GCC/ARM_CM3/port.o
SystemCoreClockUpdate                             src/asf/sam/utils/cmsis/sam3x/source/templates/system_sam3x.o
                                                  src/asf/common/services/clock/sam3x/sysclk.o
SystemInit                                        src/asf/sam/utils/cmsis/sam3x/source/templates/system_sam3x.o
TC0_Handler                                       src/usart_serial_example_pdc.o
                                                  src/asf/sam/utils/cmsis/sam3x/source/templates/gcc/startup_sam3x.o
TC1_Handler                                       src/asf/sam/utils/cmsis/sam3x/source/templates/exceptions.o
                                                  src/asf/sam/utils/cmsis/sam3x/source/templates/gcc/startup_sam3x.o
TC2_Handler                                       src/asf/sam/utils/cmsis/sam3x/source/templates/exceptions.o
                                                  src/asf/sam/utils/cmsis/sam3x/source/templates/gcc/startup_sam3x.o
TC3_Handler                                       src/asf/sam/utils/cmsis/sam3x/source/templates/exceptions.o
                                                  src/asf/sam/utils/cmsis/sam3x/source/templates/gcc/startup_sam3x.o
TC4_Handler                                       src/asf/sam/utils/cmsis/sam3x/source/templates/exceptions.o
                                                  src/asf/sam/utils/cmsis/sam3x/source/templates/gcc/startup_sam3x.o
TC5_Handler                                       src/asf/sam/utils/cmsis/sam3x/source/templates/exceptions.o
                                                  src/asf/sam/utils/cmsis/sam3x/source/templates/gcc/startup_sam3x.o
TC6_Handler                                       src/asf/sam/utils/cmsis/sam3x/source/templates/exceptions.o
                                                  src/asf/sam/utils/cmsis/sam3x/source/templates/gcc/startup_sam3x.o
TC7_Handler                                       src/asf/sam/utils/cmsis/sam3x/source/templates/exceptions.o
                                                  src/asf/sam/utils/cmsis/sam3x/source/templates/gcc/startup_sam3x.o
TC8_Handler                                       src/asf/sam/utils/cmsis/sam3x/source/templates/exceptions.o
                                                  src/asf/sam/utils/cmsis/sam3x/source/templates/gcc/startup_sam3x.o
TRNG_Handler                                      src/asf/sam/utils/cmsis/sam3x/source/templates/exceptions.o
                                                  src/asf/sam/utils/cmsis/sam3x/source/templates/gcc/startup_sam3x.o
TWI0_Handler                                      src/asf/sam/utils/cmsis/sam3x/source/templates/exceptions.o
                                                  src/asf/sam/utils/cmsis/sam3x/source/templates/gcc/startup_sam3x.o
TWI1_Handler                                      src/asf/sam/utils/cmsis/sam3x/source/templates/exceptions.o
                                                  src/asf/sam/utils/cmsis/sam3x/source/templates/gcc/startup_sam3x.o
UART_Handler                                      src/asf/sam/utils/cmsis/sam3x/source/templates/exceptions.o
                                                  src/asf/sam/utils/cmsis/sam3x/source/templates/gcc/startup_sam3x.o
UOTGHS_Handler                                    src/asf/sam/utils/cmsis/sam3x/source/templates/exceptions.o
                                                  src/asf/sam/utils/cmsis/sam3x/source/templates/gcc/startup_sam3x.o
USART0_Handler                                    src/usart_serial_example_pdc.o
                                                  src/asf/sam/utils/cmsis/sam3x/source/templates/gcc/startup_sam3x.o
USART1_Handler                                    src/asf/sam/utils/cmsis/sam3x/source/templates/exceptions.o
                                                  src/asf/sam/utils/cmsis/sam3x/source/templates/gcc/startup_sam3x.o
USART2_Handler                                    src/asf/sam/utils/cmsis/sam3x/source/templates/exceptions.o
                                                  src/asf/sam/utils/cmsis/sam3x/source/templates/gcc/startup_sam3x.o
USART3_Handler                                    src/asf/sam/utils/cmsis/sam3x/source/templates/exceptions.o
                                                  src/asf/sam/utils/cmsis/sam3x/source/templates/gcc/startup_sam3x.o
UsageFault_Handler                                src/asf/sam/utils/cmsis/sam3x/source/templates/exceptions.o
                                                  src/asf/sam/utils/cmsis/sam3x/source/templates/gcc/startup_sam3x.o
WDT_Handler                                       src/main.o
                                                  src/asf/sam/utils/cmsis/sam3x/source/templates/exceptions.o
                                                  src/asf/sam/utils/cmsis/sam3x/source/templates/gcc/startup_sam3x.o
_Jv_RegisterClasses                               c:/program files (x86)/atmel/atmel toolchain/arm gcc/native/4.8.1437/arm-gnu-toolchain/bin/../lib/gcc/arm-none-eabi/4.8.4/armv7-m/crtbegin.o
__bss_end__                                       c:/program files (x86)/atmel/atmel toolchain/arm gcc/native/4.8.1437/arm-gnu-toolchain/bin/../lib/gcc/arm-none-eabi/4.8.4/../../../../arm-none-eabi/lib/armv7-m/crt0.o
__bss_start__                                     c:/program files (x86)/atmel/atmel toolchain/arm gcc/native/4.8.1437/arm-gnu-toolchain/bin/../lib/gcc/arm-none-eabi/4.8.4/../../../../arm-none-eabi/lib/armv7-m/crt0.o
__call_exitprocs                                  c:/program files (x86)/atmel/atmel toolchain/arm gcc/native/4.8.1437/arm-gnu-toolchain/bin/../lib/gcc/arm-none-eabi/4.8.4/../../../../arm-none-eabi/lib/armv7-m\libc.a(lib_a-__call_atexit.o)
                                                  c:/program files (x86)/atmel/atmel toolchain/arm gcc/native/4.8.1437/arm-gnu-toolchain/bin/../lib/gcc/arm-none-eabi/4.8.4/../../../../arm-none-eabi/lib/armv7-m\libc.a(lib_a-exit.o)
__deregister_frame_info                           c:/program files (x86)/atmel/atmel toolchain/arm gcc/native/4.8.1437/arm-gnu-toolchain/bin/../lib/gcc/arm-none-eabi/4.8.4/armv7-m/crtbegin.o
__dso_handle                                      c:/program files (x86)/atmel/atmel toolchain/arm gcc/native/4.8.1437/arm-gnu-toolchain/bin/../lib/gcc/arm-none-eabi/4.8.4/armv7-m/crtbegin.o
__fini_array_end                                  c:/program files (x86)/atmel/atmel toolchain/arm gcc/native/4.8.1437/arm-gnu-toolchain/bin/../lib/gcc/arm-none-eabi/4.8.4/../../../../arm-none-eabi/lib/armv7-m\libc.a(lib_a-fini.o)
__fini_array_start                                c:/program files (x86)/atmel/atmel toolchain/arm gcc/native/4.8.1437/arm-gnu-toolchain/bin/../lib/gcc/arm-none-eabi/4.8.4/../../../../arm-none-eabi/lib/armv7-m\libc.a(lib_a-fini.o)
__init_array_end                                  c:/program files (x86)/atmel/atmel toolchain/arm gcc/native/4.8.1437/arm-gnu-toolchain/bin/../lib/gcc/arm-none-eabi/4.8.4/../../../../arm-none-eabi/lib/armv7-m\libc.a(lib_a-init.o)
__init_array_start                                c:/program files (x86)/atmel/atmel toolchain/arm gcc/native/4.8.1437/arm-gnu-toolchain/bin/../lib/gcc/arm-none-eabi/4.8.4/../../../../arm-none-eabi/lib/armv7-m\libc.a(lib_a-init.o)
__libc_fini                                       c:/program files (x86)/atmel/atmel toolchain/arm gcc/native/4.8.1437/arm-gnu-toolchain/bin/../lib/gcc/arm-none-eabi/4.8.4/../../../../arm-none-eabi/lib/armv7-m\libc.a(lib_a-__call_atexit.o)
__libc_fini_array                                 c:/program files (x86)/atmel/atmel toolchain/arm gcc/native/4.8.1437/arm-gnu-toolchain/bin/../lib/gcc/arm-none-eabi/4.8.4/../../../../arm-none-eabi/lib/armv7-m\libc.a(lib_a-fini.o)
                                                  c:/program files (x86)/atmel/atmel toolchain/arm gcc/native/4.8.1437/arm-gnu-toolchain/bin/../lib/gcc/arm-none-eabi/4.8.4/../../../../arm-none-eabi/lib/armv7-m\libc.a(lib_a-__call_atexit.o)
                                                  c:/program files (x86)/atmel/atmel toolchain/arm gcc/native/4.8.1437/arm-gnu-toolchain/bin/../lib/gcc/arm-none-eabi/4.8.4/../../../../arm-none-eabi/lib/armv7-m/crt0.o
__libc_init_array                                 c:/program files (x86)/atmel/atmel toolchain/arm gcc/native/4.8.1437/arm-gnu-toolchain/bin/../lib/gcc/arm-none-eabi/4.8.4/../../../../arm-none-eabi/lib/armv7-m\libc.a(lib_a-init.o)
                                                  src/asf/sam/utils/cmsis/sam3x/source/templates/gcc/startup_sam3x.o
                                                  c:/program files (x86)/atmel/atmel toolchain/arm gcc/native/4.8.1437/arm-gnu-toolchain/bin/../lib/gcc/arm-none-eabi/4.8.4/../../../../arm-none-eabi/lib/armv7-m/crt0.o
__preinit_array_end                               c:/program files (x86)/atmel/atmel toolchain/arm gcc/native/4.8.1437/arm-gnu-toolchain/bin/../lib/gcc/arm-none-eabi/4.8.4/../../../../arm-none-eabi/lib/armv7-m\libc.a(lib_a-init.o)
__preinit_array_start                             c:/program files (x86)/atmel/atmel toolchain/arm gcc/native/4.8.1437/arm-gnu-toolchain/bin/../lib/gcc/arm-none-eabi/4.8.4/../../../../arm-none-eabi/lib/armv7-m\libc.a(lib_a-init.o)
__register_exitproc                               c:/program files (x86)/atmel/atmel toolchain/arm gcc/native/4.8.1437/arm-gnu-toolchain/bin/../lib/gcc/arm-none-eabi/4.8.4/../../../../arm-none-eabi/lib/armv7-m\libc.a(lib_a-__atexit.o)
                                                  c:/program files (x86)/atmel/atmel toolchain/arm gcc/native/4.8.1437/arm-gnu-toolchain/bin/../lib/gcc/arm-none-eabi/4.8.4/../../../../arm-none-eabi/lib/armv7-m\libc.a(lib_a-atexit.o)
__register_frame_info                             c:/program files (x86)/atmel/atmel toolchain/arm gcc/native/4.8.1437/arm-gnu-toolchain/bin/../lib/gcc/arm-none-eabi/4.8.4/armv7-m/crtbegin.o
__stack                                           c:/program files (x86)/atmel/atmel toolchain/arm gcc/native/4.8.1437/arm-gnu-toolchain/bin/../lib/gcc/arm-none-eabi/4.8.4/../../../../arm-none-eabi/lib/armv7-m/crt0.o
_erelocate                                        src/asf/sam/utils/cmsis/sam3x/source/templates/gcc/startup_sam3x.o
_estack                                           src/asf/sam/utils/cmsis/sam3x/source/templates/gcc/startup_sam3x.o
_etext                                            src/asf/sam/utils/cmsis/sam3x/source/templates/gcc/startup_sam3x.o
_exit                                             c:/program files (x86)/atmel/atmel toolchain/arm gcc/native/4.8.1437/arm-gnu-toolchain/bin/../lib/gcc/arm-none-eabi/4.8.4/../../../../arm-none-eabi/lib/armv7-m\libc.a(lib_a-exit.o)
_ezero                                            src/asf/sam/utils/cmsis/sam3x/source/templates/gcc/startup_sam3x.o
_fini                                             c:/program files (x86)/atmel/atmel toolchain/arm gcc/native/4.8.1437/arm-gnu-toolchain/bin/../lib/gcc/arm-none-eabi/4.8.4/armv7-m/crti.o
                                                  c:/program files (x86)/atmel/atmel toolchain/arm gcc/native/4.8.1437/arm-gnu-toolchain/bin/../lib/gcc/arm-none-eabi/4.8.4/../../../../arm-none-eabi/lib/armv7-m\libc.a(lib_a-fini.o)
_global_impure_ptr                                c:/program files (x86)/atmel/atmel toolchain/arm gcc/native/4.8.1437/arm-gnu-toolchain/bin/../lib/gcc/arm-none-eabi/4.8.4/../../../../arm-none-eabi/lib/armv7-m\libc.a(lib_a-impure.o)
                                                  c:/program files (x86)/atmel/atmel toolchain/arm gcc/native/4.8.1437/arm-gnu-toolchain/bin/../lib/gcc/arm-none-eabi/4.8.4/../../../../arm-none-eabi/lib/armv7-m\libc.a(lib_a-__atexit.o)
                                                  c:/program files (x86)/atmel/atmel toolchain/arm gcc/native/4.8.1437/arm-gnu-toolchain/bin/../lib/gcc/arm-none-eabi/4.8.4/../../../../arm-none-eabi/lib/armv7-m\libc.a(lib_a-__call_atexit.o)
                                                  c:/program files (x86)/atmel/atmel toolchain/arm gcc/native/4.8.1437/arm-gnu-toolchain/bin/../lib/gcc/arm-none-eabi/4.8.4/../../../../arm-none-eabi/lib/armv7-m\libc.a(lib_a-exit.o)
_impure_ptr                                       c:/program files (x86)/atmel/atmel toolchain/arm gcc/native/4.8.1437/arm-gnu-toolchain/bin/../lib/gcc/arm-none-eabi/4.8.4/../../../../arm-none-eabi/lib/armv7-m\libc.a(lib_a-impure.o)
_init                                             c:/program files (x86)/atmel/atmel toolchain/arm gcc/native/4.8.1437/arm-gnu-toolchain/bin/../lib/gcc/arm-none-eabi/4.8.4/armv7-m/crti.o
                                                  c:/program files (x86)/atmel/atmel toolchain/arm gcc/native/4.8.1437/arm-gnu-toolchain/bin/../lib/gcc/arm-none-eabi/4.8.4/../../../../arm-none-eabi/lib/armv7-m\libc.a(lib_a-init.o)
_mainCRTStartup                                   c:/program files (x86)/atmel/atmel toolchain/arm gcc/native/4.8.1437/arm-gnu-toolchain/bin/../lib/gcc/arm-none-eabi/4.8.4/../../../../arm-none-eabi/lib/armv7-m/crt0.o
_read                                             src/asf/common/utils/stdio/read.o
_sfixed                                           src/asf/sam/utils/cmsis/sam3x/source/templates/gcc/startup_sam3x.o
_srelocate                                        src/asf/sam/utils/cmsis/sam3x/source/templates/gcc/startup_sam3x.o
_start                                            c:/program files (x86)/atmel/atmel toolchain/arm gcc/native/4.8.1437/arm-gnu-toolchain/bin/../lib/gcc/arm-none-eabi/4.8.4/../../../../arm-none-eabi/lib/armv7-m/crt0.o
_szero                                            src/asf/sam/utils/cmsis/sam3x/source/templates/gcc/startup_sam3x.o
_write                                            src/asf/common/utils/stdio/write.o
atexit                                            c:/program files (x86)/atmel/atmel toolchain/arm gcc/native/4.8.1437/arm-gnu-toolchain/bin/../lib/gcc/arm-none-eabi/4.8.4/../../../../arm-none-eabi/lib/armv7-m\libc.a(lib_a-atexit.o)
                                                  c:/program files (x86)/atmel/atmel toolchain/arm gcc/native/4.8.1437/arm-gnu-toolchain/bin/../lib/gcc/arm-none-eabi/4.8.4/../../../../arm-none-eabi/lib/armv7-m\libc.a(lib_a-__call_atexit.o)
                                                  c:/program files (x86)/atmel/atmel toolchain/arm gcc/native/4.8.1437/arm-gnu-toolchain/bin/../lib/gcc/arm-none-eabi/4.8.4/../../../../arm-none-eabi/lib/armv7-m/crt0.o
board_init                                        src/asf/sam/boards/sam3x_ek/init.o
                                                  src/main.o
                                                  src/usart_serial_example_pdc.o
can0_mailbox                                      src/main.o
                                                  src/housekeep_test.o
                                                  src/can_func.o
                                                  src/stk600_test0.o
                                                  src/housekeep_test2.o
                                                  src/command_test.o
can0_transceiver                                  src/main.o
                                                  src/housekeep_test.o
                                                  src/can_func.o
                                                  src/stk600_test0.o
                                                  src/housekeep_test2.o
                                                  src/command_test.o
can1_mailbox                                      src/main.o
                                                  src/housekeep_test.o
                                                  src/can_func.o
                                                  src/stk600_test0.o
                                                  src/housekeep_test2.o
                                                  src/command_test.o
can1_transceiver                                  src/main.o
                                                  src/housekeep_test.o
                                                  src/can_func.o
                                                  src/stk600_test0.o
                                                  src/housekeep_test2.o
                                                  src/command_test.o
can_bit_time                                      src/asf/sam/drivers/can/can.o
can_disable                                       src/asf/sam/drivers/can/can.o
can_disable_autobaud_listen_mode                  src/asf/sam/drivers/can/can.o
can_disable_interrupt                             src/asf/sam/drivers/can/can.o
                                                  src/can_func.o
can_disable_low_power_mode                        src/asf/sam/drivers/can/can.o
can_disable_overload_frame                        src/asf/sam/drivers/can/can.o
can_disable_time_triggered_mode                   src/asf/sam/drivers/can/can.o
can_disable_timer_freeze                          src/asf/sam/drivers/can/can.o
can_disable_tx_repeat                             src/asf/sam/drivers/can/can.o
can_enable                                        src/asf/sam/drivers/can/can.o
can_enable_autobaud_listen_mode                   src/asf/sam/drivers/can/can.o
can_enable_interrupt                              src/asf/sam/drivers/can/can.o
                                                  src/housekeep_test.o
                                                  src/can_func.o
                                                  src/stk600_test0.o
can_enable_low_power_mode                         src/asf/sam/drivers/can/can.o
can_enable_overload_frame                         src/asf/sam/drivers/can/can.o
can_enable_time_triggered_mode                    src/asf/sam/drivers/can/can.o
can_enable_timer_freeze                           src/asf/sam/drivers/can/can.o
can_enable_tx_repeat                              src/asf/sam/drivers/can/can.o
can_get_internal_timer_value                      src/asf/sam/drivers/can/can.o
can_get_interrupt_mask                            src/asf/sam/drivers/can/can.o
can_get_rx_error_cnt                              src/asf/sam/drivers/can/can.o
can_get_status                                    src/asf/sam/drivers/can/can.o
                                                  src/can_func.o
can_get_timestamp_value                           src/asf/sam/drivers/can/can.o
can_get_tx_error_cnt                              src/asf/sam/drivers/can/can.o
can_global_send_abort_cmd                         src/asf/sam/drivers/can/can.o
can_global_send_transfer_cmd                      src/asf/sam/drivers/can/can.o
                                                  src/housekeep_test.o
                                                  src/can_func.o
                                                  src/stk600_test0.o
can_init                                          src/asf/sam/drivers/can/can.o
                                                  src/can_func.o
can_init_mailboxes                                src/can_func.o
can_initialize                                    src/can_func.o
                                                  src/main.o
can_mailbox_get_status                            src/asf/sam/drivers/can/can.o
                                                  src/can_func.o
can_mailbox_init                                  src/asf/sam/drivers/can/can.o
                                                  src/housekeep_test.o
                                                  src/can_func.o