Archive member included because of file (symbol)

c:/program files (x86)/atmel/atmel toolchain/arm gcc/native/4.8.1437/arm-gnu-toolchain/bin/../lib/gcc/arm-none-eabi/4.8.4/../../../../arm-none-eabi/lib/armv7-m\libc.a(lib_a-exit.o)
                              c:/program files (x86)/atmel/atmel toolchain/arm gcc/native/4.8.1437/arm-gnu-toolchain/bin/../lib/gcc/arm-none-eabi/4.8.4/../../../../arm-none-eabi/lib/armv7-m/crt0.o (exit)
c:/program files (x86)/atmel/atmel toolchain/arm gcc/native/4.8.1437/arm-gnu-toolchain/bin/../lib/gcc/arm-none-eabi/4.8.4/../../../../arm-none-eabi/lib/armv7-m\libc.a(lib_a-impure.o)
                              c:/program files (x86)/atmel/atmel toolchain/arm gcc/native/4.8.1437/arm-gnu-toolchain/bin/../lib/gcc/arm-none-eabi/4.8.4/../../../../arm-none-eabi/lib/armv7-m\libc.a(lib_a-exit.o) (_global_impure_ptr)
c:/program files (x86)/atmel/atmel toolchain/arm gcc/native/4.8.1437/arm-gnu-toolchain/bin/../lib/gcc/arm-none-eabi/4.8.4/../../../../arm-none-eabi/lib/armv7-m\libc.a(lib_a-init.o)
                              c:/program files (x86)/atmel/atmel toolchain/arm gcc/native/4.8.1437/arm-gnu-toolchain/bin/../lib/gcc/arm-none-eabi/4.8.4/../../../../arm-none-eabi/lib/armv7-m/crt0.o (__libc_init_array)
c:/program files (x86)/atmel/atmel toolchain/arm gcc/native/4.8.1437/arm-gnu-toolchain/bin/../lib/gcc/arm-none-eabi/4.8.4/../../../../arm-none-eabi/lib/armv7-m\libc.a(lib_a-memcmp.o)
                              src/asf/thirdparty/FreeRTOS/tasks.o (memcmp)
c:/program files (x86)/atmel/atmel toolchain/arm gcc/native/4.8.1437/arm-gnu-toolchain/bin/../lib/gcc/arm-none-eabi/4.8.4/../../../../arm-none-eabi/lib/armv7-m\libc.a(lib_a-memcpy.o)
                              src/asf/thirdparty/FreeRTOS/queue.o (memcpy)
c:/program files (x86)/atmel/atmel toolchain/arm gcc/native/4.8.1437/arm-gnu-toolchain/bin/../lib/gcc/arm-none-eabi/4.8.4/../../../../arm-none-eabi/lib/armv7-m\libc.a(lib_a-memset.o)
                              c:/program files (x86)/atmel/atmel toolchain/arm gcc/native/4.8.1437/arm-gnu-toolchain/bin/../lib/gcc/arm-none-eabi/4.8.4/../../../../arm-none-eabi/lib/armv7-m/crt0.o (memset)
c:/program files (x86)/atmel/atmel toolchain/arm gcc/native/4.8.1437/arm-gnu-toolchain/bin/../lib/gcc/arm-none-eabi/4.8.4/../../../../arm-none-eabi/lib/armv7-m\libc.a(lib_a-__call_atexit.o)
                              c:/program files (x86)/atmel/atmel toolchain/arm gcc/native/4.8.1437/arm-gnu-toolchain/bin/../lib/gcc/arm-none-eabi/4.8.4/../../../../arm-none-eabi/lib/armv7-m\libc.a(lib_a-exit.o) (__call_exitprocs)
c:/program files (x86)/atmel/atmel toolchain/arm gcc/native/4.8.1437/arm-gnu-toolchain/bin/../lib/gcc/arm-none-eabi/4.8.4/../../../../arm-none-eabi/lib/armv7-m\libc.a(lib_a-atexit.o)
                              c:/program files (x86)/atmel/atmel toolchain/arm gcc/native/4.8.1437/arm-gnu-toolchain/bin/../lib/gcc/arm-none-eabi/4.8.4/../../../../arm-none-eabi/lib/armv7-m\libc.a(lib_a-__call_atexit.o) (atexit)
c:/program files (x86)/atmel/atmel toolchain/arm gcc/native/4.8.1437/arm-gnu-toolchain/bin/../lib/gcc/arm-none-eabi/4.8.4/../../../../arm-none-eabi/lib/armv7-m\libc.a(lib_a-fini.o)
                              c:/program files (x86)/atmel/atmel toolchain/arm gcc/native/4.8.1437/arm-gnu-toolchain/bin/../lib/gcc/arm-none-eabi/4.8.4/../../../../arm-none-eabi/lib/armv7-m\libc.a(lib_a-__call_atexit.o) (__libc_fini_array)
c:/program files (x86)/atmel/atmel toolchain/arm gcc/native/4.8.1437/arm-gnu-toolchain/bin/../lib/gcc/arm-none-eabi/4.8.4/../../../../arm-none-eabi/lib/armv7-m\libc.a(lib_a-__atexit.o)
                              c:/program files (x86)/atmel/atmel toolchain/arm gcc/native/4.8.1437/arm-gnu-toolchain/bin/../lib/gcc/arm-none-eabi/4.8.4/../../../../arm-none-eabi/lib/armv7-m\libc.a(lib_a-atexit.o) (__register_exitproc)

Allocating common symbols
Common symbol       size              file

ptr_get             0x4               src/asf/common/utils/stdio/read.o
can1_mailbox        0x20              src/can_test0.o
can1_transceiver    0x8               src/can_test0.o
ptr_put             0x4               src/asf/common/utils/stdio/write.o
stdio_base          0x4               src/asf/common/utils/stdio/write.o
can0_mailbox        0x20              src/can_test0.o
xCreatedTask        0x4               src/Common-Demo-Source/death.o
xSuspendedTestQueue
                    0x4               src/Common-Demo-Source/dynamic.o
can0_transceiver    0x8               src/can_test0.o

Discarded input sections

 .text          0x00000000        0x0 c:/program files (x86)/atmel/atmel toolchain/arm gcc/native/4.8.1437/arm-gnu-toolchain/bin/../lib/gcc/arm-none-eabi/4.8.4/armv7-m/crti.o
 .data          0x00000000        0x0 c:/program files (x86)/atmel/atmel toolchain/arm gcc/native/4.8.1437/arm-gnu-toolchain/bin/../lib/gcc/arm-none-eabi/4.8.4/armv7-m/crti.o
[...]
Memory Configuration

Name             Origin             Length             Attributes
rom              0x00080000         0x00080000         xr
sram0            0x20000000         0x00010000         xrw
sram1            0x20080000         0x00008000         xrw
ram              0x20070000         0x00018000         xrw
*default*        0x00000000         0xffffffff

Linker script and memory map

LOAD c:/program files (x86)/atmel/atmel toolchain/arm gcc/native/4.8.1437/arm-gnu-toolchain/bin/../lib/gcc/arm-none-eabi/4.8.4/armv7-m/crti.o
LOAD c:/program files (x86)/atmel/atmel toolchain/arm gcc/native/4.8.1437/arm-gnu-toolchain/bin/../lib/gcc/arm-none-eabi/4.8.4/armv7-m/crtbegin.o
LOAD c:/program files (x86)/atmel/atmel toolchain/arm gcc/native/4.8.1437/arm-gnu-toolchain/bin/../lib/gcc/arm-none-eabi/4.8.4/../../../../arm-none-eabi/lib/armv7-m/crt0.o
LOAD src/asf/common/services/clock/sam3x/sysclk.o
LOAD src/asf/common/utils/interrupt/interrupt_sam_nvic.o
LOAD src/asf/common/utils/stdio/read.o
LOAD src/asf/common/utils/stdio/write.o
LOAD src/asf/sam/boards/sam3x_ek/init.o
LOAD src/asf/sam/components/can/sn65hvd234.o
LOAD src/asf/sam/drivers/can/can.o
LOAD src/asf/sam/drivers/pio/pio.o
LOAD src/asf/sam/drivers/pio/pio_handler.o
LOAD src/asf/sam/drivers/pmc/pmc.o
LOAD src/asf/sam/drivers/usart/usart.o
LOAD src/asf/sam/drivers/wdt/wdt.o
LOAD src/asf/sam/utils/cmsis/sam3x/source/templates/exceptions.o
LOAD src/asf/sam/utils/cmsis/sam3x/source/templates/gcc/startup_sam3x.o
LOAD src/asf/sam/utils/cmsis/sam3x/source/templates/system_sam3x.o
LOAD src/asf/thirdparty/FreeRTOS/list.o
LOAD src/asf/thirdparty/FreeRTOS/portable/GCC/ARM_CM3/port.o
LOAD src/asf/thirdparty/FreeRTOS/portable/MemMang/heap_4.o
LOAD src/asf/thirdparty/FreeRTOS/queue.o
LOAD src/asf/thirdparty/FreeRTOS/tasks.o
LOAD src/asf/thirdparty/FreeRTOS/timers.o
LOAD src/can_test0.o
LOAD src/Common-Demo-Source/BlockQ.o
LOAD src/Common-Demo-Source/blocktim.o
LOAD src/Common-Demo-Source/comtest.o
LOAD src/Common-Demo-Source/countsem.o
LOAD src/Common-Demo-Source/death.o
LOAD src/Common-Demo-Source/dynamic.o
LOAD src/Common-Demo-Source/flash_timer.o
LOAD src/Common-Demo-Source/GenQTest.o
LOAD src/Common-Demo-Source/integer.o
LOAD src/Common-Demo-Source/PollQ.o
LOAD src/Common-Demo-Source/recmutex.o
LOAD src/Common-Demo-Source/semtest.o
LOAD src/main.o
LOAD src/main_blinky.o
LOAD src/main_full.o
LOAD my_blink.o
LOAD src/ParTest.o
LOAD src/serial.o
START GROUP
END GROUP
START GROUP
LOAD c:/program files (x86)/atmel/atmel toolchain/arm gcc/native/4.8.1437/arm-gnu-toolchain/bin/../lib/gcc/arm-none-eabi/4.8.4/armv7-m\libgcc.a
LOAD c:/program files (x86)/atmel/atmel toolchain/arm gcc/native/4.8.1437/arm-gnu-toolchain/bin/../lib/gcc/arm-none-eabi/4.8.4/../../../../arm-none-eabi/lib/armv7-m\libc.a
END GROUP
LOAD c:/program files (x86)/atmel/atmel toolchain/arm gcc/native/4.8.1437/arm-gnu-toolchain/bin/../lib/gcc/arm-none-eabi/4.8.4/armv7-m/crtend.o
LOAD c:/program files (x86)/atmel/atmel toolchain/arm gcc/native/4.8.1437/arm-gnu-toolchain/bin/../lib/gcc/arm-none-eabi/4.8.4/armv7-m/crtn.o
                0x00002000                STACK_SIZE = 0x2000

.text           0x00080000     0x2ab0
                0x00080000                . = ALIGN (0x4)
                0x00080000                _sfixed = .
 *(.vectors .vectors.*)
 .vectors       0x00080000       0xf4 src/asf/sam/utils/cmsis/sam3x/source/templates/gcc/startup_sam3x.o
                0x00080000                exception_table
 *(.text .text.* .gnu.linkonce.t.*)
 .text          0x000800f4       0x54 c:/program files (x86)/atmel/atmel toolchain/arm gcc/native/4.8.1437/arm-gnu-toolchain/bin/../lib/gcc/arm-none-eabi/4.8.4/armv7-m/crtbegin.o
 .text.osc_enable
                0x00080148       0x80 src/asf/common/services/clock/sam3x/sysclk.o
 .text.osc_is_ready
                0x000801c8       0x70 src/asf/common/services/clock/sam3x/sysclk.o
 .text.osc_get_rate
                0x00080238       0x74 src/asf/common/services/clock/sam3x/sysclk.o
 .text.osc_wait_ready
                0x000802ac       0x2c src/asf/common/services/clock/sam3x/sysclk.o
 .text.pll_config_init
                0x000802d8       0x68 src/asf/common/services/clock/sam3x/sysclk.o
 .text.pll_enable
                0x00080340       0x3c src/asf/common/services/clock/sam3x/sysclk.o
 .text.pll_is_locked
                0x0008037c       0x2c src/asf/common/services/clock/sam3x/sysclk.o
 .text.pll_enable_source
                0x000803a8       0x34 src/asf/common/services/clock/sam3x/sysclk.o
 .text.pll_wait_for_lock
                0x000803dc       0x24 src/asf/common/services/clock/sam3x/sysclk.o
 .text.sysclk_get_main_hz
                0x00080400       0x1c src/asf/common/services/clock/sam3x/sysclk.o
 .text.sysclk_get_cpu_hz
                0x0008041c       0x14 src/asf/common/services/clock/sam3x/sysclk.o
 .text.sysclk_init
                0x00080430       0x68 src/asf/common/services/clock/sam3x/sysclk.o
                0x00080430                sysclk_init
 .text.board_init
                0x00080498       0xd8 src/asf/sam/boards/sam3x_ek/init.o
                0x00080498                board_init
 .text.sn65hvd234_set_rs
                0x00080570       0x1c src/asf/sam/components/can/sn65hvd234.o
                0x00080570                sn65hvd234_set_rs
 .text.sn65hvd234_set_en
                0x0008058c       0x1c src/asf/sam/components/can/sn65hvd234.o
                0x0008058c                sn65hvd234_set_en
 .text.sn65hvd234_enable
                0x000805a8       0x1c src/asf/sam/components/can/sn65hvd234.o
                0x000805a8                sn65hvd234_enable
 .text.sn65hvd234_disable
                0x000805c4       0x1c src/asf/sam/components/can/sn65hvd234.o
                0x000805c4                sn65hvd234_disable
 .text.sn65hvd234_enable_low_power
                0x000805e0       0x1c src/asf/sam/components/can/sn65hvd234.o
                0x000805e0                sn65hvd234_enable_low_power
 .text.sn65hvd234_disable_low_power
                0x000805fc       0x1c src/asf/sam/components/can/sn65hvd234.o
                0x000805fc                sn65hvd234_disable_low_power
 .text.can_set_baudrate
                0x00080618      0x150 src/asf/sam/drivers/can/can.o
 .text.can_init
                0x00080768       0x88 src/asf/sam/drivers/can/can.o
                0x00080768                can_init
 .text.can_enable
                0x000807f0       0x20 src/asf/sam/drivers/can/can.o
                0x000807f0                can_enable
 .text.can_disable
                0x00080810       0x20 src/asf/sam/drivers/can/can.o
                0x00080810                can_disable
 .text.can_enable_interrupt
                0x00080830       0x1c src/asf/sam/drivers/can/can.o
                0x00080830                can_enable_interrupt
 .text.can_disable_interrupt
                0x0008084c       0x1c src/asf/sam/drivers/can/can.o
                0x0008084c                can_disable_interrupt
 .text.can_get_status
                0x00080868       0x18 src/asf/sam/drivers/can/can.o
                0x00080868                can_get_status
 .text.can_global_send_transfer_cmd
                0x00080880       0x2c src/asf/sam/drivers/can/can.o
                0x00080880                can_global_send_transfer_cmd
 .text.can_mailbox_get_status
                0x000808ac       0x28 src/asf/sam/drivers/can/can.o
                0x000808ac                can_mailbox_get_status
 .text.can_mailbox_send_transfer_cmd
                0x000808d4       0x38 src/asf/sam/drivers/can/can.o
                0x000808d4                can_mailbox_send_transfer_cmd
 .text.can_mailbox_init
                0x0008090c      0x120 src/asf/sam/drivers/can/can.o
                0x0008090c                can_mailbox_init
 .text.can_mailbox_read
                0x00080a2c       0xc4 src/asf/sam/drivers/can/can.o
                0x00080a2c                can_mailbox_read
 .text.can_mailbox_write
                0x00080af0       0xb8 src/asf/sam/drivers/can/can.o
                0x00080af0                can_mailbox_write
 .text.can_reset_all_mailbox
                0x00080ba8       0x44 src/asf/sam/drivers/can/can.o
                0x00080ba8                can_reset_all_mailbox
 .text.pio_pull_up
                0x00080bec       0x2c src/asf/sam/drivers/pio/pio.o
                0x00080bec                pio_pull_up
 .text.pio_set_peripheral
                0x00080c18       0x80 src/asf/sam/drivers/pio/pio.o
                0x00080c18                pio_set_peripheral
 .text.pio_set_input
                0x00080c98       0x7c src/asf/sam/drivers/pio/pio.o
                0x00080c98                pio_set_input
 .text.pio_set_output
                0x00080d14       0x64 src/asf/sam/drivers/pio/pio.o
                0x00080d14                pio_set_output
 .text.pio_disable_interrupt
                0x00080d78       0x1c src/asf/sam/drivers/pio/pio.o
                0x00080d78                pio_disable_interrupt
 .text.pio_get_interrupt_status
                0x00080d94       0x18 src/asf/sam/drivers/pio/pio.o
                0x00080d94                pio_get_interrupt_status
 .text.pio_get_interrupt_mask
                0x00080dac       0x18 src/asf/sam/drivers/pio/pio.o
                0x00080dac                pio_get_interrupt_mask
 .text.pio_set_pin_high
                0x00080dc4       0x34 src/asf/sam/drivers/pio/pio.o
                0x00080dc4                pio_set_pin_high
 .text.pio_set_pin_low
                0x00080df8       0x34 src/asf/sam/drivers/pio/pio.o
                0x00080df8                pio_set_pin_low
 .text.pio_toggle_pin
                0x00080e2c       0x60 src/asf/sam/drivers/pio/pio.o
                0x00080e2c                pio_toggle_pin
 .text.pio_configure_pin
                0x00080e8c      0x13c src/asf/sam/drivers/pio/pio.o
                0x00080e8c                pio_configure_pin
 .text.pio_handler_process
                0x00080fc8       0xa4 src/asf/sam/drivers/pio/pio_handler.o
                0x00080fc8                pio_handler_process
 .text.PIOA_Handler
                0x0008106c       0x18 src/asf/sam/drivers/pio/pio_handler.o
                0x0008106c                PIOA_Handler
 .text.PIOB_Handler
                0x00081084       0x18 src/asf/sam/drivers/pio/pio_handler.o
                0x00081084                PIOB_Handler
 .text.PIOC_Handler
                0x0008109c       0x18 src/asf/sam/drivers/pio/pio_handler.o
                0x0008109c                PIOC_Handler
 .text.PIOD_Handler
                0x000810b4       0x18 src/asf/sam/drivers/pio/pio_handler.o
                0x000810b4                PIOD_Handler
 .text.pmc_switch_mck_to_pllack
                0x000810cc       0x84 src/asf/sam/drivers/pmc/pmc.o
                0x000810cc                pmc_switch_mck_to_pllack
 .text.pmc_switch_sclk_to_32kxtal
                0x00081150       0x3c src/asf/sam/drivers/pmc/pmc.o
                0x00081150                pmc_switch_sclk_to_32kxtal
 .text.pmc_osc_is_ready_32kxtal
                0x0008118c       0x34 src/asf/sam/drivers/pmc/pmc.o
                0x0008118c                pmc_osc_is_ready_32kxtal
 .text.pmc_switch_mainck_to_fastrc
                0x000811c0       0xa0 src/asf/sam/drivers/pmc/pmc.o
                0x000811c0                pmc_switch_mainck_to_fastrc
 .text.pmc_switch_mainck_to_xtal
                0x00081260       0x6c src/asf/sam/drivers/pmc/pmc.o
                0x00081260                pmc_switch_mainck_to_xtal
 .text.pmc_osc_is_ready_mainck
                0x000812cc       0x1c src/asf/sam/drivers/pmc/pmc.o
                0x000812cc                pmc_osc_is_ready_mainck
 .text.pmc_disable_pllack
                0x000812e8       0x18 src/asf/sam/drivers/pmc/pmc.o
                0x000812e8                pmc_disable_pllack
 .text.pmc_is_locked_pllack
                0x00081300       0x1c src/asf/sam/drivers/pmc/pmc.o
                0x00081300                pmc_is_locked_pllack
 .text.pmc_is_locked_upll
                0x0008131c       0x1c src/asf/sam/drivers/pmc/pmc.o
                0x0008131c                pmc_is_locked_upll
 .text.pmc_enable_periph_clk
                0x00081338       0x84 src/asf/sam/drivers/pmc/pmc.o
                0x00081338                pmc_enable_periph_clk
 .text.usart_disable_interrupt
                0x000813bc       0x1c src/asf/sam/drivers/usart/usart.o
                0x000813bc                usart_disable_interrupt
 .text.usart_get_interrupt_mask
                0x000813d8       0x18 src/asf/sam/drivers/usart/usart.o
                0x000813d8                usart_get_interrupt_mask
 .text.usart_get_status
                0x000813f0       0x18 src/asf/sam/drivers/usart/usart.o
                0x000813f0                usart_get_status
 .text.usart_putchar
                0x00081408       0x44 src/asf/sam/drivers/usart/usart.o
                0x00081408                usart_putchar
 .text.usart_getchar
                0x0008144c       0x48 src/asf/sam/drivers/usart/usart.o
                0x0008144c                usart_getchar
 .text.wdt_restart
                0x00081494       0x28 src/asf/sam/drivers/wdt/wdt.o
                0x00081494                wdt_restart
 .text.wdt_get_status
                0x000814bc       0x18 src/asf/sam/drivers/wdt/wdt.o
                0x000814bc                wdt_get_status
 .text.Dummy_Handler
                0x000814d4        0x8 src/asf/sam/utils/cmsis/sam3x/source/templates/exceptions.o
                0x000814d4                DACC_Handler
                0x000814d4                DebugMon_Handler
                0x000814d4                DMAC_Handler
                0x000814d4                TRNG_Handler
                0x000814d4                HardFault_Handler
                0x000814d4                TC2_Handler
                0x000814d4                USART3_Handler
                0x000814d4                TWI1_Handler
                0x000814d4                NMI_Handler
                0x000814d4                TC7_Handler
                0x000814d4                ADC_Handler
                0x000814d4                SMC_Handler
                0x000814d4                RTT_Handler
                0x000814d4                EFC1_Handler
                0x000814d4                RTC_Handler
                0x000814d4                UsageFault_Handler
                0x000814d4                TC6_Handler
                0x000814d4                CAN0_Handler
                0x000814d4                TC4_Handler
                0x000814d4                TC1_Handler
                0x000814d4                HSMCI_Handler
                0x000814d4                TC3_Handler
                0x000814d4                Dummy_Handler
                0x000814d4                TWI0_Handler
                0x000814d4                USART1_Handler
                0x000814d4                SSC_Handler
                0x000814d4                EFC0_Handler
                0x000814d4                PMC_Handler
                0x000814d4                PWM_Handler
                0x000814d4                MemManage_Handler
                0x000814d4                SUPC_Handler
                0x000814d4                TC8_Handler
                0x000814d4                USART2_Handler
                0x000814d4                EMAC_Handler
                0x000814d4                UART_Handler
                0x000814d4                BusFault_Handler
                0x000814d4                RSTC_Handler
                0x000814d4                TC0_Handler
                0x000814d4                TC5_Handler
                0x000814d4                UOTGHS_Handler
                0x000814d4                SPI0_Handler
 .text.Reset_Handler
                0x000814dc       0xa8 src/asf/sam/utils/cmsis/sam3x/source/templates/gcc/startup_sam3x.o
                0x000814dc                Reset_Handler
 .text.SystemCoreClockUpdate
                0x00081584      0x180 src/asf/sam/utils/cmsis/sam3x/source/templates/system_sam3x.o
                0x00081584                SystemCoreClockUpdate
 .text.system_init_flash
                0x00081704       0xa0 src/asf/sam/utils/cmsis/sam3x/source/templates/system_sam3x.o
                0x00081704                system_init_flash
 .text.vListInsertEnd
                0x000817a4       0x48 src/asf/thirdparty/FreeRTOS/list.o
                0x000817a4                vListInsertEnd
 .text.uxListRemove
                0x000817ec       0x54 src/asf/thirdparty/FreeRTOS/list.o
                0x000817ec                uxListRemove
 .text.SVC_Handler
                0x00081840       0x24 src/asf/thirdparty/FreeRTOS/portable/GCC/ARM_CM3/port.o
                0x00081840                SVC_Handler
 .text.vPortEnterCritical
                0x00081864       0x44 src/asf/thirdparty/FreeRTOS/portable/GCC/ARM_CM3/port.o
                0x00081864                vPortEnterCritical
 .text.vPortExitCritical
                0x000818a8       0x38 src/asf/thirdparty/FreeRTOS/portable/GCC/ARM_CM3/port.o
                0x000818a8                vPortExitCritical
 .text.ulPortSetInterruptMask
                0x000818e0       0x14 src/asf/thirdparty/FreeRTOS/portable/GCC/ARM_CM3/port.o
                0x000818e0                ulPortSetInterruptMask
 .text.vPortClearInterruptMask
                0x000818f4        0x8 src/asf/thirdparty/FreeRTOS/portable/GCC/ARM_CM3/port.o
                0x000818f4                vPortClearInterruptMask
 .text.PendSV_Handler
                0x000818fc       0x44 src/asf/thirdparty/FreeRTOS/portable/GCC/ARM_CM3/port.o
                0x000818fc                PendSV_Handler
 .text.SysTick_Handler
                0x00081940       0x34 src/asf/thirdparty/FreeRTOS/portable/GCC/ARM_CM3/port.o
                0x00081940                SysTick_Handler
 .text.vPortValidateInterruptPriority
                0x00081974       0x5c src/asf/thirdparty/FreeRTOS/portable/GCC/ARM_CM3/port.o
                0x00081974                vPortValidateInterruptPriority
 .text.xQueueGenericSendFromISR
                0x000819d0       0xfc src/asf/thirdparty/FreeRTOS/queue.o
                0x000819d0                xQueueGenericSendFromISR
 .text.xQueueReceiveFromISR
                0x00081acc       0xc8 src/asf/thirdparty/FreeRTOS/queue.o
                0x00081acc                xQueueReceiveFromISR
 .text.prvCopyDataToQueue
                0x00081b94       0xe4 src/asf/thirdparty/FreeRTOS/queue.o
 .text.prvCopyDataFromQueue
                0x00081c78       0x50 src/asf/thirdparty/FreeRTOS/queue.o
 .text.xTaskIncrementTick
                0x00081cc8      0x17c src/asf/thirdparty/FreeRTOS/tasks.o
                0x00081cc8                xTaskIncrementTick
 .text.vTaskSwitchContext
                0x00081e44       0xfc src/asf/thirdparty/FreeRTOS/tasks.o
                0x00081e44                vTaskSwitchContext
 .text.xTaskRemoveFromEventList
                0x00081f40       0xc0 src/asf/thirdparty/FreeRTOS/tasks.o
                0x00081f40                xTaskRemoveFromEventList
 .text.prvResetNextTaskUnblockTime
                0x00082000       0x48 src/asf/thirdparty/FreeRTOS/tasks.o
 .text.xTaskPriorityDisinherit
                0x00082048       0xe4 src/asf/thirdparty/FreeRTOS/tasks.o
                0x00082048                xTaskPriorityDisinherit
 .text.NVIC_EnableIRQ
                0x0008212c       0x30 src/can_test0.o
 .text.osc_get_rate
                0x0008215c       0x74 src/can_test0.o
 .text.sysclk_get_main_hz
                0x000821d0       0x1c src/can_test0.o
 .text.sysclk_get_cpu_hz
                0x000821ec       0x14 src/can_test0.o
 .text.CAN1_Handler
                0x00082200       0x78 src/can_test0.o
                0x00082200                CAN1_Handler
 .text.decode_can_msg
                0x00082278       0x40 src/can_test0.o
                0x00082278                decode_can_msg
 .text.reset_mailbox_conf
                0x000822b8       0x54 src/can_test0.o
                0x000822b8                reset_mailbox_conf
 .text.test_1   0x0008230c      0x100 src/can_test0.o
                0x0008230c                test_1
 .text.can_test
                0x0008240c      0x104 src/can_test0.o
                0x0008240c                can_test
 .text.NVIC_SetPriorityGrouping
                0x00082510       0x48 src/main.o
 .text.main     0x00082558       0x18 src/main.o
                0x00082558                main
 .text.prvSetupHardware
                0x00082570       0x28 src/main.o
 .text.vApplicationStackOverflowHook
                0x00082598       0x14 src/main.o
                0x00082598                vApplicationStackOverflowHook
 .text.WDT_Handler
                0x000825ac       0x28 src/main.o
                0x000825ac                WDT_Handler
 .text.vParTestInitialise
                0x000825d4       0x44 src/ParTest.o
                0x000825d4                vParTestInitialise
 .text.vParTestSetLED
                0x00082618       0x74 src/ParTest.o
                0x00082618                vParTestSetLED
 .text.USART0_Handler
                0x0008268c       0xd0 src/serial.o
                0x0008268c                USART0_Handler
 .text.__libc_init_array
                0x0008275c       0x50 c:/program files (x86)/atmel/atmel toolchain/arm gcc/native/4.8.1437/arm-gnu-toolchain/bin/../lib/gcc/arm-none-eabi/4.8.4/../../../../arm-none-eabi/lib/armv7-m\libc.a(lib_a-init.o)
                0x0008275c                __libc_init_array
 .text.memcmp   0x000827ac       0x68 c:/program files (x86)/atmel/atmel toolchain/arm gcc/native/4.8.1437/arm-gnu-toolchain/bin/../lib/gcc/arm-none-eabi/4.8.4/../../../../arm-none-eabi/lib/armv7-m\libc.a(lib_a-memcmp.o)
                0x000827ac                memcmp
 .text          0x00082814       0xec c:/program files (x86)/atmel/atmel toolchain/arm gcc/native/4.8.1437/arm-gnu-toolchain/bin/../lib/gcc/arm-none-eabi/4.8.4/../../../../arm-none-eabi/lib/armv7-m\libc.a(lib_a-memcpy.o)
                0x00082814                memcpy
 .text.startup.register_fini
                0x00082900       0x14 c:/program files (x86)/atmel/atmel toolchain/arm gcc/native/4.8.1437/arm-gnu-toolchain/bin/../lib/gcc/arm-none-eabi/4.8.4/../../../../arm-none-eabi/lib/armv7-m\libc.a(lib_a-__call_atexit.o)
 .text.atexit   0x00082914        0xc c:/program files (x86)/atmel/atmel toolchain/arm gcc/native/4.8.1437/arm-gnu-toolchain/bin/../lib/gcc/arm-none-eabi/4.8.4/../../../../arm-none-eabi/lib/armv7-m\libc.a(lib_a-atexit.o)
                0x00082914                atexit
 .text.__libc_fini_array
                0x00082920       0x30 c:/program files (x86)/atmel/atmel toolchain/arm gcc/native/4.8.1437/arm-gnu-toolchain/bin/../lib/gcc/arm-none-eabi/4.8.4/../../../../arm-none-eabi/lib/armv7-m\libc.a(lib_a-fini.o)
                0x00082920                __libc_fini_array
 .text.__register_exitproc
                0x00082950       0xa8 c:/program files (x86)/atmel/atmel toolchain/arm gcc/native/4.8.1437/arm-gnu-toolchain/bin/../lib/gcc/arm-none-eabi/4.8.4/../../../../arm-none-eabi/lib/armv7-m\libc.a(lib_a-__atexit.o)
                0x00082950                __register_exitproc
 *(.glue_7t)
 .glue_7t       0x00000000        0x0 linker stubs
 *(.glue_7)
 .glue_7        0x00000000        0x0 linker stubs
 *(.rodata .rodata* .gnu.linkonce.r.*)
 .rodata.can_bit_time
                0x000829f8       0x6c src/asf/sam/drivers/can/can.o
                0x000829f8                can_bit_time
 .rodata.ucExpectedStackBytes.5295
                0x00082a64       0x14 src/asf/thirdparty/FreeRTOS/tasks.o
 .rodata.ulLED  0x00082a78        0xc src/ParTest.o
 .rodata.str1.4
                0x00082a84        0x4 c:/program files (x86)/atmel/atmel toolchain/arm gcc/native/4.8.1437/arm-gnu-toolchain/bin/../lib/gcc/arm-none-eabi/4.8.4/../../../../arm-none-eabi/lib/armv7-m\libc.a(lib_a-impure.o)
 .rodata._global_impure_ptr
                0x00082a88        0x4 c:/program files (x86)/atmel/atmel toolchain/arm gcc/native/4.8.1437/arm-gnu-toolchain/bin/../lib/gcc/arm-none-eabi/4.8.4/../../../../arm-none-eabi/lib/armv7-m\libc.a(lib_a-impure.o)
                0x00082a88                _global_impure_ptr
 *(.ARM.extab* .gnu.linkonce.armextab.*)
                0x00082a8c                . = ALIGN (0x4)
 *(.init)
 .init          0x00082a8c        0x4 c:/program files (x86)/atmel/atmel toolchain/arm gcc/native/4.8.1437/arm-gnu-toolchain/bin/../lib/gcc/arm-none-eabi/4.8.4/armv7-m/crti.o
                0x00082a8c                _init
 .init          0x00082a90        0x8 c:/program files (x86)/atmel/atmel toolchain/arm gcc/native/4.8.1437/arm-gnu-toolchain/bin/../lib/gcc/arm-none-eabi/4.8.4/armv7-m/crtn.o
                0x00082a98                . = ALIGN (0x4)
                0x00082a98                __preinit_array_start = .
 *(.preinit_array)
                0x00082a98                __preinit_array_end = .
                0x00082a98                . = ALIGN (0x4)
                0x00082a98                __init_array_start = .
 *(SORT(.init_array.*))
 .init_array.00000
                0x00082a98        0x4 c:/program files (x86)/atmel/atmel toolchain/arm gcc/native/4.8.1437/arm-gnu-toolchain/bin/../lib/gcc/arm-none-eabi/4.8.4/../../../../arm-none-eabi/lib/armv7-m\libc.a(lib_a-__call_atexit.o)
 *(.init_array)
 .init_array    0x00082a9c        0x4 c:/program files (x86)/atmel/atmel toolchain/arm gcc/native/4.8.1437/arm-gnu-toolchain/bin/../lib/gcc/arm-none-eabi/4.8.4/armv7-m/crtbegin.o
                0x00082aa0                __init_array_end = .
                0x00082aa0                . = ALIGN (0x4)
 *crtbegin.o(.ctors)
 *(EXCLUDE_FILE(*crtend.o) .ctors)
 *(SORT(.ctors.*))
 *crtend.o(.ctors)
                0x00082aa0                . = ALIGN (0x4)
 *(.fini)
 .fini          0x00082aa0        0x4 c:/program files (x86)/atmel/atmel toolchain/arm gcc/native/4.8.1437/arm-gnu-toolchain/bin/../lib/gcc/arm-none-eabi/4.8.4/armv7-m/crti.o
                0x00082aa0                _fini
 .fini          0x00082aa4        0x8 c:/program files (x86)/atmel/atmel toolchain/arm gcc/native/4.8.1437/arm-gnu-toolchain/bin/../lib/gcc/arm-none-eabi/4.8.4/armv7-m/crtn.o
                0x00082aac                . = ALIGN (0x4)
                0x00082aac                __fini_array_start = .
 *(.fini_array)
 .fini_array    0x00082aac        0x4 c:/program files (x86)/atmel/atmel toolchain/arm gcc/native/4.8.1437/arm-gnu-toolchain/bin/../lib/gcc/arm-none-eabi/4.8.4/armv7-m/crtbegin.o
 *(SORT(.fini_array.*))
                0x00082ab0                __fini_array_end = .
 *crtbegin.o(.dtors)
 *(EXCLUDE_FILE(*crtend.o) .dtors)
 *(SORT(.dtors.*))
 *crtend.o(.dtors)
                0x00082ab0                . = ALIGN (0x4)
                0x00082ab0                _efixed = .
                0x00082ab0                PROVIDE (__exidx_start, .)

.vfp11_veneer   0x00082ab0        0x0
 .vfp11_veneer  0x00000000        0x0 linker stubs

.v4_bx          0x00082ab0        0x0
 .v4_bx         0x00000000        0x0 linker stubs

.iplt           0x00082ab0        0x0
 .iplt          0x00000000        0x0 c:/program files (x86)/atmel/atmel toolchain/arm gcc/native/4.8.1437/arm-gnu-toolchain/bin/../lib/gcc/arm-none-eabi/4.8.4/armv7-m/crtbegin.o

.eh_frame       0x00082ab0        0x0
 .eh_frame      0x00082ab0        0x0 c:/program files (x86)/atmel/atmel toolchain/arm gcc/native/4.8.1437/arm-gnu-toolchain/bin/../lib/gcc/arm-none-eabi/4.8.4/armv7-m/crtbegin.o

.rel.dyn        0x00082ab0        0x0
 .rel.iplt      0x00000000        0x0 c:/program files (x86)/atmel/atmel toolchain/arm gcc/native/4.8.1437/arm-gnu-toolchain/bin/../lib/gcc/arm-none-eabi/4.8.4/armv7-m/crtbegin.o

.jcr            0x00082ab0        0x0
 .jcr           0x00082ab0        0x0 c:/program files (x86)/atmel/atmel toolchain/arm gcc/native/4.8.1437/arm-gnu-toolchain/bin/../lib/gcc/arm-none-eabi/4.8.4/armv7-m/crtbegin.o

.igot.plt       0x00082ab0        0x0
 .igot.plt      0x00000000        0x0 c:/program files (x86)/atmel/atmel toolchain/arm gcc/native/4.8.1437/arm-gnu-toolchain/bin/../lib/gcc/arm-none-eabi/4.8.4/armv7-m/crtbegin.o

.ARM.exidx
 *(.ARM.exidx* .gnu.linkonce.armexidx.*)
                0x00082ab0                PROVIDE (__exidx_end, .)
                0x00082ab0                . = ALIGN (0x4)
                0x00082ab0                _etext = .

.relocate       0x20070000      0x438 load address 0x00082ab0
                0x20070000                . = ALIGN (0x4)
                0x20070000                _srelocate = .
 *(.ramfunc .ramfunc.*)
 *(.data .data.*)
 .data.SystemCoreClock
                0x20070000        0x4 src/asf/sam/utils/cmsis/sam3x/source/templates/system_sam3x.o
                0x20070000                SystemCoreClock
 .data.uxCriticalNesting
                0x20070004        0x4 src/asf/thirdparty/FreeRTOS/portable/GCC/ARM_CM3/port.o
 .data.xNextTaskUnblockTime
                0x20070008        0x4 src/asf/thirdparty/FreeRTOS/tasks.o
 *fill*         0x2007000c        0x4 
 .data.impure_data
                0x20070010      0x428 c:/program files (x86)/atmel/atmel toolchain/arm gcc/native/4.8.1437/arm-gnu-toolchain/bin/../lib/gcc/arm-none-eabi/4.8.4/../../../../arm-none-eabi/lib/armv7-m\libc.a(lib_a-impure.o)
                0x20070438                . = ALIGN (0x4)
                0x20070438                _erelocate = .

.bss            0x20070438      0x18c load address 0x00082ee8
                0x20070438                . = ALIGN (0x4)
                0x20070438                _sbss = .
                0x20070438                _szero = .
 *(.bss .bss.*)
 .bss           0x20070438       0x1c c:/program files (x86)/atmel/atmel toolchain/arm gcc/native/4.8.1437/arm-gnu-toolchain/bin/../lib/gcc/arm-none-eabi/4.8.4/armv7-m/crtbegin.o
 .bss.gs_interrupt_sources
                0x20070454       0x70 src/asf/sam/drivers/pio/pio_handler.o
 .bss.ucMaxSysCallPriority
                0x200704c4        0x1 src/asf/thirdparty/FreeRTOS/portable/GCC/ARM_CM3/port.o
 *fill*         0x200704c5        0x3 
 .bss.ulMaxPRIGROUPValue
                0x200704c8        0x4 src/asf/thirdparty/FreeRTOS/portable/GCC/ARM_CM3/port.o
 .bss.pxCurrentTCB
                0x200704cc        0x4 src/asf/thirdparty/FreeRTOS/tasks.o
                0x200704cc                pxCurrentTCB
 .bss.pxReadyTasksLists
                0x200704d0       0x64 src/asf/thirdparty/FreeRTOS/tasks.o
 .bss.pxDelayedTaskList
                0x20070534        0x4 src/asf/thirdparty/FreeRTOS/tasks.o
 .bss.pxOverflowDelayedTaskList
                0x20070538        0x4 src/asf/thirdparty/FreeRTOS/tasks.o
 .bss.xPendingReadyList
                0x2007053c       0x14 src/asf/thirdparty/FreeRTOS/tasks.o
 .bss.xTickCount
                0x20070550        0x4 src/asf/thirdparty/FreeRTOS/tasks.o
 .bss.uxTopReadyPriority
                0x20070554        0x4 src/asf/thirdparty/FreeRTOS/tasks.o
 .bss.uxPendedTicks
                0x20070558        0x4 src/asf/thirdparty/FreeRTOS/tasks.o
 .bss.xYieldPending
                0x2007055c        0x4 src/asf/thirdparty/FreeRTOS/tasks.o
 .bss.xNumOfOverflows
                0x20070560        0x4 src/asf/thirdparty/FreeRTOS/tasks.o
 .bss.uxSchedulerSuspended
                0x20070564        0x4 src/asf/thirdparty/FreeRTOS/tasks.o
 .bss.g_ul_recv_status
                0x20070568        0x4 src/can_test0.o
                0x20070568                g_ul_recv_status
 .bss.xRxedChars
                0x2007056c        0x4 src/serial.o
 .bss.xCharsForTx
                0x20070570        0x4 src/serial.o
 *(COMMON)
 COMMON         0x20070574       0x50 src/can_test0.o
                0x20070574                can1_mailbox
                0x20070594                can1_transceiver
                0x2007059c                can0_mailbox
                0x200705bc                can0_transceiver
                0x200705c4                . = ALIGN (0x4)
                0x200705c4                _ebss = .
                0x200705c4                _ezero = .

.stack          0x200705c4     0x2004 load address 0x00083074
                0x200705c8                . = ALIGN (0x8)
 *fill*         0x200705c4        0x4 
                0x200705c8                _sstack = .
                0x200725c8                . = (. + STACK_SIZE)
 *fill*         0x200705c8     0x2000 
                0x200725c8                . = ALIGN (0x8)
                0x200725c8                _estack = .
                0x200725c8                . = ALIGN (0x4)
                0x200725c8                _end = .
OUTPUT(RTOSDemo.elf elf32-littlearm)

.ARM.attributes
                0x00000000       0x29
 .ARM.attributes
                0x00000000       0x1d c:/program files (x86)/atmel/atmel toolchain/arm gcc/native/4.8.1437/arm-gnu-toolchain/bin/../lib/gcc/arm-none-eabi/4.8.4/armv7-m/crti.o
 .ARM.attributes
                0x0000001d       0x2d c:/program files (x86)/atmel/atmel toolchain/arm gcc/native/4.8.1437/arm-gnu-toolchain/bin/../lib/gcc/arm-none-eabi/4.8.4/armv7-m/crtbegin.o
 .ARM.attributes
                0x0000004a       0x33 src/asf/common/services/clock/sam3x/sysclk.o
 .ARM.attributes
                0x0000007d       0x33 src/asf/sam/boards/sam3x_ek/init.o
 .ARM.attributes
                0x000000b0       0x33 src/asf/sam/components/can/sn65hvd234.o
 .ARM.attributes
                0x000000e3       0x33 src/asf/sam/drivers/can/can.o
 .ARM.attributes
                0x00000116       0x33 src/asf/sam/drivers/pio/pio.o
 .ARM.attributes
                0x00000149       0x33 src/asf/sam/drivers/pio/pio_handler.o
 .ARM.attributes
                0x0000017c       0x33 src/asf/sam/drivers/pmc/pmc.o
 .ARM.attributes
                0x000001af       0x33 src/asf/sam/drivers/usart/usart.o
 .ARM.attributes
                0x000001e2       0x33 src/asf/sam/drivers/wdt/wdt.o
 .ARM.attributes
                0x00000215       0x33 src/asf/sam/utils/cmsis/sam3x/source/templates/exceptions.o
 .ARM.attributes
                0x00000248       0x33 src/asf/sam/utils/cmsis/sam3x/source/templates/gcc/startup_sam3x.o
 .ARM.attributes
                0x0000027b       0x33 src/asf/sam/utils/cmsis/sam3x/source/templates/system_sam3x.o
 .ARM.attributes
                0x000002ae       0x33 src/asf/thirdparty/FreeRTOS/list.o
 .ARM.attributes
                0x000002e1       0x33 src/asf/thirdparty/FreeRTOS/portable/GCC/ARM_CM3/port.o
 .ARM.attributes
                0x00000314       0x33 src/asf/thirdparty/FreeRTOS/queue.o
 .ARM.attributes
                0x00000347       0x33 src/asf/thirdparty/FreeRTOS/tasks.o
 .ARM.attributes
                0x0000037a       0x33 src/can_test0.o
 .ARM.attributes
                0x000003ad       0x33 src/main.o
 .ARM.attributes
                0x000003e0       0x33 src/ParTest.o
 .ARM.attributes
                0x00000413       0x33 src/serial.o
 .ARM.attributes
                0x00000446       0x2d c:/program files (x86)/atmel/atmel toolchain/arm gcc/native/4.8.1437/arm-gnu-toolchain/bin/../lib/gcc/arm-none-eabi/4.8.4/../../../../arm-none-eabi/lib/armv7-m\libc.a(lib_a-impure.o)
 .ARM.attributes
                0x00000473       0x2d c:/program files (x86)/atmel/atmel toolchain/arm gcc/native/4.8.1437/arm-gnu-toolchain/bin/../lib/gcc/arm-none-eabi/4.8.4/../../../../arm-none-eabi/lib/armv7-m\libc.a(lib_a-init.o)
 .ARM.attributes
                0x000004a0       0x2d c:/program files (x86)/atmel/atmel toolchain/arm gcc/native/4.8.1437/arm-gnu-toolchain/bin/../lib/gcc/arm-none-eabi/4.8.4/../../../../arm-none-eabi/lib/armv7-m\libc.a(lib_a-memcmp.o)
 .ARM.attributes
                0x000004cd       0x1b c:/program files (x86)/atmel/atmel toolchain/arm gcc/native/4.8.1437/arm-gnu-toolchain/bin/../lib/gcc/arm-none-eabi/4.8.4/../../../../arm-none-eabi/lib/armv7-m\libc.a(lib_a-memcpy.o)
 .ARM.attributes
                0x000004e8       0x2d c:/program files (x86)/atmel/atmel toolchain/arm gcc/native/4.8.1437/arm-gnu-toolchain/bin/../lib/gcc/arm-none-eabi/4.8.4/../../../../arm-none-eabi/lib/armv7-m\libc.a(lib_a-__call_atexit.o)
 .ARM.attributes
                0x00000515       0x2d c:/program files (x86)/atmel/atmel toolchain/arm gcc/native/4.8.1437/arm-gnu-toolchain/bin/../lib/gcc/arm-none-eabi/4.8.4/../../../../arm-none-eabi/lib/armv7-m\libc.a(lib_a-atexit.o)
 .ARM.attributes
                0x00000542       0x2d c:/program files (x86)/atmel/atmel toolchain/arm gcc/native/4.8.1437/arm-gnu-toolchain/bin/../lib/gcc/arm-none-eabi/4.8.4/../../../../arm-none-eabi/lib/armv7-m\libc.a(lib_a-fini.o)
 .ARM.attributes
                0x0000056f       0x2d c:/program files (x86)/atmel/atmel toolchain/arm gcc/native/4.8.1437/arm-gnu-toolchain/bin/../lib/gcc/arm-none-eabi/4.8.4/../../../../arm-none-eabi/lib/armv7-m\libc.a(lib_a-__atexit.o)
 .ARM.attributes
                0x0000059c       0x1d c:/program files (x86)/atmel/atmel toolchain/arm gcc/native/4.8.1437/arm-gnu-toolchain/bin/../lib/gcc/arm-none-eabi/4.8.4/armv7-m/crtn.o

.comment        0x00000000       0x5b
 .comment       0x00000000       0x5b src/asf/common/services/clock/sam3x/sysclk.o
                                 0x5c (size before relaxing)
 .comment       0x00000000       0x5c src/asf/sam/boards/sam3x_ek/init.o
 .comment       0x00000000       0x5c src/asf/sam/components/can/sn65hvd234.o
 .comment       0x00000000       0x5c src/asf/sam/drivers/can/can.o
 .comment       0x00000000       0x5c src/asf/sam/drivers/pio/pio.o
 .comment       0x00000000       0x5c src/asf/sam/drivers/pio/pio_handler.o
 .comment       0x00000000       0x5c src/asf/sam/drivers/pmc/pmc.o
 .comment       0x00000000       0x5c src/asf/sam/drivers/usart/usart.o
 .comment       0x00000000       0x5c src/asf/sam/drivers/wdt/wdt.o
 .comment       0x00000000       0x5c src/asf/sam/utils/cmsis/sam3x/source/templates/exceptions.o
 .comment       0x00000000       0x5c src/asf/sam/utils/cmsis/sam3x/source/templates/gcc/startup_sam3x.o
 .comment       0x00000000       0x5c src/asf/sam/utils/cmsis/sam3x/source/templates/system_sam3x.o
 .comment       0x00000000       0x5c src/asf/thirdparty/FreeRTOS/list.o
 .comment       0x00000000       0x5c src/asf/thirdparty/FreeRTOS/portable/GCC/ARM_CM3/port.o
 .comment       0x00000000       0x5c src/asf/thirdparty/FreeRTOS/queue.o
 .comment       0x00000000       0x5c src/asf/thirdparty/FreeRTOS/tasks.o
 .comment       0x00000000       0x5c src/can_test0.o
 .comment       0x00000000       0x5c src/main.o
 .comment       0x00000000       0x5c src/ParTest.o
 .comment       0x00000000       0x5c src/serial.o

.debug_info     0x00000000     0xa1dd
 .debug_info    0x00000000      0x668 src/asf/common/services/clock/sam3x/sysclk.o
 .debug_info    0x00000668      0x1c7 src/asf/sam/boards/sam3x_ek/init.o
 .debug_info    0x0000082f      0x22b src/asf/sam/components/can/sn65hvd234.o
 .debug_info    0x00000a5a      0xd50 src/asf/sam/drivers/can/can.o
 .debug_info    0x000017aa      0xea8 src/asf/sam/drivers/pio/pio.o
 .debug_info    0x00002652      0xbfa src/asf/sam/drivers/pio/pio_handler.o
 .debug_info    0x0000324c      0xee6 src/asf/sam/drivers/pmc/pmc.o
 .debug_info    0x00004132     0x1858 src/asf/sam/drivers/usart/usart.o
 .debug_info    0x0000598a      0x2d1 src/asf/sam/drivers/wdt/wdt.o
 .debug_info    0x00005c5b       0xba src/asf/sam/utils/cmsis/sam3x/source/templates/exceptions.o
 .debug_info    0x00005d15      0x361 src/asf/sam/utils/cmsis/sam3x/source/templates/gcc/startup_sam3x.o
 .debug_info    0x00006076      0x47a src/asf/sam/utils/cmsis/sam3x/source/templates/system_sam3x.o
 .debug_info    0x000064f0      0x2d4 src/asf/thirdparty/FreeRTOS/list.o
 .debug_info    0x000067c4      0x36f src/asf/thirdparty/FreeRTOS/portable/GCC/ARM_CM3/port.o
 .debug_info    0x00006b33      0xaef src/asf/thirdparty/FreeRTOS/queue.o
 .debug_info    0x00007622     0x10bc src/asf/thirdparty/FreeRTOS/tasks.o
 .debug_info    0x000086de      0x855 src/can_test0.o
 .debug_info    0x00008f33      0x56a src/main.o
 .debug_info    0x0000949d      0x1e1 src/ParTest.o
 .debug_info    0x0000967e      0xb5f src/serial.o

.debug_abbrev   0x00000000     0x1d49
 .debug_abbrev  0x00000000      0x1c3 src/asf/common/services/clock/sam3x/sysclk.o
 .debug_abbrev  0x000001c3       0xd4 src/asf/sam/boards/sam3x_ek/init.o
 .debug_abbrev  0x00000297       0xcd src/asf/sam/components/can/sn65hvd234.o
 .debug_abbrev  0x00000364      0x1ed src/asf/sam/drivers/can/can.o
 .debug_abbrev  0x00000551      0x1c0 src/asf/sam/drivers/pio/pio.o
 .debug_abbrev  0x00000711      0x1e6 src/asf/sam/drivers/pio/pio_handler.o
 .debug_abbrev  0x000008f7      0x20d src/asf/sam/drivers/pmc/pmc.o
 .debug_abbrev  0x00000b04      0x1cd src/asf/sam/drivers/usart/usart.o
 .debug_abbrev  0x00000cd1       0xf2 src/asf/sam/drivers/wdt/wdt.o
 .debug_abbrev  0x00000dc3       0x6c src/asf/sam/utils/cmsis/sam3x/source/templates/exceptions.o
 .debug_abbrev  0x00000e2f      0x100 src/asf/sam/utils/cmsis/sam3x/source/templates/gcc/startup_sam3x.o
 .debug_abbrev  0x00000f2f       0xf5 src/asf/sam/utils/cmsis/sam3x/source/templates/system_sam3x.o
 .debug_abbrev  0x00001024       0xc3 src/asf/thirdparty/FreeRTOS/list.o
 .debug_abbrev  0x000010e7      0x1d2 src/asf/thirdparty/FreeRTOS/portable/GCC/ARM_CM3/port.o
 .debug_abbrev  0x000012b9      0x17e src/asf/thirdparty/FreeRTOS/queue.o
 .debug_abbrev  0x00001437      0x231 src/asf/thirdparty/FreeRTOS/tasks.o
 .debug_abbrev  0x00001668      0x236 src/can_test0.o
 .debug_abbrev  0x0000189e      0x1d2 src/main.o
 .debug_abbrev  0x00001a70       0xdd src/ParTest.o
 .debug_abbrev  0x00001b4d      0x1fc src/serial.o

.debug_loc      0x00000000     0x4e1c
 .debug_loc     0x00000000      0x2f8 src/asf/common/services/clock/sam3x/sysclk.o
 .debug_loc     0x000002f8       0x2c src/asf/sam/boards/sam3x_ek/init.o
 .debug_loc     0x00000324      0x150 src/asf/sam/components/can/sn65hvd234.o
 .debug_loc     0x00000474      0x850 src/asf/sam/drivers/can/can.o
 .debug_loc     0x00000cc4      0x850 src/asf/sam/drivers/pio/pio.o
 .debug_loc     0x00001514      0x238 src/asf/sam/drivers/pio/pio_handler.o
 .debug_loc     0x0000174c      0xac0 src/asf/sam/drivers/pmc/pmc.o
 .debug_loc     0x0000220c     0x12d0 src/asf/sam/drivers/usart/usart.o
 .debug_loc     0x000034dc      0x150 src/asf/sam/drivers/wdt/wdt.o
 .debug_loc     0x0000362c       0x2c src/asf/sam/utils/cmsis/sam3x/source/templates/exceptions.o
 .debug_loc     0x00003658       0x38 src/asf/sam/utils/cmsis/sam3x/source/templates/gcc/startup_sam3x.o
 .debug_loc     0x00003690       0x90 src/asf/sam/utils/cmsis/sam3x/source/templates/system_sam3x.o
 .debug_loc     0x00003720      0x118 src/asf/thirdparty/FreeRTOS/list.o
 .debug_loc     0x00003838      0x1dc src/asf/thirdparty/FreeRTOS/portable/GCC/ARM_CM3/port.o
 .debug_loc     0x00003a14      0x508 src/asf/thirdparty/FreeRTOS/queue.o
 .debug_loc     0x00003f1c      0x8bc src/asf/thirdparty/FreeRTOS/tasks.o
 .debug_loc     0x000047d8      0x1d4 src/can_test0.o
 .debug_loc     0x000049ac      0x178 src/main.o
 .debug_loc     0x00004b24       0xa8 src/ParTest.o
 .debug_loc     0x00004bcc      0x250 src/serial.o

.debug_aranges  0x00000000      0xd88
 .debug_aranges
                0x00000000       0x88 src/asf/common/services/clock/sam3x/sysclk.o
 .debug_aranges
                0x00000088       0x20 src/asf/sam/boards/sam3x_ek/init.o
 .debug_aranges
                0x000000a8       0x48 src/asf/sam/components/can/sn65hvd234.o
 .debug_aranges
                0x000000f0      0x148 src/asf/sam/drivers/can/can.o
 .debug_aranges
                0x00000238      0x148 src/asf/sam/drivers/pio/pio.o
 .debug_aranges
                0x00000380       0x70 src/asf/sam/drivers/pio/pio_handler.o
 .debug_aranges
                0x000003f0      0x1c0 src/asf/sam/drivers/pmc/pmc.o
 .debug_aranges
                0x000005b0      0x2c8 src/asf/sam/drivers/usart/usart.o
 .debug_aranges
                0x00000878       0x48 src/asf/sam/drivers/wdt/wdt.o
 .debug_aranges
                0x000008c0       0x20 src/asf/sam/utils/cmsis/sam3x/source/templates/exceptions.o
 .debug_aranges
                0x000008e0       0x20 src/asf/sam/utils/cmsis/sam3x/source/templates/gcc/startup_sam3x.o
 .debug_aranges
                0x00000900       0x30 src/asf/sam/utils/cmsis/sam3x/source/templates/system_sam3x.o
 .debug_aranges
                0x00000930       0x40 src/asf/thirdparty/FreeRTOS/list.o
 .debug_aranges
                0x00000970       0x90 src/asf/thirdparty/FreeRTOS/portable/GCC/ARM_CM3/port.o
 .debug_aranges
                0x00000a00       0xd0 src/asf/thirdparty/FreeRTOS/queue.o
 .debug_aranges
                0x00000ad0      0x160 src/asf/thirdparty/FreeRTOS/tasks.o
 .debug_aranges
                0x00000c30       0x60 src/can_test0.o
 .debug_aranges
                0x00000c90       0x58 src/main.o
 .debug_aranges
                0x00000ce8       0x30 src/ParTest.o
 .debug_aranges
                0x00000d18       0x70 src/serial.o

.debug_ranges   0x00000000      0xc48
 .debug_ranges  0x00000000       0x78 src/asf/common/services/clock/sam3x/sysclk.o
 .debug_ranges  0x00000078       0x10 src/asf/sam/boards/sam3x_ek/init.o
 .debug_ranges  0x00000088       0x38 src/asf/sam/components/can/sn65hvd234.o
 .debug_ranges  0x000000c0      0x138 src/asf/sam/drivers/can/can.o
 .debug_ranges  0x000001f8      0x138 src/asf/sam/drivers/pio/pio.o
 .debug_ranges  0x00000330       0x60 src/asf/sam/drivers/pio/pio_handler.o
 .debug_ranges  0x00000390      0x1b0 src/asf/sam/drivers/pmc/pmc.o
 .debug_ranges  0x00000540      0x2b8 src/asf/sam/drivers/usart/usart.o
 .debug_ranges  0x000007f8       0x38 src/asf/sam/drivers/wdt/wdt.o
 .debug_ranges  0x00000830       0x10 src/asf/sam/utils/cmsis/sam3x/source/templates/exceptions.o
 .debug_ranges  0x00000840       0x10 src/asf/sam/utils/cmsis/sam3x/source/templates/gcc/startup_sam3x.o
 .debug_ranges  0x00000850       0x20 src/asf/sam/utils/cmsis/sam3x/source/templates/system_sam3x.o
 .debug_ranges  0x00000870       0x30 src/asf/thirdparty/FreeRTOS/list.o
 .debug_ranges  0x000008a0       0x80 src/asf/thirdparty/FreeRTOS/portable/GCC/ARM_CM3/port.o
 .debug_ranges  0x00000920       0xc0 src/asf/thirdparty/FreeRTOS/queue.o
 .debug_ranges  0x000009e0      0x150 src/asf/thirdparty/FreeRTOS/tasks.o
 .debug_ranges  0x00000b30       0x50 src/can_test0.o
 .debug_ranges  0x00000b80       0x48 src/main.o
 .debug_ranges  0x00000bc8       0x20 src/ParTest.o
 .debug_ranges  0x00000be8       0x60 src/serial.o

.debug_macro    0x00000000    0x1851b
 .debug_macro   0x00000000      0x533 src/asf/common/services/clock/sam3x/sysclk.o
 .debug_macro   0x00000533      0x862 src/asf/common/services/clock/sam3x/sysclk.o
 .debug_macro   0x00000d95      0x22f src/asf/common/services/clock/sam3x/sysclk.o
 .debug_macro   0x00000fc4       0x28 src/asf/common/services/clock/sam3x/sysclk.o
 .debug_macro   0x00000fec      0x166 src/asf/common/services/clock/sam3x/sysclk.o
 .debug_macro   0x00001152       0x76 src/asf/common/services/clock/sam3x/sysclk.o
 .debug_macro   0x000011c8       0x16 src/asf/common/services/clock/sam3x/sysclk.o
 .debug_macro   0x000011de      0x6d7 src/asf/common/services/clock/sam3x/sysclk.o
 .debug_macro   0x000018b5       0x16 src/asf/common/services/clock/sam3x/sysclk.o
 .debug_macro   0x000018cb       0x44 src/asf/common/services/clock/sam3x/sysclk.o
 .debug_macro   0x0000190f      0x209 src/asf/common/services/clock/sam3x/sysclk.o
 .debug_macro   0x00001b18       0x20 src/asf/common/services/clock/sam3x/sysclk.o
 .debug_macro   0x00001b38       0x34 src/asf/common/services/clock/sam3x/sysclk.o
 .debug_macro   0x00001b6c       0x18 src/asf/common/services/clock/sam3x/sysclk.o
 .debug_macro   0x00001b84      0x743 src/asf/common/services/clock/sam3x/sysclk.o
 .debug_macro   0x000022c7      0xab3 src/asf/common/services/clock/sam3x/sysclk.o
 .debug_macro   0x00002d7a      0x566 src/asf/common/services/clock/sam3x/sysclk.o
 .debug_macro   0x000032e0      0x2b2 src/asf/common/services/clock/sam3x/sysclk.o
 .debug_macro   0x00003592      0x317 src/asf/common/services/clock/sam3x/sysclk.o
 .debug_macro   0x000038a9      0x74c src/asf/common/services/clock/sam3x/sysclk.o
 .debug_macro   0x00003ff5       0x82 src/asf/common/services/clock/sam3x/sysclk.o
 .debug_macro   0x00004077      0x578 src/asf/common/services/clock/sam3x/sysclk.o
 .debug_macro   0x000045ef       0x1c src/asf/common/services/clock/sam3x/sysclk.o
 .debug_macro   0x0000460b      0x6b5 src/asf/common/services/clock/sam3x/sysclk.o
 .debug_macro   0x00004cc0      0x52a src/asf/common/services/clock/sam3x/sysclk.o
 .debug_macro   0x000051ea       0xbe src/asf/common/services/clock/sam3x/sysclk.o
 .debug_macro   0x000052a8     0x233f src/asf/common/services/clock/sam3x/sysclk.o
 .debug_macro   0x000075e7      0x85a src/asf/common/services/clock/sam3x/sysclk.o
 .debug_macro   0x00007e41      0xdc6 src/asf/common/services/clock/sam3x/sysclk.o
 .debug_macro   0x00008c07       0x7c src/asf/common/services/clock/sam3x/sysclk.o
 .debug_macro   0x00008c83      0x261 src/asf/common/services/clock/sam3x/sysclk.o
 .debug_macro   0x00008ee4       0x58 src/asf/common/services/clock/sam3x/sysclk.o
 .debug_macro   0x00008f3c      0x9a5 src/asf/common/services/clock/sam3x/sysclk.o
 .debug_macro   0x000098e1      0x246 src/asf/common/services/clock/sam3x/sysclk.o
 .debug_macro   0x00009b27      0x4dc src/asf/common/services/clock/sam3x/sysclk.o
 .debug_macro   0x0000a003      0x6b0 src/asf/common/services/clock/sam3x/sysclk.o
 .debug_macro   0x0000a6b3      0x59c src/asf/common/services/clock/sam3x/sysclk.o
 .debug_macro   0x0000ac4f       0x46 src/asf/common/services/clock/sam3x/sysclk.o
 .debug_macro   0x0000ac95      0x34a src/asf/common/services/clock/sam3x/sysclk.o
 .debug_macro   0x0000afdf      0x289 src/asf/common/services/clock/sam3x/sysclk.o
 .debug_macro   0x0000b268     0x14d7 src/asf/common/services/clock/sam3x/sysclk.o
 .debug_macro   0x0000c73f      0x7b7 src/asf/common/services/clock/sam3x/sysclk.o
 .debug_macro   0x0000cef6       0x76 src/asf/common/services/clock/sam3x/sysclk.o
 .debug_macro   0x0000cf6c       0x82 src/asf/common/services/clock/sam3x/sysclk.o
 .debug_macro   0x0000cfee       0x76 src/asf/common/services/clock/sam3x/sysclk.o
 .debug_macro   0x0000d064       0x4c src/asf/common/services/clock/sam3x/sysclk.o
 .debug_macro   0x0000d0b0      0x102 src/asf/common/services/clock/sam3x/sysclk.o
 .debug_macro   0x0000d1b2      0x102 src/asf/common/services/clock/sam3x/sysclk.o
 .debug_macro   0x0000d2b4      0x102 src/asf/common/services/clock/sam3x/sysclk.o
 .debug_macro   0x0000d3b6       0x88 src/asf/common/services/clock/sam3x/sysclk.o
 .debug_macro   0x0000d43e       0x88 src/asf/common/services/clock/sam3x/sysclk.o
 .debug_macro   0x0000d4c6      0x3b4 src/asf/common/services/clock/sam3x/sysclk.o
 .debug_macro   0x0000d87a       0xb8 src/asf/common/services/clock/sam3x/sysclk.o
 .debug_macro   0x0000d932       0xb8 src/asf/common/services/clock/sam3x/sysclk.o
 .debug_macro   0x0000d9ea       0xb8 src/asf/common/services/clock/sam3x/sysclk.o
 .debug_macro   0x0000daa2       0xb8 src/asf/common/services/clock/sam3x/sysclk.o
 .debug_macro   0x0000db5a      0x2b8 src/asf/common/services/clock/sam3x/sysclk.o
 .debug_macro   0x0000de12      0x122 src/asf/common/services/clock/sam3x/sysclk.o
 .debug_macro   0x0000df34      0x222 src/asf/common/services/clock/sam3x/sysclk.o
 .debug_macro   0x0000e156      0x222 src/asf/common/services/clock/sam3x/sysclk.o
 .debug_macro   0x0000e378       0x2e src/asf/common/services/clock/sam3x/sysclk.o
 .debug_macro   0x0000e3a6       0xac src/asf/common/services/clock/sam3x/sysclk.o
 .debug_macro   0x0000e452      0x14a src/asf/common/services/clock/sam3x/sysclk.o
 .debug_macro   0x0000e59c       0x7c src/asf/common/services/clock/sam3x/sysclk.o
 .debug_macro   0x0000e618      0x202 src/asf/common/services/clock/sam3x/sysclk.o
 .debug_macro   0x0000e81a       0x64 src/asf/common/services/clock/sam3x/sysclk.o
 .debug_macro   0x0000e87e       0xa6 src/asf/common/services/clock/sam3x/sysclk.o
 .debug_macro   0x0000e924       0x7c src/asf/common/services/clock/sam3x/sysclk.o
 .debug_macro   0x0000e9a0       0x16 src/asf/common/services/clock/sam3x/sysclk.o
 .debug_macro   0x0000e9b6       0x22 src/asf/common/services/clock/sam3x/sysclk.o
 .debug_macro   0x0000e9d8       0x22 src/asf/common/services/clock/sam3x/sysclk.o
 .debug_macro   0x0000e9fa      0x112 src/asf/common/services/clock/sam3x/sysclk.o
 .debug_macro   0x0000eb0c      0x112 src/asf/common/services/clock/sam3x/sysclk.o
 .debug_macro   0x0000ec1e      0x112 src/asf/common/services/clock/sam3x/sysclk.o
 .debug_macro   0x0000ed30      0x112 src/asf/common/services/clock/sam3x/sysclk.o
 .debug_macro   0x0000ee42       0x1c src/asf/common/services/clock/sam3x/sysclk.o
 .debug_macro   0x0000ee5e       0x2e src/asf/common/services/clock/sam3x/sysclk.o
 .debug_macro   0x0000ee8c       0x22 src/asf/common/services/clock/sam3x/sysclk.o
 .debug_macro   0x0000eeae       0x1c src/asf/common/services/clock/sam3x/sysclk.o
 .debug_macro   0x0000eeca       0x58 src/asf/common/services/clock/sam3x/sysclk.o
 .debug_macro   0x0000ef22       0x10 src/asf/common/services/clock/sam3x/sysclk.o
 .debug_macro   0x0000ef32      0x273 src/asf/common/services/clock/sam3x/sysclk.o
 .debug_macro   0x0000f1a5     0x10b1 src/asf/common/services/clock/sam3x/sysclk.o
 .debug_macro   0x00010256      0x12a src/asf/common/services/clock/sam3x/sysclk.o
 .debug_macro   0x00010380       0x58 src/asf/common/services/clock/sam3x/sysclk.o
 .debug_macro   0x000103d8       0x35 src/asf/common/services/clock/sam3x/sysclk.o
 .debug_macro   0x0001040d       0xa3 src/asf/common/services/clock/sam3x/sysclk.o
 .debug_macro   0x000104b0       0x16 src/asf/common/services/clock/sam3x/sysclk.o
 .debug_macro   0x000104c6       0x35 src/asf/common/services/clock/sam3x/sysclk.o
 .debug_macro   0x000104fb       0x10 src/asf/common/services/clock/sam3x/sysclk.o
 .debug_macro   0x0001050b       0x52 src/asf/common/services/clock/sam3x/sysclk.o
 .debug_macro   0x0001055d       0x16 src/asf/common/services/clock/sam3x/sysclk.o
 .debug_macro   0x00010573       0x43 src/asf/common/services/clock/sam3x/sysclk.o
 .debug_macro   0x000105b6      0x180 src/asf/common/services/clock/sam3x/sysclk.o
 .debug_macro   0x00010736       0x10 src/asf/common/services/clock/sam3x/sysclk.o
 .debug_macro   0x00010746       0x22 src/asf/common/services/clock/sam3x/sysclk.o
 .debug_macro   0x00010768       0xbd src/asf/common/services/clock/sam3x/sysclk.o
 .debug_macro   0x00010825       0x16 src/asf/common/services/clock/sam3x/sysclk.o
 .debug_macro   0x0001083b      0x16c src/asf/common/services/clock/sam3x/sysclk.o
 .debug_macro   0x000109a7       0x22 src/asf/common/services/clock/sam3x/sysclk.o
 .debug_macro   0x000109c9       0x16 src/asf/common/services/clock/sam3x/sysclk.o
 .debug_macro   0x000109df       0x16 src/asf/common/services/clock/sam3x/sysclk.o
 .debug_macro   0x000109f5       0x29 src/asf/common/services/clock/sam3x/sysclk.o
 .debug_macro   0x00010a1e       0x52 src/asf/common/services/clock/sam3x/sysclk.o
 .debug_macro   0x00010a70       0x3e src/asf/common/services/clock/sam3x/sysclk.o
 .debug_macro   0x00010aae      0x322 src/asf/common/services/clock/sam3x/sysclk.o
 .debug_macro   0x00010dd0      0x15a src/asf/common/services/clock/sam3x/sysclk.o
 .debug_macro   0x00010f2a      0xf4d src/asf/common/services/clock/sam3x/sysclk.o
 .debug_macro   0x00011e77       0x58 src/asf/common/services/clock/sam3x/sysclk.o
 .debug_macro   0x00011ecf       0x64 src/asf/common/services/clock/sam3x/sysclk.o
 .debug_macro   0x00011f33       0x5e src/asf/common/services/clock/sam3x/sysclk.o
 .debug_macro   0x00011f91       0x90 src/asf/common/services/clock/sam3x/sysclk.o
 .debug_macro   0x00012021      0x595 src/asf/sam/boards/sam3x_ek/init.o
 .debug_macro   0x000125b6      0x160 src/asf/sam/boards/sam3x_ek/init.o
 .debug_macro   0x00012716       0x28 src/asf/sam/boards/sam3x_ek/init.o
 .debug_macro   0x0001273e       0x8e src/asf/sam/boards/sam3x_ek/init.o
 .debug_macro   0x000127cc       0x40 src/asf/sam/boards/sam3x_ek/init.o
 .debug_macro   0x0001280c       0x28 src/asf/sam/boards/sam3x_ek/init.o
 .debug_macro   0x00012834       0x6a src/asf/sam/boards/sam3x_ek/init.o
 .debug_macro   0x0001289e       0x2e src/asf/sam/boards/sam3x_ek/init.o
 .debug_macro   0x000128cc       0x10 src/asf/sam/boards/sam3x_ek/init.o
 .debug_macro   0x000128dc      0x507 src/asf/sam/components/can/sn65hvd234.o
 .debug_macro   0x00012de3      0x4e8 src/asf/sam/drivers/can/can.o
 .debug_macro   0x000132cb       0x82 src/asf/sam/drivers/can/can.o
 .debug_macro   0x0001334d      0x4d2 src/asf/sam/drivers/pio/pio.o
 .debug_macro   0x0001381f       0x88 src/asf/sam/drivers/pio/pio.o
 .debug_macro   0x000138a7      0x4dc src/asf/sam/drivers/pio/pio_handler.o
 .debug_macro   0x00013d83      0x4c4 src/asf/sam/drivers/pmc/pmc.o
 .debug_macro   0x00014247       0x52 src/asf/sam/drivers/pmc/pmc.o
 .debug_macro   0x00014299      0x500 src/asf/sam/drivers/usart/usart.o
 .debug_macro   0x00014799       0x28 src/asf/sam/drivers/usart/usart.o
 .debug_macro   0x000147c1      0x4d1 src/asf/sam/drivers/wdt/wdt.o
 .debug_macro   0x00014c92      0x33c src/asf/sam/utils/cmsis/sam3x/source/templates/exceptions.o
 .debug_macro   0x00014fce      0x34e src/asf/sam/utils/cmsis/sam3x/source/templates/gcc/startup_sam3x.o
 .debug_macro   0x0001531c      0x34e src/asf/sam/utils/cmsis/sam3x/source/templates/system_sam3x.o
 .debug_macro   0x0001566a       0x26 src/asf/sam/utils/cmsis/sam3x/source/templates/system_sam3x.o
 .debug_macro   0x00015690      0x133 src/asf/thirdparty/FreeRTOS/list.o
 .debug_macro   0x000157c3      0x10e src/asf/thirdparty/FreeRTOS/list.o
 .debug_macro   0x000158d1       0x7f src/asf/thirdparty/FreeRTOS/list.o
 .debug_macro   0x00015950       0x4a src/asf/thirdparty/FreeRTOS/list.o
 .debug_macro   0x0001599a      0x20f src/asf/thirdparty/FreeRTOS/list.o
 .debug_macro   0x00015ba9      0x106 src/asf/thirdparty/FreeRTOS/list.o
 .debug_macro   0x00015caf       0x46 src/asf/thirdparty/FreeRTOS/list.o
 .debug_macro   0x00015cf5       0xc9 src/asf/thirdparty/FreeRTOS/list.o
 .debug_macro   0x00015dbe       0x12 src/asf/thirdparty/FreeRTOS/list.o
 .debug_macro   0x00015dd0       0x1c src/asf/thirdparty/FreeRTOS/list.o
 .debug_macro   0x00015dec      0x361 src/asf/thirdparty/FreeRTOS/list.o
 .debug_macro   0x0001614d       0x79 src/asf/thirdparty/FreeRTOS/list.o
 .debug_macro   0x000161c6      0x143 src/asf/thirdparty/FreeRTOS/portable/GCC/ARM_CM3/port.o
 .debug_macro   0x00016309       0x69 src/asf/thirdparty/FreeRTOS/portable/GCC/ARM_CM3/port.o
 .debug_macro   0x00016372      0x1c3 src/asf/thirdparty/FreeRTOS/queue.o
 .debug_macro   0x00016535      0x2a6 src/asf/thirdparty/FreeRTOS/queue.o
 .debug_macro   0x000167db       0x10 src/asf/thirdparty/FreeRTOS/queue.o
 .debug_macro   0x000167eb       0x1f src/asf/thirdparty/FreeRTOS/queue.o
 .debug_macro   0x0001680a       0xb0 src/asf/thirdparty/FreeRTOS/queue.o
 .debug_macro   0x000168ba      0x1ff src/asf/thirdparty/FreeRTOS/tasks.o
 .debug_macro   0x00016ab9       0x91 src/asf/thirdparty/FreeRTOS/tasks.o
 .debug_macro   0x00016b4a       0x16 src/asf/thirdparty/FreeRTOS/tasks.o
 .debug_macro   0x00016b60      0x5a8 src/can_test0.o
 .debug_macro   0x00017108       0x88 src/can_test0.o
 .debug_macro   0x00017190       0x1c src/can_test0.o
 .debug_macro   0x000171ac      0x651 src/main.o
 .debug_macro   0x000177fd       0x97 src/main.o
 .debug_macro   0x00017894       0xef src/main.o
 .debug_macro   0x00017983      0x56d src/ParTest.o
 .debug_macro   0x00017ef0      0x62b src/serial.o

.debug_line     0x00000000     0xed97
 .debug_line    0x00000000      0xd25 src/asf/common/services/clock/sam3x/sysclk.o
 .debug_line    0x00000d25      0xd05 src/asf/sam/boards/sam3x_ek/init.o
 .debug_line    0x00001a2a      0xbb4 src/asf/sam/components/can/sn65hvd234.o
 .debug_line    0x000025de      0xe07 src/asf/sam/drivers/can/can.o
 .debug_line    0x000033e5      0xdeb src/asf/sam/drivers/pio/pio.o
 .debug_line    0x000041d0      0xbd2 src/asf/sam/drivers/pio/pio_handler.o
 .debug_line    0x00004da2     0x1003 src/asf/sam/drivers/pmc/pmc.o
 .debug_line    0x00005da5     0x1207 src/asf/sam/drivers/usart/usart.o
 .debug_line    0x00006fac      0xb2c src/asf/sam/drivers/wdt/wdt.o
 .debug_line    0x00007ad8      0x8d6 src/asf/sam/utils/cmsis/sam3x/source/templates/exceptions.o
 .debug_line    0x000083ae      0x92d src/asf/sam/utils/cmsis/sam3x/source/templates/gcc/startup_sam3x.o
 .debug_line    0x00008cdb      0x965 src/asf/sam/utils/cmsis/sam3x/source/templates/system_sam3x.o
 .debug_line    0x00009640      0x427 src/asf/thirdparty/FreeRTOS/list.o
 .debug_line    0x00009a67      0x48a src/asf/thirdparty/FreeRTOS/portable/GCC/ARM_CM3/port.o
 .debug_line    0x00009ef1      0x949 src/asf/thirdparty/FreeRTOS/queue.o
 .debug_line    0x0000a83a      0xbbf src/asf/thirdparty/FreeRTOS/tasks.o
 .debug_line    0x0000b3f9      0xe31 src/can_test0.o
 .debug_line    0x0000c22a      0xf99 src/main.o
 .debug_line    0x0000d1c3      0xcd6 src/ParTest.o
 .debug_line    0x0000de99      0xefe src/serial.o

.debug_str      0x00000000    0x663d2
 .debug_str     0x00000000    0x5bb1e src/asf/common/services/clock/sam3x/sysclk.o
                              0x5bdc9 (size before relaxing)
 .debug_str     0x0005bb1e      0x835 src/asf/sam/boards/sam3x_ek/init.o
                              0x5c31c (size before relaxing)
 .debug_str     0x0005c353      0x13f src/asf/sam/components/can/sn65hvd234.o
                              0x5b638 (size before relaxing)
 .debug_str     0x0005c492      0x81e src/asf/sam/drivers/can/can.o
                              0x556ea (size before relaxing)
 .debug_str     0x0005ccb0      0x609 src/asf/sam/drivers/pio/pio.o
                              0x55873 (size before relaxing)
 .debug_str     0x0005d2b9      0x42a src/asf/sam/drivers/pio/pio_handler.o
                              0x55866 (size before relaxing)
 .debug_str     0x0005d6e3      0x5b4 src/asf/sam/drivers/pmc/pmc.o
                              0x55770 (size before relaxing)
 .debug_str     0x0005dc97      0xb77 src/asf/sam/drivers/usart/usart.o
                              0x55b13 (size before relaxing)
 .debug_str     0x0005e80e       0xf1 src/asf/sam/drivers/wdt/wdt.o
                              0x54fdd (size before relaxing)
 .debug_str     0x0005e8ff       0x4d src/asf/sam/utils/cmsis/sam3x/source/templates/exceptions.o
                              0x4b6ff (size before relaxing)
 .debug_str     0x0005e94c       0xb2 src/asf/sam/utils/cmsis/sam3x/source/templates/gcc/startup_sam3x.o
                              0x4b7e8 (size before relaxing)
 .debug_str     0x0005e9fe      0x1cd src/asf/sam/utils/cmsis/sam3x/source/templates/system_sam3x.o
                              0x4b9fb (size before relaxing)
 .debug_str     0x0005ebcb     0x27e3 src/asf/thirdparty/FreeRTOS/list.o
                               0x6db9 (size before relaxing)
 .debug_str     0x000613ae      0xaba src/asf/thirdparty/FreeRTOS/portable/GCC/ARM_CM3/port.o
                               0x63e7 (size before relaxing)
 .debug_str     0x00061e68     0x1ffd src/asf/thirdparty/FreeRTOS/queue.o
                               0x912c (size before relaxing)
 .debug_str     0x00063e65     0x1897 src/asf/thirdparty/FreeRTOS/tasks.o
                               0x9a06 (size before relaxing)
 .debug_str     0x000656fc      0x175 src/can_test0.o
                              0x5d5d3 (size before relaxing)
 .debug_str     0x00065871      0x122 src/main.o
                              0x6012f (size before relaxing)
 .debug_str     0x00065993       0x8c src/ParTest.o
                              0x5e30d (size before relaxing)
 .debug_str     0x00065a1f      0x9b3 src/serial.o
                              0x5fc06 (size before relaxing)

.debug_frame    0x00000000     0x2c40
 .debug_frame   0x00000000      0x1c4 src/asf/common/services/clock/sam3x/sysclk.o
 .debug_frame   0x000001c4       0x2c src/asf/sam/boards/sam3x_ek/init.o
 .debug_frame   0x000001f0       0xc8 src/asf/sam/components/can/sn65hvd234.o
 .debug_frame   0x000002b8      0x450 src/asf/sam/drivers/can/can.o
 .debug_frame   0x00000708      0x44c src/asf/sam/drivers/pio/pio.o
 .debug_frame   0x00000b54      0x150 src/asf/sam/drivers/pio/pio_handler.o
 .debug_frame   0x00000ca4      0x598 src/asf/sam/drivers/pmc/pmc.o
 .debug_frame   0x0000123c      0x9b0 src/asf/sam/drivers/usart/usart.o
 .debug_frame   0x00001bec       0xb8 src/asf/sam/drivers/wdt/wdt.o
 .debug_frame   0x00001ca4       0x28 src/asf/sam/utils/cmsis/sam3x/source/templates/exceptions.o
 .debug_frame   0x00001ccc       0x30 src/asf/sam/utils/cmsis/sam3x/source/templates/gcc/startup_sam3x.o
 .debug_frame   0x00001cfc       0x5c src/asf/sam/utils/cmsis/sam3x/source/templates/system_sam3x.o
 .debug_frame   0x00001d58       0x9c src/asf/thirdparty/FreeRTOS/list.o
 .debug_frame   0x00001df4      0x178 src/asf/thirdparty/FreeRTOS/portable/GCC/ARM_CM3/port.o
 .debug_frame   0x00001f6c      0x2f0 src/asf/thirdparty/FreeRTOS/queue.o
 .debug_frame   0x0000225c      0x4fc src/asf/thirdparty/FreeRTOS/tasks.o
 .debug_frame   0x00002758      0x118 src/can_test0.o
 .debug_frame   0x00002870       0xec src/main.o
 .debug_frame   0x0000295c       0x70 src/ParTest.o
 .debug_frame   0x000029cc      0x158 src/serial.o
 .debug_frame   0x00002b24       0x2c c:/program files (x86)/atmel/atmel toolchain/arm gcc/native/4.8.1437/arm-gnu-toolchain/bin/../lib/gcc/arm-none-eabi/4.8.4/../../../../arm-none-eabi/lib/armv7-m\libc.a(lib_a-init.o)
 .debug_frame   0x00002b50       0x2c c:/program files (x86)/atmel/atmel toolchain/arm gcc/native/4.8.1437/arm-gnu-toolchain/bin/../lib/gcc/arm-none-eabi/4.8.4/../../../../arm-none-eabi/lib/armv7-m\libc.a(lib_a-memcmp.o)
 .debug_frame   0x00002b7c       0x48 c:/program files (x86)/atmel/atmel toolchain/arm gcc/native/4.8.1437/arm-gnu-toolchain/bin/../lib/gcc/arm-none-eabi/4.8.4/../../../../arm-none-eabi/lib/armv7-m\libc.a(lib_a-__call_atexit.o)
 .debug_frame   0x00002bc4       0x20 c:/program files (x86)/atmel/atmel toolchain/arm gcc/native/4.8.1437/arm-gnu-toolchain/bin/../lib/gcc/arm-none-eabi/4.8.4/../../../../arm-none-eabi/lib/armv7-m\libc.a(lib_a-atexit.o)
 .debug_frame   0x00002be4       0x2c c:/program files (x86)/atmel/atmel toolchain/arm gcc/native/4.8.1437/arm-gnu-toolchain/bin/../lib/gcc/arm-none-eabi/4.8.4/../../../../arm-none-eabi/lib/armv7-m\libc.a(lib_a-fini.o)
 .debug_frame   0x00002c10       0x30 c:/program files (x86)/atmel/atmel toolchain/arm gcc/native/4.8.1437/arm-gnu-toolchain/bin/../lib/gcc/arm-none-eabi/4.8.4/../../../../arm-none-eabi/lib/armv7-m\libc.a(lib_a-__atexit.o)

Cross Reference Table

Symbol                                            File
ADC_Handler                                       src/asf/sam/utils/cmsis/sam3x/source/templates/exceptions.o
                                                  src/asf/sam/utils/cmsis/sam3x/source/templates/gcc/startup_sam3x.o
BusFault_Handler                                  src/asf/sam/utils/cmsis/sam3x/source/templates/exceptions.o
                                                  src/asf/sam/utils/cmsis/sam3x/source/templates/gcc/startup_sam3x.o
CAN0_Handler                                      src/asf/sam/utils/cmsis/sam3x/source/templates/exceptions.o
                                                  src/asf/sam/utils/cmsis/sam3x/source/templates/gcc/startup_sam3x.o
CAN1_Handler                                      src/can_test0.o
                                                  src/asf/sam/utils/cmsis/sam3x/source/templates/exceptions.o
                                                  src/asf/sam/utils/cmsis/sam3x/source/templates/gcc/startup_sam3x.o
DACC_Handler                                      src/asf/sam/utils/cmsis/sam3x/source/templates/exceptions.o
                                                  src/asf/sam/utils/cmsis/sam3x/source/templates/gcc/startup_sam3x.o
DMAC_Handler                                      src/asf/sam/utils/cmsis/sam3x/source/templates/exceptions.o
                                                  src/asf/sam/utils/cmsis/sam3x/source/templates/gcc/startup_sam3x.o
DebugMon_Handler                                  src/asf/sam/utils/cmsis/sam3x/source/templates/exceptions.o
                                                  src/asf/sam/utils/cmsis/sam3x/source/templates/gcc/startup_sam3x.o
Dummy_Handler                                     src/asf/sam/utils/cmsis/sam3x/source/templates/exceptions.o
EFC0_Handler                                      src/asf/sam/utils/cmsis/sam3x/source/templates/exceptions.o
                                                  src/asf/sam/utils/cmsis/sam3x/source/templates/gcc/startup_sam3x.o
EFC1_Handler                                      src/asf/sam/utils/cmsis/sam3x/source/templates/exceptions.o
                                                  src/asf/sam/utils/cmsis/sam3x/source/templates/gcc/startup_sam3x.o
EMAC_Handler                                      src/asf/sam/utils/cmsis/sam3x/source/templates/exceptions.o
                                                  src/asf/sam/utils/cmsis/sam3x/source/templates/gcc/startup_sam3x.o
HSMCI_Handler                                     src/asf/sam/utils/cmsis/sam3x/source/templates/exceptions.o
                                                  src/asf/sam/utils/cmsis/sam3x/source/templates/gcc/startup_sam3x.o
HardFault_Handler                                 src/asf/sam/utils/cmsis/sam3x/source/templates/exceptions.o
                                                  src/asf/sam/utils/cmsis/sam3x/source/templates/gcc/startup_sam3x.o
MemManage_Handler                                 src/asf/sam/utils/cmsis/sam3x/source/templates/exceptions.o
                                                  src/asf/sam/utils/cmsis/sam3x/source/templates/gcc/startup_sam3x.o
NMI_Handler                                       src/asf/sam/utils/cmsis/sam3x/source/templates/exceptions.o
                                                  src/asf/sam/utils/cmsis/sam3x/source/templates/gcc/startup_sam3x.o
PIOA_Handler                                      src/asf/sam/drivers/pio/pio_handler.o
                                                  src/asf/sam/utils/cmsis/sam3x/source/templates/gcc/startup_sam3x.o
PIOB_Handler                                      src/asf/sam/drivers/pio/pio_handler.o
                                                  src/asf/sam/utils/cmsis/sam3x/source/templates/gcc/startup_sam3x.o
PIOC_Handler                                      src/asf/sam/drivers/pio/pio_handler.o
                                                  src/asf/sam/utils/cmsis/sam3x/source/templates/gcc/startup_sam3x.o
PIOD_Handler                                      src/asf/sam/drivers/pio/pio_handler.o
                                                  src/asf/sam/utils/cmsis/sam3x/source/templates/gcc/startup_sam3x.o
PMC_Handler                                       src/asf/sam/utils/cmsis/sam3x/source/templates/exceptions.o
                                                  src/asf/sam/utils/cmsis/sam3x/source/templates/gcc/startup_sam3x.o
PWM_Handler                                       src/asf/sam/utils/cmsis/sam3x/source/templates/exceptions.o
                                                  src/asf/sam/utils/cmsis/sam3x/source/templates/gcc/startup_sam3x.o
PendSV_Handler                                    src/asf/thirdparty/FreeRTOS/portable/GCC/ARM_CM3/port.o
                                                  src/asf/sam/utils/cmsis/sam3x/source/templates/exceptions.o
                                                  src/asf/sam/utils/cmsis/sam3x/source/templates/gcc/startup_sam3x.o
RSTC_Handler                                      src/asf/sam/utils/cmsis/sam3x/source/templates/exceptions.o
                                                  src/asf/sam/utils/cmsis/sam3x/source/templates/gcc/startup_sam3x.o
RTC_Handler                                       src/asf/sam/utils/cmsis/sam3x/source/templates/exceptions.o
                                                  src/asf/sam/utils/cmsis/sam3x/source/templates/gcc/startup_sam3x.o
RTT_Handler                                       src/asf/sam/utils/cmsis/sam3x/source/templates/exceptions.o
                                                  src/asf/sam/utils/cmsis/sam3x/source/templates/gcc/startup_sam3x.o
Reset_Handler                                     src/asf/sam/utils/cmsis/sam3x/source/templates/gcc/startup_sam3x.o
SMC_Handler                                       src/asf/sam/utils/cmsis/sam3x/source/templates/exceptions.o
                                                  src/asf/sam/utils/cmsis/sam3x/source/templates/gcc/startup_sam3x.o
SPI0_Handler                                      src/asf/sam/utils/cmsis/sam3x/source/templates/exceptions.o
                                                  src/asf/sam/utils/cmsis/sam3x/source/templates/gcc/startup_sam3x.o
SSC_Handler                                       src/asf/sam/utils/cmsis/sam3x/source/templates/exceptions.o
                                                  src/asf/sam/utils/cmsis/sam3x/source/templates/gcc/startup_sam3x.o
SUPC_Handler                                      src/asf/sam/utils/cmsis/sam3x/source/templates/exceptions.o
                                                  src/asf/sam/utils/cmsis/sam3x/source/templates/gcc/startup_sam3x.o
SVC_Handler                                       src/asf/thirdparty/FreeRTOS/portable/GCC/ARM_CM3/port.o
                                                  src/asf/sam/utils/cmsis/sam3x/source/templates/exceptions.o
                                                  src/asf/sam/utils/cmsis/sam3x/source/templates/gcc/startup_sam3x.o
SysTick_Handler                                   src/asf/thirdparty/FreeRTOS/portable/GCC/ARM_CM3/port.o
                                                  src/asf/sam/utils/cmsis/sam3x/source/templates/exceptions.o
                                                  src/asf/sam/utils/cmsis/sam3x/source/templates/gcc/startup_sam3x.o
SystemCoreClock                                   src/asf/sam/utils/cmsis/sam3x/source/templates/system_sam3x.o
                                                  src/asf/thirdparty/FreeRTOS/portable/GCC/ARM_CM3/port.o
SystemCoreClockUpdate                             src/asf/sam/utils/cmsis/sam3x/source/templates/system_sam3x.o
                                                  src/asf/common/services/clock/sam3x/sysclk.o
SystemInit                                        src/asf/sam/utils/cmsis/sam3x/source/templates/system_sam3x.o
TC0_Handler                                       src/asf/sam/utils/cmsis/sam3x/source/templates/exceptions.o
                                                  src/asf/sam/utils/cmsis/sam3x/source/templates/gcc/startup_sam3x.o
TC1_Handler                                       src/asf/sam/utils/cmsis/sam3x/source/templates/exceptions.o
                                                  src/asf/sam/utils/cmsis/sam3x/source/templates/gcc/startup_sam3x.o
TC2_Handler                                       src/asf/sam/utils/cmsis/sam3x/source/templates/exceptions.o
                                                  src/asf/sam/utils/cmsis/sam3x/source/templates/gcc/startup_sam3x.o
TC3_Handler                                       src/asf/sam/utils/cmsis/sam3x/source/templates/exceptions.o
                                                  src/asf/sam/utils/cmsis/sam3x/source/templates/gcc/startup_sam3x.o
TC4_Handler                                       src/asf/sam/utils/cmsis/sam3x/source/templates/exceptions.o
                                                  src/asf/sam/utils/cmsis/sam3x/source/templates/gcc/startup_sam3x.o
TC5_Handler                                       src/asf/sam/utils/cmsis/sam3x/source/templates/exceptions.o
                                                  src/asf/sam/utils/cmsis/sam3x/source/templates/gcc/startup_sam3x.o
TC6_Handler                                       src/asf/sam/utils/cmsis/sam3x/source/templates/exceptions.o
                                                  src/asf/sam/utils/cmsis/sam3x/source/templates/gcc/startup_sam3x.o
TC7_Handler                                       src/asf/sam/utils/cmsis/sam3x/source/templates/exceptions.o
                                                  src/asf/sam/utils/cmsis/sam3x/source/templates/gcc/startup_sam3x.o
TC8_Handler                                       src/asf/sam/utils/cmsis/sam3x/source/templates/exceptions.o
                                                  src/asf/sam/utils/cmsis/sam3x/source/templates/gcc/startup_sam3x.o
TRNG_Handler                                      src/asf/sam/utils/cmsis/sam3x/source/templates/exceptions.o
                                                  src/asf/sam/utils/cmsis/sam3x/source/templates/gcc/startup_sam3x.o
TWI0_Handler                                      src/asf/sam/utils/cmsis/sam3x/source/templates/exceptions.o
                                                  src/asf/sam/utils/cmsis/sam3x/source/templates/gcc/startup_sam3x.o
TWI1_Handler                                      src/asf/sam/utils/cmsis/sam3x/source/templates/exceptions.o
                                                  src/asf/sam/utils/cmsis/sam3x/source/templates/gcc/startup_sam3x.o
UART_Handler                                      src/asf/sam/utils/cmsis/sam3x/source/templates/exceptions.o
                                                  src/asf/sam/utils/cmsis/sam3x/source/templates/gcc/startup_sam3x.o
UOTGHS_Handler                                    src/asf/sam/utils/cmsis/sam3x/source/templates/exceptions.o
                                                  src/asf/sam/utils/cmsis/sam3x/source/templates/gcc/startup_sam3x.o
USART0_Handler                                    src/serial.o
                                                  src/asf/sam/utils/cmsis/sam3x/source/templates/exceptions.o
                                                  src/asf/sam/utils/cmsis/sam3x/source/templates/gcc/startup_sam3x.o
USART1_Handler                                    src/asf/sam/utils/cmsis/sam3x/source/templates/exceptions.o
                                                  src/asf/sam/utils/cmsis/sam3x/source/templates/gcc/startup_sam3x.o
USART2_Handler                                    src/asf/sam/utils/cmsis/sam3x/source/templates/exceptions.o
                                                  src/asf/sam/utils/cmsis/sam3x/source/templates/gcc/startup_sam3x.o
USART3_Handler                                    src/asf/sam/utils/cmsis/sam3x/source/templates/exceptions.o
                                                  src/asf/sam/utils/cmsis/sam3x/source/templates/gcc/startup_sam3x.o
UsageFault_Handler                                src/asf/sam/utils/cmsis/sam3x/source/templates/exceptions.o
                                                  src/asf/sam/utils/cmsis/sam3x/source/templates/gcc/startup_sam3x.o
WDT_Handler                                       src/main.o
                                                  src/asf/sam/utils/cmsis/sam3x/source/templates/exceptions.o
                                                  src/asf/sam/utils/cmsis/sam3x/source/templates/gcc/startup_sam3x.o
_Jv_RegisterClasses                               c:/program files (x86)/atmel/atmel toolchain/arm gcc/native/4.8.1437/arm-gnu-toolchain/bin/../lib/gcc/arm-none-eabi/4.8.4/armv7-m/crtbegin.o
__bss_end__                                       c:/program files (x86)/atmel/atmel toolchain/arm gcc/native/4.8.1437/arm-gnu-toolchain/bin/../lib/gcc/arm-none-eabi/4.8.4/../../../../arm-none-eabi/lib/armv7-m/crt0.o
__bss_start__                                     c:/program files (x86)/atmel/atmel toolchain/arm gcc/native/4.8.1437/arm-gnu-toolchain/bin/../lib/gcc/arm-none-eabi/4.8.4/../../../../arm-none-eabi/lib/armv7-m/crt0.o
__call_exitprocs                                  c:/program files (x86)/atmel/atmel toolchain/arm gcc/native/4.8.1437/arm-gnu-toolchain/bin/../lib/gcc/arm-none-eabi/4.8.4/../../../../arm-none-eabi/lib/armv7-m\libc.a(lib_a-__call_atexit.o)
                                                  c:/program files (x86)/atmel/atmel toolchain/arm gcc/native/4.8.1437/arm-gnu-toolchain/bin/../lib/gcc/arm-none-eabi/4.8.4/../../../../arm-none-eabi/lib/armv7-m\libc.a(lib_a-exit.o)
__deregister_frame_info                           c:/program files (x86)/atmel/atmel toolchain/arm gcc/native/4.8.1437/arm-gnu-toolchain/bin/../lib/gcc/arm-none-eabi/4.8.4/armv7-m/crtbegin.o
__dso_handle                                      c:/program files (x86)/atmel/atmel toolchain/arm gcc/native/4.8.1437/arm-gnu-toolchain/bin/../lib/gcc/arm-none-eabi/4.8.4/armv7-m/crtbegin.o
__fini_array_end                                  c:/program files (x86)/atmel/atmel toolchain/arm gcc/native/4.8.1437/arm-gnu-toolchain/bin/../lib/gcc/arm-none-eabi/4.8.4/../../../../arm-none-eabi/lib/armv7-m\libc.a(lib_a-fini.o)
__fini_array_start                                c:/program files (x86)/atmel/atmel toolchain/arm gcc/native/4.8.1437/arm-gnu-toolchain/bin/../lib/gcc/arm-none-eabi/4.8.4/../../../../arm-none-eabi/lib/armv7-m\libc.a(lib_a-fini.o)
__init_array_end                                  c:/program files (x86)/atmel/atmel toolchain/arm gcc/native/4.8.1437/arm-gnu-toolchain/bin/../lib/gcc/arm-none-eabi/4.8.4/../../../../arm-none-eabi/lib/armv7-m\libc.a(lib_a-init.o)
__init_array_start                                c:/program files (x86)/atmel/atmel toolchain/arm gcc/native/4.8.1437/arm-gnu-toolchain/bin/../lib/gcc/arm-none-eabi/4.8.4/../../../../arm-none-eabi/lib/armv7-m\libc.a(lib_a-init.o)
__libc_fini                                       c:/program files (x86)/atmel/atmel toolchain/arm gcc/native/4.8.1437/arm-gnu-toolchain/bin/../lib/gcc/arm-none-eabi/4.8.4/../../../../arm-none-eabi/lib/armv7-m\libc.a(lib_a-__call_atexit.o)
__libc_fini_array                                 c:/program files (x86)/atmel/atmel toolchain/arm gcc/native/4.8.1437/arm-gnu-toolchain/bin/../lib/gcc/arm-none-eabi/4.8.4/../../../../arm-none-eabi/lib/armv7-m\libc.a(lib_a-fini.o)
                                                  c:/program files (x86)/atmel/atmel toolchain/arm gcc/native/4.8.1437/arm-gnu-toolchain/bin/../lib/gcc/arm-none-eabi/4.8.4/../../../../arm-none-eabi/lib/armv7-m\libc.a(lib_a-__call_atexit.o)
                                                  c:/program files (x86)/atmel/atmel toolchain/arm gcc/native/4.8.1437/arm-gnu-toolchain/bin/../lib/gcc/arm-none-eabi/4.8.4/../../../../arm-none-eabi/lib/armv7-m/crt0.o
__libc_init_array                                 c:/program files (x86)/atmel/atmel toolchain/arm gcc/native/4.8.1437/arm-gnu-toolchain/bin/../lib/gcc/arm-none-eabi/4.8.4/../../../../arm-none-eabi/lib/armv7-m\libc.a(lib_a-init.o)
                                                  src/asf/sam/utils/cmsis/sam3x/source/templates/gcc/startup_sam3x.o
                                                  c:/program files (x86)/atmel/atmel toolchain/arm gcc/native/4.8.1437/arm-gnu-toolchain/bin/../lib/gcc/arm-none-eabi/4.8.4/../../../../arm-none-eabi/lib/armv7-m/crt0.o
__preinit_array_end                               c:/program files (x86)/atmel/atmel toolchain/arm gcc/native/4.8.1437/arm-gnu-toolchain/bin/../lib/gcc/arm-none-eabi/4.8.4/../../../../arm-none-eabi/lib/armv7-m\libc.a(lib_a-init.o)
__preinit_array_start                             c:/program files (x86)/atmel/atmel toolchain/arm gcc/native/4.8.1437/arm-gnu-toolchain/bin/../lib/gcc/arm-none-eabi/4.8.4/../../../../arm-none-eabi/lib/armv7-m\libc.a(lib_a-init.o)
__register_exitproc                               c:/program files (x86)/atmel/atmel toolchain/arm gcc/native/4.8.1437/arm-gnu-toolchain/bin/../lib/gcc/arm-none-eabi/4.8.4/../../../../arm-none-eabi/lib/armv7-m\libc.a(lib_a-__atexit.o)
                                                  c:/program files (x86)/atmel/atmel toolchain/arm gcc/native/4.8.1437/arm-gnu-toolchain/bin/../lib/gcc/arm-none-eabi/4.8.4/../../../../arm-none-eabi/lib/armv7-m\libc.a(lib_a-atexit.o)
__register_frame_info                             c:/program files (x86)/atmel/atmel toolchain/arm gcc/native/4.8.1437/arm-gnu-toolchain/bin/../lib/gcc/arm-none-eabi/4.8.4/armv7-m/crtbegin.o
__stack                                           c:/program files (x86)/atmel/atmel toolchain/arm gcc/native/4.8.1437/arm-gnu-toolchain/bin/../lib/gcc/arm-none-eabi/4.8.4/../../../../arm-none-eabi/lib/armv7-m/crt0.o
_erelocate                                        src/asf/sam/utils/cmsis/sam3x/source/templates/gcc/startup_sam3x.o
_estack                                           src/asf/sam/utils/cmsis/sam3x/source/templates/gcc/startup_sam3x.o
_etext                                            src/asf/sam/utils/cmsis/sam3x/source/templates/gcc/startup_sam3x.o
_exit                                             c:/program files (x86)/atmel/atmel toolchain/arm gcc/native/4.8.1437/arm-gnu-toolchain/bin/../lib/gcc/arm-none-eabi/4.8.4/../../../../arm-none-eabi/lib/armv7-m\libc.a(lib_a-exit.o)
_ezero                                            src/asf/sam/utils/cmsis/sam3x/source/templates/gcc/startup_sam3x.o
_fini                                             c:/program files (x86)/atmel/atmel toolchain/arm gcc/native/4.8.1437/arm-gnu-toolchain/bin/../lib/gcc/arm-none-eabi/4.8.4/armv7-m/crti.o
                                                  c:/program files (x86)/atmel/atmel toolchain/arm gcc/native/4.8.1437/arm-gnu-toolchain/bin/../lib/gcc/arm-none-eabi/4.8.4/../../../../arm-none-eabi/lib/armv7-m\libc.a(lib_a-fini.o)
_global_impure_ptr                                c:/program files (x86)/atmel/atmel toolchain/arm gcc/native/4.8.1437/arm-gnu-toolchain/bin/../lib/gcc/arm-none-eabi/4.8.4/../../../../arm-none-eabi/lib/armv7-m\libc.a(lib_a-impure.o)
                                                  c:/program files (x86)/atmel/atmel toolchain/arm gcc/native/4.8.1437/arm-gnu-toolchain/bin/../lib/gcc/arm-none-eabi/4.8.4/../../../../arm-none-eabi/lib/armv7-m\libc.a(lib_a-__atexit.o)
                                                  c:/program files (x86)/atmel/atmel toolchain/arm gcc/native/4.8.1437/arm-gnu-toolchain/bin/../lib/gcc/arm-none-eabi/4.8.4/../../../../arm-none-eabi/lib/armv7-m\libc.a(lib_a-__call_atexit.o)
                                                  c:/program files (x86)/atmel/atmel toolchain/arm gcc/native/4.8.1437/arm-gnu-toolchain/bin/../lib/gcc/arm-none-eabi/4.8.4/../../../../arm-none-eabi/lib/armv7-m\libc.a(lib_a-exit.o)
_impure_ptr                                       c:/program files (x86)/atmel/atmel toolchain/arm gcc/native/4.8.1437/arm-gnu-toolchain/bin/../lib/gcc/arm-none-eabi/4.8.4/../../../../arm-none-eabi/lib/armv7-m\libc.a(lib_a-impure.o)
_init                                             c:/program files (x86)/atmel/atmel toolchain/arm gcc/native/4.8.1437/arm-gnu-toolchain/bin/../lib/gcc/arm-none-eabi/4.8.4/armv7-m/crti.o
                                                  c:/program files (x86)/atmel/atmel toolchain/arm gcc/native/4.8.1437/arm-gnu-toolchain/bin/../lib/gcc/arm-none-eabi/4.8.4/../../../../arm-none-eabi/lib/armv7-m\libc.a(lib_a-init.o)
_mainCRTStartup                                   c:/program files (x86)/atmel/atmel toolchain/arm gcc/native/4.8.1437/arm-gnu-toolchain/bin/../lib/gcc/arm-none-eabi/4.8.4/../../../../arm-none-eabi/lib/armv7-m/crt0.o
_read                                             src/asf/common/utils/stdio/read.o
_sfixed                                           src/asf/sam/utils/cmsis/sam3x/source/templates/gcc/startup_sam3x.o
_srelocate                                        src/asf/sam/utils/cmsis/sam3x/source/templates/gcc/startup_sam3x.o
_start                                            c:/program files (x86)/atmel/atmel toolchain/arm gcc/native/4.8.1437/arm-gnu-toolchain/bin/../lib/gcc/arm-none-eabi/4.8.4/../../../../arm-none-eabi/lib/armv7-m/crt0.o
_szero                                            src/asf/sam/utils/cmsis/sam3x/source/templates/gcc/startup_sam3x.o
_write                                            src/asf/common/utils/stdio/write.o
atexit                                            c:/program files (x86)/atmel/atmel toolchain/arm gcc/native/4.8.1437/arm-gnu-toolchain/bin/../lib/gcc/arm-none-eabi/4.8.4/../../../../arm-none-eabi/lib/armv7-m\libc.a(lib_a-atexit.o)
                                                  c:/program files (x86)/atmel/atmel toolchain/arm gcc/native/4.8.1437/arm-gnu-toolchain/bin/../lib/gcc/arm-none-eabi/4.8.4/../../../../arm-none-eabi/lib/armv7-m\libc.a(lib_a-__call_atexit.o)
                                                  c:/program files (x86)/atmel/atmel toolchain/arm gcc/native/4.8.1437/arm-gnu-toolchain/bin/../lib/gcc/arm-none-eabi/4.8.4/../../../../arm-none-eabi/lib/armv7-m/crt0.o
board_init                                        src/asf/sam/boards/sam3x_ek/init.o
                                                  src/main.o
can0_mailbox                                      src/main.o
                                                  src/can_test0.o
can0_transceiver                                  src/main.o
                                                  src/can_test0.o
can1_mailbox                                      src/main.o
                                                  src/can_test0.o
can1_transceiver                                  src/main.o
                                                  src/can_test0.o
can_bit_time                                      src/asf/sam/drivers/can/can.o
can_disable                                       src/asf/sam/drivers/can/can.o
                                                  src/can_test0.o
can_disable_autobaud_listen_mode                  src/asf/sam/drivers/can/can.o
can_disable_interrupt                             src/asf/sam/drivers/can/can.o
                                                  src/can_test0.o
can_disable_low_power_mode                        src/asf/sam/drivers/can/can.o
can_disable_overload_frame                        src/asf/sam/drivers/can/can.o
can_disable_time_triggered_mode                   src/asf/sam/drivers/can/can.o
can_disable_timer_freeze                          src/asf/sam/drivers/can/can.o
can_disable_tx_repeat                             src/asf/sam/drivers/can/can.o
can_enable                                        src/asf/sam/drivers/can/can.o
can_enable_autobaud_listen_mode                   src/asf/sam/drivers/can/can.o
can_enable_interrupt                              src/asf/sam/drivers/can/can.o
                                                  src/can_test0.o
can_enable_low_power_mode                         src/asf/sam/drivers/can/can.o
can_enable_overload_frame                         src/asf/sam/drivers/can/can.o
can_enable_time_triggered_mode                    src/asf/sam/drivers/can/can.o
can_enable_timer_freeze                           src/asf/sam/drivers/can/can.o
can_enable_tx_repeat                              src/asf/sam/drivers/can/can.o
can_get_internal_timer_value                      src/asf/sam/drivers/can/can.o
can_get_interrupt_mask                            src/asf/sam/drivers/can/can.o
can_get_rx_error_cnt                              src/asf/sam/drivers/can/can.o
can_get_status                                    src/asf/sam/drivers/can/can.o
                                                  src/can_test0.o
can_get_timestamp_value                           src/asf/sam/drivers/can/can.o
can_get_tx_error_cnt                              src/asf/sam/drivers/can/can.o
can_global_send_abort_cmd                         src/asf/sam/drivers/can/can.o
can_global_send_transfer_cmd                      src/asf/sam/drivers/can/can.o
                                                  src/can_test0.o
can_init                                          src/asf/sam/drivers/can/can.o
                                                  src/can_test0.o
can_mailbox_get_status                            src/asf/sam/drivers/can/can.o
                                                  src/can_test0.o
can_mailbox_init                                  src/asf/sam/drivers/can/can.o
                                                  src/can_test0.o
can_mailbox_read                                  src/asf/sam/drivers/can/can.o
                                                  src/can_test0.o
can_mailbox_send_abort_cmd                        src/asf/sam/drivers/can/can.o
can_mailbox_send_transfer_cmd                     src/asf/sam/drivers/can/can.o
can_mailbox_set_timemark                          src/asf/sam/drivers/can/can.o
can_mailbox_tx_remote_frame                       src/asf/sam/drivers/can/can.o
can_mailbox_write                                 src/asf/sam/drivers/can/can.o
                                                  src/can_test0.o
can_reset_all_mailbox                             src/asf/sam/drivers/can/can.o
                                                  src/can_test0.o
can_reset_internal_timer                          src/asf/sam/drivers/can/can.o
can_set_rx_sync_stage                             src/asf/sam/drivers/can/can.o
can_set_timestamp_capture_point                   src/asf/sam/drivers/can/can.o
can_test                                          src/can_test0.o
                                                  src/main.o
decode_can_msg                                    src/can_test0.o
exception_table                                   src/asf/sam/utils/cmsis/sam3x/source/templates/gcc/startup_sam3x.o
exit                                              c:/program files (x86)/atmel/atmel toolchain/arm gcc/native/4.8.1437/arm-gnu-toolchain/bin/../lib/gcc/arm-none-eabi/4.8.4/../../../../arm-none-eabi/lib/armv7-m\libc.a(lib_a-exit.o)
                                                  c:/program files (x86)/atmel/atmel toolchain/arm gcc/native/4.8.1437/arm-gnu-toolchain/bin/../lib/gcc/arm-none-eabi/4.8.4/../../../../arm-none-eabi/lib/armv7-m/crt0.o
free                                              c:/program files (x86)/atmel/atmel toolchain/arm gcc/native/4.8.1437/arm-gnu-toolchain/bin/../lib/gcc/arm-none-eabi/4.8.4/../../../../arm-none-eabi/lib/armv7-m\libc.a(lib_a-__call_atexit.o)
g_interrupt_enabled                               src/asf/common/utils/interrupt/interrupt_sam_nvic.o
g_ul_recv_status                                  src/can_test0.o
hardware_init_hook                                c:/program files (x86)/atmel/atmel toolchain/arm gcc/native/4.8.1437/arm-gnu-toolchain/bin/../lib/gcc/arm-none-eabi/4.8.4/../../../../arm-none-eabi/lib/armv7-m/crt0.o