Archive member included because of file (symbol)

c:/program files (x86)/atmel/atmel toolchain/arm gcc/native/4.8.1437/arm-gnu-toolchain/bin/../lib/gcc/arm-none-eabi/4.8.4/../../../../arm-none-eabi/lib/armv7-m\libc.a(lib_a-exit.o)
                              c:/program files (x86)/atmel/atmel toolchain/arm gcc/native/4.8.1437/arm-gnu-toolchain/bin/../lib/gcc/arm-none-eabi/4.8.4/../../../../arm-none-eabi/lib/armv7-m/crt0.o (exit)
c:/program files (x86)/atmel/atmel toolchain/arm gcc/native/4.8.1437/arm-gnu-toolchain/bin/../lib/gcc/arm-none-eabi/4.8.4/../../../../arm-none-eabi/lib/armv7-m\libc.a(lib_a-impure.o)
                              c:/program files (x86)/atmel/atmel toolchain/arm gcc/native/4.8.1437/arm-gnu-toolchain/bin/../lib/gcc/arm-none-eabi/4.8.4/../../../../arm-none-eabi/lib/armv7-m\libc.a(lib_a-exit.o) (_global_impure_ptr)
c:/program files (x86)/atmel/atmel toolchain/arm gcc/native/4.8.1437/arm-gnu-toolchain/bin/../lib/gcc/arm-none-eabi/4.8.4/../../../../arm-none-eabi/lib/armv7-m\libc.a(lib_a-init.o)
                              c:/program files (x86)/atmel/atmel toolchain/arm gcc/native/4.8.1437/arm-gnu-toolchain/bin/../lib/gcc/arm-none-eabi/4.8.4/../../../../arm-none-eabi/lib/armv7-m/crt0.o (__libc_init_array)
c:/program files (x86)/atmel/atmel toolchain/arm gcc/native/4.8.1437/arm-gnu-toolchain/bin/../lib/gcc/arm-none-eabi/4.8.4/../../../../arm-none-eabi/lib/armv7-m\libc.a(lib_a-memcmp.o)
                              src/asf/thirdparty/FreeRTOS/tasks.o (memcmp)
c:/program files (x86)/atmel/atmel toolchain/arm gcc/native/4.8.1437/arm-gnu-toolchain/bin/../lib/gcc/arm-none-eabi/4.8.4/../../../../arm-none-eabi/lib/armv7-m\libc.a(lib_a-memcpy.o)
                              src/asf/thirdparty/FreeRTOS/queue.o (memcpy)
c:/program files (x86)/atmel/atmel toolchain/arm gcc/native/4.8.1437/arm-gnu-toolchain/bin/../lib/gcc/arm-none-eabi/4.8.4/../../../../arm-none-eabi/lib/armv7-m\libc.a(lib_a-memset.o)
                              c:/program files (x86)/atmel/atmel toolchain/arm gcc/native/4.8.1437/arm-gnu-toolchain/bin/../lib/gcc/arm-none-eabi/4.8.4/../../../../arm-none-eabi/lib/armv7-m/crt0.o (memset)
c:/program files (x86)/atmel/atmel toolchain/arm gcc/native/4.8.1437/arm-gnu-toolchain/bin/../lib/gcc/arm-none-eabi/4.8.4/../../../../arm-none-eabi/lib/armv7-m\libc.a(lib_a-__call_atexit.o)
                              c:/program files (x86)/atmel/atmel toolchain/arm gcc/native/4.8.1437/arm-gnu-toolchain/bin/../lib/gcc/arm-none-eabi/4.8.4/../../../../arm-none-eabi/lib/armv7-m\libc.a(lib_a-exit.o) (__call_exitprocs)
c:/program files (x86)/atmel/atmel toolchain/arm gcc/native/4.8.1437/arm-gnu-toolchain/bin/../lib/gcc/arm-none-eabi/4.8.4/../../../../arm-none-eabi/lib/armv7-m\libc.a(lib_a-atexit.o)
                              c:/program files (x86)/atmel/atmel toolchain/arm gcc/native/4.8.1437/arm-gnu-toolchain/bin/../lib/gcc/arm-none-eabi/4.8.4/../../../../arm-none-eabi/lib/armv7-m\libc.a(lib_a-__call_atexit.o) (atexit)
c:/program files (x86)/atmel/atmel toolchain/arm gcc/native/4.8.1437/arm-gnu-toolchain/bin/../lib/gcc/arm-none-eabi/4.8.4/../../../../arm-none-eabi/lib/armv7-m\libc.a(lib_a-fini.o)
                              c:/program files (x86)/atmel/atmel toolchain/arm gcc/native/4.8.1437/arm-gnu-toolchain/bin/../lib/gcc/arm-none-eabi/4.8.4/../../../../arm-none-eabi/lib/armv7-m\libc.a(lib_a-__call_atexit.o) (__libc_fini_array)
c:/program files (x86)/atmel/atmel toolchain/arm gcc/native/4.8.1437/arm-gnu-toolchain/bin/../lib/gcc/arm-none-eabi/4.8.4/../../../../arm-none-eabi/lib/armv7-m\libc.a(lib_a-__atexit.o)
                              c:/program files (x86)/atmel/atmel toolchain/arm gcc/native/4.8.1437/arm-gnu-toolchain/bin/../lib/gcc/arm-none-eabi/4.8.4/../../../../arm-none-eabi/lib/armv7-m\libc.a(lib_a-atexit.o) (__register_exitproc)

Allocating common symbols
Common symbol       size              file

ptr_get             0x4               src/asf/common/utils/stdio/read.o
can1_mailbox        0x20              src/can_test1.o
can1_transceiver    0x8               src/can_test1.o
ptr_put             0x4               src/asf/common/utils/stdio/write.o
stdio_base          0x4               src/asf/common/utils/stdio/write.o
g_uc_alarmed        0x1               src/rtt_test0.o
can0_mailbox        0x20              src/can_test1.o
xCreatedTask        0x4               src/Common-Demo-Source/death.o
g_uc_state          0x1               src/rtt_test0.o
g_ul_new_alarm      0x4               src/rtt_test0.o
xSuspendedTestQueue
                    0x4               src/Common-Demo-Source/dynamic.o
can0_transceiver    0x8               src/can_test1.o

Discarded input sections

 .text          0x00000000        0x0 c:/program files (x86)/atmel/atmel toolchain/arm gcc/native/4.8.1437/arm-gnu-toolchain/bin/../lib/gcc/arm-none-eabi/4.8.4/armv7-m/crti.o
[...]
Memory Configuration

Name             Origin             Length             Attributes
rom              0x00080000         0x00080000         xr
sram0            0x20000000         0x00010000         xrw
sram1            0x20080000         0x00008000         xrw
ram              0x20070000         0x00018000         xrw
*default*        0x00000000         0xffffffff

Linker script and memory map

LOAD c:/program files (x86)/atmel/atmel toolchain/arm gcc/native/4.8.1437/arm-gnu-toolchain/bin/../lib/gcc/arm-none-eabi/4.8.4/armv7-m/crti.o
LOAD c:/program files (x86)/atmel/atmel toolchain/arm gcc/native/4.8.1437/arm-gnu-toolchain/bin/../lib/gcc/arm-none-eabi/4.8.4/armv7-m/crtbegin.o
LOAD c:/program files (x86)/atmel/atmel toolchain/arm gcc/native/4.8.1437/arm-gnu-toolchain/bin/../lib/gcc/arm-none-eabi/4.8.4/../../../../arm-none-eabi/lib/armv7-m/crt0.o
LOAD src/asf/common/services/clock/sam3x/sysclk.o
LOAD src/asf/common/utils/interrupt/interrupt_sam_nvic.o
LOAD src/asf/common/utils/stdio/read.o
LOAD src/asf/common/utils/stdio/write.o
LOAD src/asf/sam/boards/sam3x_ek/init.o
LOAD src/asf/sam/components/can/sn65hvd234.o
LOAD src/asf/sam/drivers/can/can.o
LOAD src/asf/sam/drivers/pio/pio.o
LOAD src/asf/sam/drivers/pio/pio_handler.o
LOAD src/asf/sam/drivers/pmc/pmc.o
LOAD src/asf/sam/drivers/rtt/rtt.o
LOAD src/asf/sam/drivers/usart/usart.o
LOAD src/asf/sam/drivers/wdt/wdt.o
LOAD src/asf/sam/utils/cmsis/sam3x/source/templates/exceptions.o
LOAD src/asf/sam/utils/cmsis/sam3x/source/templates/gcc/startup_sam3x.o
LOAD src/asf/sam/utils/cmsis/sam3x/source/templates/system_sam3x.o
LOAD src/asf/thirdparty/FreeRTOS/list.o
LOAD src/asf/thirdparty/FreeRTOS/portable/GCC/ARM_CM3/port.o
LOAD src/asf/thirdparty/FreeRTOS/portable/MemMang/heap_4.o
LOAD src/asf/thirdparty/FreeRTOS/queue.o
LOAD src/asf/thirdparty/FreeRTOS/tasks.o
LOAD src/asf/thirdparty/FreeRTOS/timers.o
LOAD src/can_test1.o
LOAD src/Common-Demo-Source/BlockQ.o
LOAD src/Common-Demo-Source/blocktim.o
LOAD src/Common-Demo-Source/comtest.o
LOAD src/Common-Demo-Source/countsem.o
LOAD src/Common-Demo-Source/death.o
LOAD src/Common-Demo-Source/dynamic.o
LOAD src/Common-Demo-Source/flash_timer.o
LOAD src/Common-Demo-Source/GenQTest.o
LOAD src/Common-Demo-Source/integer.o
LOAD src/Common-Demo-Source/PollQ.o
LOAD src/Common-Demo-Source/recmutex.o
LOAD src/Common-Demo-Source/semtest.o
LOAD src/main.o
LOAD src/main_blinky.o
LOAD src/main_full.o
LOAD my_blink.o
LOAD src/ParTest.o
LOAD src/rtt_test0.o
LOAD src/serial.o
START GROUP
END GROUP
START GROUP
LOAD c:/program files (x86)/atmel/atmel toolchain/arm gcc/native/4.8.1437/arm-gnu-toolchain/bin/../lib/gcc/arm-none-eabi/4.8.4/armv7-m\libgcc.a
LOAD c:/program files (x86)/atmel/atmel toolchain/arm gcc/native/4.8.1437/arm-gnu-toolchain/bin/../lib/gcc/arm-none-eabi/4.8.4/../../../../arm-none-eabi/lib/armv7-m\libc.a
END GROUP
LOAD c:/program files (x86)/atmel/atmel toolchain/arm gcc/native/4.8.1437/arm-gnu-toolchain/bin/../lib/gcc/arm-none-eabi/4.8.4/armv7-m/crtend.o
LOAD c:/program files (x86)/atmel/atmel toolchain/arm gcc/native/4.8.1437/arm-gnu-toolchain/bin/../lib/gcc/arm-none-eabi/4.8.4/armv7-m/crtn.o
                0x00002000                STACK_SIZE = 0x2000

.text           0x00080000     0x29a4
                0x00080000                . = ALIGN (0x4)
                0x00080000                _sfixed = .
 *(.vectors .vectors.*)
 .vectors       0x00080000       0xf4 src/asf/sam/utils/cmsis/sam3x/source/templates/gcc/startup_sam3x.o
                0x00080000                exception_table
 *(.text .text.* .gnu.linkonce.t.*)
 .text          0x000800f4       0x54 c:/program files (x86)/atmel/atmel toolchain/arm gcc/native/4.8.1437/arm-gnu-toolchain/bin/../lib/gcc/arm-none-eabi/4.8.4/armv7-m/crtbegin.o
 .text.osc_enable
                0x00080148       0x80 src/asf/common/services/clock/sam3x/sysclk.o
 .text.osc_is_ready
                0x000801c8       0x70 src/asf/common/services/clock/sam3x/sysclk.o
 .text.osc_get_rate
                0x00080238       0x74 src/asf/common/services/clock/sam3x/sysclk.o
 .text.osc_wait_ready
                0x000802ac       0x2c src/asf/common/services/clock/sam3x/sysclk.o
 .text.pll_config_init
                0x000802d8       0x68 src/asf/common/services/clock/sam3x/sysclk.o
 .text.pll_enable
                0x00080340       0x3c src/asf/common/services/clock/sam3x/sysclk.o
 .text.pll_is_locked
                0x0008037c       0x2c src/asf/common/services/clock/sam3x/sysclk.o
 .text.pll_enable_source
                0x000803a8       0x34 src/asf/common/services/clock/sam3x/sysclk.o
 .text.pll_wait_for_lock
                0x000803dc       0x24 src/asf/common/services/clock/sam3x/sysclk.o
 .text.sysclk_get_main_hz
                0x00080400       0x1c src/asf/common/services/clock/sam3x/sysclk.o
 .text.sysclk_get_cpu_hz
                0x0008041c       0x14 src/asf/common/services/clock/sam3x/sysclk.o
 .text.sysclk_init
                0x00080430       0x68 src/asf/common/services/clock/sam3x/sysclk.o
                0x00080430                sysclk_init
 .text.board_init
                0x00080498       0xd8 src/asf/sam/boards/sam3x_ek/init.o
                0x00080498                board_init
 .text.can_enable_interrupt
                0x00080570       0x1c src/asf/sam/drivers/can/can.o
                0x00080570                can_enable_interrupt
 .text.can_disable_interrupt
                0x0008058c       0x1c src/asf/sam/drivers/can/can.o
                0x0008058c                can_disable_interrupt
 .text.can_get_status
                0x000805a8       0x18 src/asf/sam/drivers/can/can.o
                0x000805a8                can_get_status
 .text.can_global_send_transfer_cmd
                0x000805c0       0x2c src/asf/sam/drivers/can/can.o
                0x000805c0                can_global_send_transfer_cmd
 .text.can_mailbox_get_status
                0x000805ec       0x28 src/asf/sam/drivers/can/can.o
                0x000805ec                can_mailbox_get_status
 .text.can_mailbox_send_transfer_cmd
                0x00080614       0x38 src/asf/sam/drivers/can/can.o
                0x00080614                can_mailbox_send_transfer_cmd
 .text.can_mailbox_init
                0x0008064c      0x120 src/asf/sam/drivers/can/can.o
                0x0008064c                can_mailbox_init
 .text.can_mailbox_read
                0x0008076c       0xc4 src/asf/sam/drivers/can/can.o
                0x0008076c                can_mailbox_read
 .text.can_mailbox_write
                0x00080830       0xb8 src/asf/sam/drivers/can/can.o
                0x00080830                can_mailbox_write
 .text.can_reset_all_mailbox
                0x000808e8       0x44 src/asf/sam/drivers/can/can.o
                0x000808e8                can_reset_all_mailbox
 .text.pio_pull_up
                0x0008092c       0x2c src/asf/sam/drivers/pio/pio.o
                0x0008092c                pio_pull_up
 .text.pio_set_peripheral
                0x00080958       0x80 src/asf/sam/drivers/pio/pio.o
                0x00080958                pio_set_peripheral
 .text.pio_set_input
                0x000809d8       0x7c src/asf/sam/drivers/pio/pio.o
                0x000809d8                pio_set_input
 .text.pio_set_output
                0x00080a54       0x64 src/asf/sam/drivers/pio/pio.o
                0x00080a54                pio_set_output
 .text.pio_disable_interrupt
                0x00080ab8       0x1c src/asf/sam/drivers/pio/pio.o
                0x00080ab8                pio_disable_interrupt
 .text.pio_get_interrupt_status
                0x00080ad4       0x18 src/asf/sam/drivers/pio/pio.o
                0x00080ad4                pio_get_interrupt_status
 .text.pio_get_interrupt_mask
                0x00080aec       0x18 src/asf/sam/drivers/pio/pio.o
                0x00080aec                pio_get_interrupt_mask
 .text.pio_set_pin_high
                0x00080b04       0x34 src/asf/sam/drivers/pio/pio.o
                0x00080b04                pio_set_pin_high
 .text.pio_set_pin_low
                0x00080b38       0x34 src/asf/sam/drivers/pio/pio.o
                0x00080b38                pio_set_pin_low
 .text.pio_toggle_pin
                0x00080b6c       0x60 src/asf/sam/drivers/pio/pio.o
                0x00080b6c                pio_toggle_pin
 .text.pio_configure_pin
                0x00080bcc      0x13c src/asf/sam/drivers/pio/pio.o
                0x00080bcc                pio_configure_pin
 .text.pio_handler_process
                0x00080d08       0xa4 src/asf/sam/drivers/pio/pio_handler.o
                0x00080d08                pio_handler_process
 .text.PIOA_Handler
                0x00080dac       0x18 src/asf/sam/drivers/pio/pio_handler.o
                0x00080dac                PIOA_Handler
 .text.PIOB_Handler
                0x00080dc4       0x18 src/asf/sam/drivers/pio/pio_handler.o
                0x00080dc4                PIOB_Handler
 .text.PIOC_Handler
                0x00080ddc       0x18 src/asf/sam/drivers/pio/pio_handler.o
                0x00080ddc                PIOC_Handler
 .text.PIOD_Handler
                0x00080df4       0x18 src/asf/sam/drivers/pio/pio_handler.o
                0x00080df4                PIOD_Handler
 .text.pmc_switch_mck_to_pllack
                0x00080e0c       0x84 src/asf/sam/drivers/pmc/pmc.o
                0x00080e0c                pmc_switch_mck_to_pllack
 .text.pmc_switch_sclk_to_32kxtal
                0x00080e90       0x3c src/asf/sam/drivers/pmc/pmc.o
                0x00080e90                pmc_switch_sclk_to_32kxtal
 .text.pmc_osc_is_ready_32kxtal
                0x00080ecc       0x34 src/asf/sam/drivers/pmc/pmc.o
                0x00080ecc                pmc_osc_is_ready_32kxtal
 .text.pmc_switch_mainck_to_fastrc
                0x00080f00       0xa0 src/asf/sam/drivers/pmc/pmc.o
                0x00080f00                pmc_switch_mainck_to_fastrc
 .text.pmc_switch_mainck_to_xtal
                0x00080fa0       0x6c src/asf/sam/drivers/pmc/pmc.o
                0x00080fa0                pmc_switch_mainck_to_xtal
 .text.pmc_osc_is_ready_mainck
                0x0008100c       0x1c src/asf/sam/drivers/pmc/pmc.o
                0x0008100c                pmc_osc_is_ready_mainck
 .text.pmc_disable_pllack
                0x00081028       0x18 src/asf/sam/drivers/pmc/pmc.o
                0x00081028                pmc_disable_pllack
 .text.pmc_is_locked_pllack
                0x00081040       0x1c src/asf/sam/drivers/pmc/pmc.o
                0x00081040                pmc_is_locked_pllack
 .text.pmc_is_locked_upll
                0x0008105c       0x1c src/asf/sam/drivers/pmc/pmc.o
                0x0008105c                pmc_is_locked_upll
 .text.rtt_init
                0x00081078       0x24 src/asf/sam/drivers/rtt/rtt.o
                0x00081078                rtt_init
 .text.rtt_enable_interrupt
                0x0008109c       0x28 src/asf/sam/drivers/rtt/rtt.o
                0x0008109c                rtt_enable_interrupt
 .text.rtt_disable_interrupt
                0x000810c4       0x30 src/asf/sam/drivers/rtt/rtt.o
                0x000810c4                rtt_disable_interrupt
 .text.rtt_read_timer_value
                0x000810f4       0x18 src/asf/sam/drivers/rtt/rtt.o
                0x000810f4                rtt_read_timer_value
 .text.rtt_get_status
                0x0008110c       0x18 src/asf/sam/drivers/rtt/rtt.o
                0x0008110c                rtt_get_status
 .text.rtt_write_alarm_time
                0x00081124       0x58 src/asf/sam/drivers/rtt/rtt.o
                0x00081124                rtt_write_alarm_time
 .text.usart_disable_interrupt
                0x0008117c       0x1c src/asf/sam/drivers/usart/usart.o
                0x0008117c                usart_disable_interrupt
 .text.usart_get_interrupt_mask
                0x00081198       0x18 src/asf/sam/drivers/usart/usart.o
                0x00081198                usart_get_interrupt_mask
 .text.usart_get_status
                0x000811b0       0x18 src/asf/sam/drivers/usart/usart.o
                0x000811b0                usart_get_status
 .text.usart_putchar
                0x000811c8       0x44 src/asf/sam/drivers/usart/usart.o
                0x000811c8                usart_putchar
 .text.usart_getchar
                0x0008120c       0x48 src/asf/sam/drivers/usart/usart.o
                0x0008120c                usart_getchar
 .text.wdt_restart
                0x00081254       0x28 src/asf/sam/drivers/wdt/wdt.o
                0x00081254                wdt_restart
 .text.wdt_get_status
                0x0008127c       0x18 src/asf/sam/drivers/wdt/wdt.o
                0x0008127c                wdt_get_status
 .text.Dummy_Handler
                0x00081294        0x8 src/asf/sam/utils/cmsis/sam3x/source/templates/exceptions.o
                0x00081294                DACC_Handler
                0x00081294                DebugMon_Handler
                0x00081294                DMAC_Handler
                0x00081294                TRNG_Handler
                0x00081294                HardFault_Handler
                0x00081294                TC2_Handler
                0x00081294                USART3_Handler
                0x00081294                TWI1_Handler
                0x00081294                NMI_Handler
                0x00081294                TC7_Handler
                0x00081294                ADC_Handler
                0x00081294                SMC_Handler
                0x00081294                EFC1_Handler
                0x00081294                RTC_Handler
                0x00081294                UsageFault_Handler
                0x00081294                TC6_Handler
                0x00081294                TC4_Handler
                0x00081294                TC1_Handler
                0x00081294                HSMCI_Handler
                0x00081294                TC3_Handler
                0x00081294                Dummy_Handler
                0x00081294                TWI0_Handler
                0x00081294                USART1_Handler
                0x00081294                SSC_Handler
                0x00081294                EFC0_Handler
                0x00081294                PMC_Handler
                0x00081294                PWM_Handler
                0x00081294                MemManage_Handler
                0x00081294                SUPC_Handler
                0x00081294                TC8_Handler
                0x00081294                USART2_Handler
                0x00081294                EMAC_Handler
                0x00081294                UART_Handler
                0x00081294                BusFault_Handler
                0x00081294                RSTC_Handler
                0x00081294                TC0_Handler
                0x00081294                TC5_Handler
                0x00081294                UOTGHS_Handler
                0x00081294                SPI0_Handler
 .text.Reset_Handler
                0x0008129c       0xa8 src/asf/sam/utils/cmsis/sam3x/source/templates/gcc/startup_sam3x.o
                0x0008129c                Reset_Handler
 .text.SystemCoreClockUpdate
                0x00081344      0x180 src/asf/sam/utils/cmsis/sam3x/source/templates/system_sam3x.o
                0x00081344                SystemCoreClockUpdate
 .text.system_init_flash
                0x000814c4       0xa0 src/asf/sam/utils/cmsis/sam3x/source/templates/system_sam3x.o
                0x000814c4                system_init_flash
 .text.vListInsertEnd
                0x00081564       0x48 src/asf/thirdparty/FreeRTOS/list.o
                0x00081564                vListInsertEnd
 .text.uxListRemove
                0x000815ac       0x54 src/asf/thirdparty/FreeRTOS/list.o
                0x000815ac                uxListRemove
 .text.SVC_Handler
                0x00081600       0x24 src/asf/thirdparty/FreeRTOS/portable/GCC/ARM_CM3/port.o
                0x00081600                SVC_Handler
 .text.vPortEnterCritical
                0x00081624       0x44 src/asf/thirdparty/FreeRTOS/portable/GCC/ARM_CM3/port.o
                0x00081624                vPortEnterCritical
 .text.vPortExitCritical
                0x00081668       0x38 src/asf/thirdparty/FreeRTOS/portable/GCC/ARM_CM3/port.o
                0x00081668                vPortExitCritical
 .text.ulPortSetInterruptMask
                0x000816a0       0x14 src/asf/thirdparty/FreeRTOS/portable/GCC/ARM_CM3/port.o
                0x000816a0                ulPortSetInterruptMask
 .text.vPortClearInterruptMask
                0x000816b4        0x8 src/asf/thirdparty/FreeRTOS/portable/GCC/ARM_CM3/port.o
                0x000816b4                vPortClearInterruptMask
 .text.PendSV_Handler
                0x000816bc       0x44 src/asf/thirdparty/FreeRTOS/portable/GCC/ARM_CM3/port.o
                0x000816bc                PendSV_Handler
 .text.SysTick_Handler
                0x00081700       0x34 src/asf/thirdparty/FreeRTOS/portable/GCC/ARM_CM3/port.o
                0x00081700                SysTick_Handler
 .text.vPortValidateInterruptPriority
                0x00081734       0x5c src/asf/thirdparty/FreeRTOS/portable/GCC/ARM_CM3/port.o
                0x00081734                vPortValidateInterruptPriority
 .text.xQueueGenericSendFromISR
                0x00081790       0xfc src/asf/thirdparty/FreeRTOS/queue.o
                0x00081790                xQueueGenericSendFromISR
 .text.xQueueReceiveFromISR
                0x0008188c       0xc8 src/asf/thirdparty/FreeRTOS/queue.o
                0x0008188c                xQueueReceiveFromISR
 .text.prvCopyDataToQueue
                0x00081954       0xe4 src/asf/thirdparty/FreeRTOS/queue.o
 .text.prvCopyDataFromQueue
                0x00081a38       0x50 src/asf/thirdparty/FreeRTOS/queue.o
 .text.xTaskIncrementTick
                0x00081a88      0x17c src/asf/thirdparty/FreeRTOS/tasks.o
                0x00081a88                xTaskIncrementTick
 .text.vTaskSwitchContext
                0x00081c04       0xfc src/asf/thirdparty/FreeRTOS/tasks.o
                0x00081c04                vTaskSwitchContext
 .text.xTaskRemoveFromEventList
                0x00081d00       0xc0 src/asf/thirdparty/FreeRTOS/tasks.o
                0x00081d00                xTaskRemoveFromEventList
 .text.prvResetNextTaskUnblockTime
                0x00081dc0       0x48 src/asf/thirdparty/FreeRTOS/tasks.o
 .text.xTaskPriorityDisinherit
                0x00081e08       0xe4 src/asf/thirdparty/FreeRTOS/tasks.o
                0x00081e08                xTaskPriorityDisinherit
 .text.NVIC_DisableIRQ
                0x00081eec       0x34 src/can_test1.o
 .text.CAN1_Handler
                0x00081f20       0x8c src/can_test1.o
                0x00081f20                CAN1_Handler
 .text.CAN0_Handler
                0x00081fac       0x84 src/can_test1.o
                0x00081fac                CAN0_Handler
 .text.decode_can_msg
                0x00082030       0xec src/can_test1.o
                0x00082030                decode_can_msg
 .text.reset_mailbox_conf
                0x0008211c       0x54 src/can_test1.o
                0x0008211c                reset_mailbox_conf
 .text.command_in
                0x00082170       0xf8 src/can_test1.o
                0x00082170                command_in
 .text.NVIC_SetPriorityGrouping
                0x00082268       0x48 src/main.o
 .text.main     0x000822b0       0x18 src/main.o
                0x000822b0                main
 .text.prvSetupHardware
                0x000822c8       0x28 src/main.o
 .text.vApplicationStackOverflowHook
                0x000822f0       0x14 src/main.o
                0x000822f0                vApplicationStackOverflowHook
 .text.WDT_Handler
                0x00082304       0x28 src/main.o
                0x00082304                WDT_Handler
 .text.vParTestInitialise
                0x0008232c       0x44 src/ParTest.o
                0x0008232c                vParTestInitialise
 .text.vParTestSetLED
                0x00082370       0x74 src/ParTest.o
                0x00082370                vParTestSetLED
 .text.NVIC_EnableIRQ
                0x000823e4       0x30 src/rtt_test0.o
 .text.NVIC_DisableIRQ
                0x00082414       0x34 src/rtt_test0.o
 .text.NVIC_ClearPendingIRQ
                0x00082448       0x34 src/rtt_test0.o
 .text.NVIC_SetPriority
                0x0008247c       0x54 src/rtt_test0.o
 .text.configure_rtt
                0x000824d0       0x74 src/rtt_test0.o
 .text.RTT_Handler
                0x00082544       0x70 src/rtt_test0.o
                0x00082544                RTT_Handler
 .text.rtt_test0
                0x000825b4       0x38 src/rtt_test0.o
                0x000825b4                rtt_test0
 .text.USART0_Handler
                0x000825ec       0xd0 src/serial.o
                0x000825ec                USART0_Handler
 .text.__libc_init_array
                0x000826bc       0x50 c:/program files (x86)/atmel/atmel toolchain/arm gcc/native/4.8.1437/arm-gnu-toolchain/bin/../lib/gcc/arm-none-eabi/4.8.4/../../../../arm-none-eabi/lib/armv7-m\libc.a(lib_a-init.o)
                0x000826bc                __libc_init_array
 .text.memcmp   0x0008270c       0x68 c:/program files (x86)/atmel/atmel toolchain/arm gcc/native/4.8.1437/arm-gnu-toolchain/bin/../lib/gcc/arm-none-eabi/4.8.4/../../../../arm-none-eabi/lib/armv7-m\libc.a(lib_a-memcmp.o)
                0x0008270c                memcmp
 .text          0x00082774       0xec c:/program files (x86)/atmel/atmel toolchain/arm gcc/native/4.8.1437/arm-gnu-toolchain/bin/../lib/gcc/arm-none-eabi/4.8.4/../../../../arm-none-eabi/lib/armv7-m\libc.a(lib_a-memcpy.o)
                0x00082774                memcpy
 .text.startup.register_fini
                0x00082860       0x14 c:/program files (x86)/atmel/atmel toolchain/arm gcc/native/4.8.1437/arm-gnu-toolchain/bin/../lib/gcc/arm-none-eabi/4.8.4/../../../../arm-none-eabi/lib/armv7-m\libc.a(lib_a-__call_atexit.o)
 .text.atexit   0x00082874        0xc c:/program files (x86)/atmel/atmel toolchain/arm gcc/native/4.8.1437/arm-gnu-toolchain/bin/../lib/gcc/arm-none-eabi/4.8.4/../../../../arm-none-eabi/lib/armv7-m\libc.a(lib_a-atexit.o)
                0x00082874                atexit
 .text.__libc_fini_array
                0x00082880       0x30 c:/program files (x86)/atmel/atmel toolchain/arm gcc/native/4.8.1437/arm-gnu-toolchain/bin/../lib/gcc/arm-none-eabi/4.8.4/../../../../arm-none-eabi/lib/armv7-m\libc.a(lib_a-fini.o)
                0x00082880                __libc_fini_array
 .text.__register_exitproc
                0x000828b0       0xa8 c:/program files (x86)/atmel/atmel toolchain/arm gcc/native/4.8.1437/arm-gnu-toolchain/bin/../lib/gcc/arm-none-eabi/4.8.4/../../../../arm-none-eabi/lib/armv7-m\libc.a(lib_a-__atexit.o)
                0x000828b0                __register_exitproc
 *(.glue_7t)
 .glue_7t       0x00000000        0x0 linker stubs
 *(.glue_7)
 .glue_7        0x00000000        0x0 linker stubs
 *(.rodata .rodata* .gnu.linkonce.r.*)
 .rodata.ucExpectedStackBytes.5295
                0x00082958       0x14 src/asf/thirdparty/FreeRTOS/tasks.o
 .rodata.ulLED  0x0008296c        0xc src/ParTest.o
 .rodata.str1.4
                0x00082978        0x4 c:/program files (x86)/atmel/atmel toolchain/arm gcc/native/4.8.1437/arm-gnu-toolchain/bin/../lib/gcc/arm-none-eabi/4.8.4/../../../../arm-none-eabi/lib/armv7-m\libc.a(lib_a-impure.o)
 .rodata._global_impure_ptr
                0x0008297c        0x4 c:/program files (x86)/atmel/atmel toolchain/arm gcc/native/4.8.1437/arm-gnu-toolchain/bin/../lib/gcc/arm-none-eabi/4.8.4/../../../../arm-none-eabi/lib/armv7-m\libc.a(lib_a-impure.o)
                0x0008297c                _global_impure_ptr
 *(.ARM.extab* .gnu.linkonce.armextab.*)
                0x00082980                . = ALIGN (0x4)
 *(.init)
 .init          0x00082980        0x4 c:/program files (x86)/atmel/atmel toolchain/arm gcc/native/4.8.1437/arm-gnu-toolchain/bin/../lib/gcc/arm-none-eabi/4.8.4/armv7-m/crti.o
                0x00082980                _init
 .init          0x00082984        0x8 c:/program files (x86)/atmel/atmel toolchain/arm gcc/native/4.8.1437/arm-gnu-toolchain/bin/../lib/gcc/arm-none-eabi/4.8.4/armv7-m/crtn.o
                0x0008298c                . = ALIGN (0x4)
                0x0008298c                __preinit_array_start = .
 *(.preinit_array)
                0x0008298c                __preinit_array_end = .
                0x0008298c                . = ALIGN (0x4)
                0x0008298c                __init_array_start = .
 *(SORT(.init_array.*))
 .init_array.00000
                0x0008298c        0x4 c:/program files (x86)/atmel/atmel toolchain/arm gcc/native/4.8.1437/arm-gnu-toolchain/bin/../lib/gcc/arm-none-eabi/4.8.4/../../../../arm-none-eabi/lib/armv7-m\libc.a(lib_a-__call_atexit.o)
 *(.init_array)
 .init_array    0x00082990        0x4 c:/program files (x86)/atmel/atmel toolchain/arm gcc/native/4.8.1437/arm-gnu-toolchain/bin/../lib/gcc/arm-none-eabi/4.8.4/armv7-m/crtbegin.o
                0x00082994                __init_array_end = .
                0x00082994                . = ALIGN (0x4)
 *crtbegin.o(.ctors)
 *(EXCLUDE_FILE(*crtend.o) .ctors)
 *(SORT(.ctors.*))
 *crtend.o(.ctors)
                0x00082994                . = ALIGN (0x4)
 *(.fini)
 .fini          0x00082994        0x4 c:/program files (x86)/atmel/atmel toolchain/arm gcc/native/4.8.1437/arm-gnu-toolchain/bin/../lib/gcc/arm-none-eabi/4.8.4/armv7-m/crti.o
                0x00082994                _fini
 .fini          0x00082998        0x8 c:/program files (x86)/atmel/atmel toolchain/arm gcc/native/4.8.1437/arm-gnu-toolchain/bin/../lib/gcc/arm-none-eabi/4.8.4/armv7-m/crtn.o
                0x000829a0                . = ALIGN (0x4)
                0x000829a0                __fini_array_start = .
 *(.fini_array)
 .fini_array    0x000829a0        0x4 c:/program files (x86)/atmel/atmel toolchain/arm gcc/native/4.8.1437/arm-gnu-toolchain/bin/../lib/gcc/arm-none-eabi/4.8.4/armv7-m/crtbegin.o
 *(SORT(.fini_array.*))
                0x000829a4                __fini_array_end = .
 *crtbegin.o(.dtors)
 *(EXCLUDE_FILE(*crtend.o) .dtors)
 *(SORT(.dtors.*))
 *crtend.o(.dtors)
                0x000829a4                . = ALIGN (0x4)
                0x000829a4                _efixed = .
                0x000829a4                PROVIDE (__exidx_start, .)

.vfp11_veneer   0x000829a4        0x0
 .vfp11_veneer  0x00000000        0x0 linker stubs

.v4_bx          0x000829a4        0x0
 .v4_bx         0x00000000        0x0 linker stubs

.iplt           0x000829a4        0x0
 .iplt          0x00000000        0x0 c:/program files (x86)/atmel/atmel toolchain/arm gcc/native/4.8.1437/arm-gnu-toolchain/bin/../lib/gcc/arm-none-eabi/4.8.4/armv7-m/crtbegin.o

.eh_frame       0x000829a4        0x0
 .eh_frame      0x000829a4        0x0 c:/program files (x86)/atmel/atmel toolchain/arm gcc/native/4.8.1437/arm-gnu-toolchain/bin/../lib/gcc/arm-none-eabi/4.8.4/armv7-m/crtbegin.o

.rel.dyn        0x000829a4        0x0
 .rel.iplt      0x00000000        0x0 c:/program files (x86)/atmel/atmel toolchain/arm gcc/native/4.8.1437/arm-gnu-toolchain/bin/../lib/gcc/arm-none-eabi/4.8.4/armv7-m/crtbegin.o

.jcr            0x000829a4        0x0
 .jcr           0x000829a4        0x0 c:/program files (x86)/atmel/atmel toolchain/arm gcc/native/4.8.1437/arm-gnu-toolchain/bin/../lib/gcc/arm-none-eabi/4.8.4/armv7-m/crtbegin.o

.igot.plt       0x000829a4        0x0
 .igot.plt      0x00000000        0x0 c:/program files (x86)/atmel/atmel toolchain/arm gcc/native/4.8.1437/arm-gnu-toolchain/bin/../lib/gcc/arm-none-eabi/4.8.4/armv7-m/crtbegin.o

.ARM.exidx
 *(.ARM.exidx* .gnu.linkonce.armexidx.*)
                0x000829a4                PROVIDE (__exidx_end, .)
                0x000829a4                . = ALIGN (0x4)
                0x000829a4                _etext = .

.relocate       0x20070000      0x438 load address 0x000829a4
                0x20070000                . = ALIGN (0x4)
                0x20070000                _srelocate = .
 *(.ramfunc .ramfunc.*)
 *(.data .data.*)
 .data.SystemCoreClock
                0x20070000        0x4 src/asf/sam/utils/cmsis/sam3x/source/templates/system_sam3x.o
                0x20070000                SystemCoreClock
 .data.uxCriticalNesting
                0x20070004        0x4 src/asf/thirdparty/FreeRTOS/portable/GCC/ARM_CM3/port.o
 .data.xNextTaskUnblockTime
                0x20070008        0x4 src/asf/thirdparty/FreeRTOS/tasks.o
 *fill*         0x2007000c        0x4 
 .data.impure_data
                0x20070010      0x428 c:/program files (x86)/atmel/atmel toolchain/arm gcc/native/4.8.1437/arm-gnu-toolchain/bin/../lib/gcc/arm-none-eabi/4.8.4/../../../../arm-none-eabi/lib/armv7-m\libc.a(lib_a-impure.o)
                0x20070438                . = ALIGN (0x4)
                0x20070438                _erelocate = .

.bss            0x20070438      0x194 load address 0x00082ddc
                0x20070438                . = ALIGN (0x4)
                0x20070438                _sbss = .
                0x20070438                _szero = .
 *(.bss .bss.*)
 .bss           0x20070438       0x1c c:/program files (x86)/atmel/atmel toolchain/arm gcc/native/4.8.1437/arm-gnu-toolchain/bin/../lib/gcc/arm-none-eabi/4.8.4/armv7-m/crtbegin.o
 .bss.gs_interrupt_sources
                0x20070454       0x70 src/asf/sam/drivers/pio/pio_handler.o
 .bss.ucMaxSysCallPriority
                0x200704c4        0x1 src/asf/thirdparty/FreeRTOS/portable/GCC/ARM_CM3/port.o
 *fill*         0x200704c5        0x3 
 .bss.ulMaxPRIGROUPValue
                0x200704c8        0x4 src/asf/thirdparty/FreeRTOS/portable/GCC/ARM_CM3/port.o
 .bss.pxCurrentTCB
                0x200704cc        0x4 src/asf/thirdparty/FreeRTOS/tasks.o
                0x200704cc                pxCurrentTCB
 .bss.pxReadyTasksLists
                0x200704d0       0x64 src/asf/thirdparty/FreeRTOS/tasks.o
 .bss.pxDelayedTaskList
                0x20070534        0x4 src/asf/thirdparty/FreeRTOS/tasks.o
 .bss.pxOverflowDelayedTaskList
                0x20070538        0x4 src/asf/thirdparty/FreeRTOS/tasks.o
 .bss.xPendingReadyList
                0x2007053c       0x14 src/asf/thirdparty/FreeRTOS/tasks.o
 .bss.xTickCount
                0x20070550        0x4 src/asf/thirdparty/FreeRTOS/tasks.o
 .bss.uxTopReadyPriority
                0x20070554        0x4 src/asf/thirdparty/FreeRTOS/tasks.o
 .bss.uxPendedTicks
                0x20070558        0x4 src/asf/thirdparty/FreeRTOS/tasks.o
 .bss.xYieldPending
                0x2007055c        0x4 src/asf/thirdparty/FreeRTOS/tasks.o
 .bss.xNumOfOverflows
                0x20070560        0x4 src/asf/thirdparty/FreeRTOS/tasks.o
 .bss.uxSchedulerSuspended
                0x20070564        0x4 src/asf/thirdparty/FreeRTOS/tasks.o
 .bss.g_ul_recv_status
                0x20070568        0x4 src/can_test1.o
                0x20070568                g_ul_recv_status
 .bss.xRxedChars
                0x2007056c        0x4 src/serial.o
 .bss.xCharsForTx
                0x20070570        0x4 src/serial.o
 *(COMMON)
 COMMON         0x20070574       0x50 src/can_test1.o
                0x20070574                can1_mailbox
                0x20070594                can1_transceiver
                0x2007059c                can0_mailbox
                0x200705bc                can0_transceiver
 COMMON         0x200705c4        0x8 src/rtt_test0.o
                0x200705c4                g_uc_alarmed
                0x200705c5                g_uc_state
                0x200705c8                g_ul_new_alarm
                0x200705cc                . = ALIGN (0x4)
                0x200705cc                _ebss = .
                0x200705cc                _ezero = .

.stack          0x200705cc     0x2004 load address 0x00082f70
                0x200705d0                . = ALIGN (0x8)
 *fill*         0x200705cc        0x4 
                0x200705d0                _sstack = .
                0x200725d0                . = (. + STACK_SIZE)
 *fill*         0x200705d0     0x2000 
                0x200725d0                . = ALIGN (0x8)
                0x200725d0                _estack = .
                0x200725d0                . = ALIGN (0x4)
                0x200725d0                _end = .
OUTPUT(RTOSDemo.elf elf32-littlearm)

.ARM.attributes
                0x00000000       0x29
 .ARM.attributes
                0x00000000       0x1d c:/program files (x86)/atmel/atmel toolchain/arm gcc/native/4.8.1437/arm-gnu-toolchain/bin/../lib/gcc/arm-none-eabi/4.8.4/armv7-m/crti.o
 .ARM.attributes
                0x0000001d       0x2d c:/program files (x86)/atmel/atmel toolchain/arm gcc/native/4.8.1437/arm-gnu-toolchain/bin/../lib/gcc/arm-none-eabi/4.8.4/armv7-m/crtbegin.o
 .ARM.attributes
                0x0000004a       0x33 src/asf/common/services/clock/sam3x/sysclk.o
 .ARM.attributes
                0x0000007d       0x33 src/asf/sam/boards/sam3x_ek/init.o
 .ARM.attributes
                0x000000b0       0x33 src/asf/sam/drivers/can/can.o
 .ARM.attributes
                0x000000e3       0x33 src/asf/sam/drivers/pio/pio.o
 .ARM.attributes
                0x00000116       0x33 src/asf/sam/drivers/pio/pio_handler.o
 .ARM.attributes
                0x00000149       0x33 src/asf/sam/drivers/pmc/pmc.o
 .ARM.attributes
                0x0000017c       0x33 src/asf/sam/drivers/rtt/rtt.o
 .ARM.attributes
                0x000001af       0x33 src/asf/sam/drivers/usart/usart.o
 .ARM.attributes
                0x000001e2       0x33 src/asf/sam/drivers/wdt/wdt.o
 .ARM.attributes
                0x00000215       0x33 src/asf/sam/utils/cmsis/sam3x/source/templates/exceptions.o
 .ARM.attributes
                0x00000248       0x33 src/asf/sam/utils/cmsis/sam3x/source/templates/gcc/startup_sam3x.o
 .ARM.attributes
                0x0000027b       0x33 src/asf/sam/utils/cmsis/sam3x/source/templates/system_sam3x.o
 .ARM.attributes
                0x000002ae       0x33 src/asf/thirdparty/FreeRTOS/list.o
 .ARM.attributes
                0x000002e1       0x33 src/asf/thirdparty/FreeRTOS/portable/GCC/ARM_CM3/port.o
 .ARM.attributes
                0x00000314       0x33 src/asf/thirdparty/FreeRTOS/queue.o
 .ARM.attributes
                0x00000347       0x33 src/asf/thirdparty/FreeRTOS/tasks.o
 .ARM.attributes
                0x0000037a       0x33 src/can_test1.o
 .ARM.attributes
                0x000003ad       0x33 src/main.o
 .ARM.attributes
                0x000003e0       0x33 src/ParTest.o
 .ARM.attributes
                0x00000413       0x33 src/rtt_test0.o
 .ARM.attributes
                0x00000446       0x33 src/serial.o
 .ARM.attributes
                0x00000479       0x2d c:/program files (x86)/atmel/atmel toolchain/arm gcc/native/4.8.1437/arm-gnu-toolchain/bin/../lib/gcc/arm-none-eabi/4.8.4/../../../../arm-none-eabi/lib/armv7-m\libc.a(lib_a-impure.o)
 .ARM.attributes
                0x000004a6       0x2d c:/program files (x86)/atmel/atmel toolchain/arm gcc/native/4.8.1437/arm-gnu-toolchain/bin/../lib/gcc/arm-none-eabi/4.8.4/../../../../arm-none-eabi/lib/armv7-m\libc.a(lib_a-init.o)
 .ARM.attributes
                0x000004d3       0x2d c:/program files (x86)/atmel/atmel toolchain/arm gcc/native/4.8.1437/arm-gnu-toolchain/bin/../lib/gcc/arm-none-eabi/4.8.4/../../../../arm-none-eabi/lib/armv7-m\libc.a(lib_a-memcmp.o)
 .ARM.attributes
                0x00000500       0x1b c:/program files (x86)/atmel/atmel toolchain/arm gcc/native/4.8.1437/arm-gnu-toolchain/bin/../lib/gcc/arm-none-eabi/4.8.4/../../../../arm-none-eabi/lib/armv7-m\libc.a(lib_a-memcpy.o)
 .ARM.attributes
                0x0000051b       0x2d c:/program files (x86)/atmel/atmel toolchain/arm gcc/native/4.8.1437/arm-gnu-toolchain/bin/../lib/gcc/arm-none-eabi/4.8.4/../../../../arm-none-eabi/lib/armv7-m\libc.a(lib_a-__call_atexit.o)
 .ARM.attributes
                0x00000548       0x2d c:/program files (x86)/atmel/atmel toolchain/arm gcc/native/4.8.1437/arm-gnu-toolchain/bin/../lib/gcc/arm-none-eabi/4.8.4/../../../../arm-none-eabi/lib/armv7-m\libc.a(lib_a-atexit.o)
 .ARM.attributes
                0x00000575       0x2d c:/program files (x86)/atmel/atmel toolchain/arm gcc/native/4.8.1437/arm-gnu-toolchain/bin/../lib/gcc/arm-none-eabi/4.8.4/../../../../arm-none-eabi/lib/armv7-m\libc.a(lib_a-fini.o)
 .ARM.attributes
                0x000005a2       0x2d c:/program files (x86)/atmel/atmel toolchain/arm gcc/native/4.8.1437/arm-gnu-toolchain/bin/../lib/gcc/arm-none-eabi/4.8.4/../../../../arm-none-eabi/lib/armv7-m\libc.a(lib_a-__atexit.o)
 .ARM.attributes
                0x000005cf       0x1d c:/program files (x86)/atmel/atmel toolchain/arm gcc/native/4.8.1437/arm-gnu-toolchain/bin/../lib/gcc/arm-none-eabi/4.8.4/armv7-m/crtn.o

.comment        0x00000000       0x5b
 .comment       0x00000000       0x5b src/asf/common/services/clock/sam3x/sysclk.o
                                 0x5c (size before relaxing)
 .comment       0x00000000       0x5c src/asf/sam/boards/sam3x_ek/init.o
 .comment       0x00000000       0x5c src/asf/sam/drivers/can/can.o
 .comment       0x00000000       0x5c src/asf/sam/drivers/pio/pio.o
 .comment       0x00000000       0x5c src/asf/sam/drivers/pio/pio_handler.o
 .comment       0x00000000       0x5c src/asf/sam/drivers/pmc/pmc.o
 .comment       0x00000000       0x5c src/asf/sam/drivers/rtt/rtt.o
 .comment       0x00000000       0x5c src/asf/sam/drivers/usart/usart.o
 .comment       0x00000000       0x5c src/asf/sam/drivers/wdt/wdt.o
 .comment       0x00000000       0x5c src/asf/sam/utils/cmsis/sam3x/source/templates/exceptions.o
 .comment       0x00000000       0x5c src/asf/sam/utils/cmsis/sam3x/source/templates/gcc/startup_sam3x.o
 .comment       0x00000000       0x5c src/asf/sam/utils/cmsis/sam3x/source/templates/system_sam3x.o
 .comment       0x00000000       0x5c src/asf/thirdparty/FreeRTOS/list.o
 .comment       0x00000000       0x5c src/asf/thirdparty/FreeRTOS/portable/GCC/ARM_CM3/port.o
 .comment       0x00000000       0x5c src/asf/thirdparty/FreeRTOS/queue.o
 .comment       0x00000000       0x5c src/asf/thirdparty/FreeRTOS/tasks.o
 .comment       0x00000000       0x5c src/can_test1.o
 .comment       0x00000000       0x5c src/main.o
 .comment       0x00000000       0x5c src/ParTest.o
 .comment       0x00000000       0x5c src/rtt_test0.o
 .comment       0x00000000       0x5c src/serial.o

.debug_info     0x00000000     0xaa42
 .debug_info    0x00000000      0x668 src/asf/common/services/clock/sam3x/sysclk.o
 .debug_info    0x00000668      0x1c7 src/asf/sam/boards/sam3x_ek/init.o
 .debug_info    0x0000082f      0xd50 src/asf/sam/drivers/can/can.o
 .debug_info    0x0000157f      0xea8 src/asf/sam/drivers/pio/pio.o
 .debug_info    0x00002427      0xbfa src/asf/sam/drivers/pio/pio_handler.o
 .debug_info    0x00003021      0xee6 src/asf/sam/drivers/pmc/pmc.o
 .debug_info    0x00003f07      0x2d8 src/asf/sam/drivers/rtt/rtt.o
 .debug_info    0x000041df     0x1858 src/asf/sam/drivers/usart/usart.o
 .debug_info    0x00005a37      0x2d1 src/asf/sam/drivers/wdt/wdt.o
 .debug_info    0x00005d08       0xba src/asf/sam/utils/cmsis/sam3x/source/templates/exceptions.o
 .debug_info    0x00005dc2      0x361 src/asf/sam/utils/cmsis/sam3x/source/templates/gcc/startup_sam3x.o
 .debug_info    0x00006123      0x47a src/asf/sam/utils/cmsis/sam3x/source/templates/system_sam3x.o
 .debug_info    0x0000659d      0x2d4 src/asf/thirdparty/FreeRTOS/list.o
 .debug_info    0x00006871      0x36f src/asf/thirdparty/FreeRTOS/portable/GCC/ARM_CM3/port.o
 .debug_info    0x00006be0      0xaef src/asf/thirdparty/FreeRTOS/queue.o
 .debug_info    0x000076cf     0x10bc src/asf/thirdparty/FreeRTOS/tasks.o
 .debug_info    0x0000878b      0x900 src/can_test1.o
 .debug_info    0x0000908b      0x56a src/main.o
 .debug_info    0x000095f5      0x1e1 src/ParTest.o
 .debug_info    0x000097d6      0x70d src/rtt_test0.o
 .debug_info    0x00009ee3      0xb5f src/serial.o

.debug_abbrev   0x00000000     0x1f39
 .debug_abbrev  0x00000000      0x1c3 src/asf/common/services/clock/sam3x/sysclk.o
 .debug_abbrev  0x000001c3       0xd4 src/asf/sam/boards/sam3x_ek/init.o
 .debug_abbrev  0x00000297      0x1ed src/asf/sam/drivers/can/can.o
 .debug_abbrev  0x00000484      0x1c0 src/asf/sam/drivers/pio/pio.o
 .debug_abbrev  0x00000644      0x1e6 src/asf/sam/drivers/pio/pio_handler.o
 .debug_abbrev  0x0000082a      0x20d src/asf/sam/drivers/pmc/pmc.o
 .debug_abbrev  0x00000a37      0x10e src/asf/sam/drivers/rtt/rtt.o
 .debug_abbrev  0x00000b45      0x1cd src/asf/sam/drivers/usart/usart.o
 .debug_abbrev  0x00000d12       0xf2 src/asf/sam/drivers/wdt/wdt.o
 .debug_abbrev  0x00000e04       0x6c src/asf/sam/utils/cmsis/sam3x/source/templates/exceptions.o
 .debug_abbrev  0x00000e70      0x100 src/asf/sam/utils/cmsis/sam3x/source/templates/gcc/startup_sam3x.o
 .debug_abbrev  0x00000f70       0xf5 src/asf/sam/utils/cmsis/sam3x/source/templates/system_sam3x.o
 .debug_abbrev  0x00001065       0xc3 src/asf/thirdparty/FreeRTOS/list.o
 .debug_abbrev  0x00001128      0x1d2 src/asf/thirdparty/FreeRTOS/portable/GCC/ARM_CM3/port.o
 .debug_abbrev  0x000012fa      0x17e src/asf/thirdparty/FreeRTOS/queue.o
 .debug_abbrev  0x00001478      0x231 src/asf/thirdparty/FreeRTOS/tasks.o
 .debug_abbrev  0x000016a9      0x245 src/can_test1.o
 .debug_abbrev  0x000018ee      0x1d2 src/main.o
 .debug_abbrev  0x00001ac0       0xdd src/ParTest.o
 .debug_abbrev  0x00001b9d      0x1a0 src/rtt_test0.o
 .debug_abbrev  0x00001d3d      0x1fc src/serial.o

.debug_loc      0x00000000     0x5060
 .debug_loc     0x00000000      0x2f8 src/asf/common/services/clock/sam3x/sysclk.o
 .debug_loc     0x000002f8       0x2c src/asf/sam/boards/sam3x_ek/init.o
 .debug_loc     0x00000324      0x850 src/asf/sam/drivers/can/can.o
 .debug_loc     0x00000b74      0x850 src/asf/sam/drivers/pio/pio.o
 .debug_loc     0x000013c4      0x238 src/asf/sam/drivers/pio/pio_handler.o
 .debug_loc     0x000015fc      0xac0 src/asf/sam/drivers/pmc/pmc.o
 .debug_loc     0x000020bc      0x150 src/asf/sam/drivers/rtt/rtt.o
 .debug_loc     0x0000220c     0x12d0 src/asf/sam/drivers/usart/usart.o
 .debug_loc     0x000034dc      0x150 src/asf/sam/drivers/wdt/wdt.o
 .debug_loc     0x0000362c       0x2c src/asf/sam/utils/cmsis/sam3x/source/templates/exceptions.o
 .debug_loc     0x00003658       0x38 src/asf/sam/utils/cmsis/sam3x/source/templates/gcc/startup_sam3x.o
 .debug_loc     0x00003690       0x90 src/asf/sam/utils/cmsis/sam3x/source/templates/system_sam3x.o
 .debug_loc     0x00003720      0x118 src/asf/thirdparty/FreeRTOS/list.o
 .debug_loc     0x00003838      0x1dc src/asf/thirdparty/FreeRTOS/portable/GCC/ARM_CM3/port.o
 .debug_loc     0x00003a14      0x508 src/asf/thirdparty/FreeRTOS/queue.o
 .debug_loc     0x00003f1c      0x8bc src/asf/thirdparty/FreeRTOS/tasks.o
 .debug_loc     0x000047d8      0x29c src/can_test1.o
 .debug_loc     0x00004a74      0x178 src/main.o
 .debug_loc     0x00004bec       0xa8 src/ParTest.o
 .debug_loc     0x00004c94      0x17c src/rtt_test0.o
 .debug_loc     0x00004e10      0x250 src/serial.o

.debug_aranges  0x00000000      0xdf8
 .debug_aranges
                0x00000000       0x88 src/asf/common/services/clock/sam3x/sysclk.o
 .debug_aranges
                0x00000088       0x20 src/asf/sam/boards/sam3x_ek/init.o
 .debug_aranges
                0x000000a8      0x148 src/asf/sam/drivers/can/can.o
 .debug_aranges
                0x000001f0      0x148 src/asf/sam/drivers/pio/pio.o
 .debug_aranges
                0x00000338       0x70 src/asf/sam/drivers/pio/pio_handler.o
 .debug_aranges
                0x000003a8      0x1c0 src/asf/sam/drivers/pmc/pmc.o
 .debug_aranges
                0x00000568       0x48 src/asf/sam/drivers/rtt/rtt.o
 .debug_aranges
                0x000005b0      0x2c8 src/asf/sam/drivers/usart/usart.o
 .debug_aranges
                0x00000878       0x48 src/asf/sam/drivers/wdt/wdt.o
 .debug_aranges
                0x000008c0       0x20 src/asf/sam/utils/cmsis/sam3x/source/templates/exceptions.o
 .debug_aranges
                0x000008e0       0x20 src/asf/sam/utils/cmsis/sam3x/source/templates/gcc/startup_sam3x.o
 .debug_aranges
                0x00000900       0x30 src/asf/sam/utils/cmsis/sam3x/source/templates/system_sam3x.o
 .debug_aranges
                0x00000930       0x40 src/asf/thirdparty/FreeRTOS/list.o
 .debug_aranges
                0x00000970       0x90 src/asf/thirdparty/FreeRTOS/portable/GCC/ARM_CM3/port.o
 .debug_aranges
                0x00000a00       0xd0 src/asf/thirdparty/FreeRTOS/queue.o
 .debug_aranges
                0x00000ad0      0x160 src/asf/thirdparty/FreeRTOS/tasks.o
 .debug_aranges
                0x00000c30       0x80 src/can_test1.o
 .debug_aranges
                0x00000cb0       0x58 src/main.o
 .debug_aranges
                0x00000d08       0x30 src/ParTest.o
 .debug_aranges
                0x00000d38       0x50 src/rtt_test0.o
 .debug_aranges
                0x00000d88       0x70 src/serial.o

.debug_ranges   0x00000000      0xca8
 .debug_ranges  0x00000000       0x78 src/asf/common/services/clock/sam3x/sysclk.o
 .debug_ranges  0x00000078       0x10 src/asf/sam/boards/sam3x_ek/init.o
 .debug_ranges  0x00000088      0x138 src/asf/sam/drivers/can/can.o
 .debug_ranges  0x000001c0      0x138 src/asf/sam/drivers/pio/pio.o
 .debug_ranges  0x000002f8       0x60 src/asf/sam/drivers/pio/pio_handler.o
 .debug_ranges  0x00000358      0x1b0 src/asf/sam/drivers/pmc/pmc.o
 .debug_ranges  0x00000508       0x38 src/asf/sam/drivers/rtt/rtt.o
 .debug_ranges  0x00000540      0x2b8 src/asf/sam/drivers/usart/usart.o
 .debug_ranges  0x000007f8       0x38 src/asf/sam/drivers/wdt/wdt.o
 .debug_ranges  0x00000830       0x10 src/asf/sam/utils/cmsis/sam3x/source/templates/exceptions.o
 .debug_ranges  0x00000840       0x10 src/asf/sam/utils/cmsis/sam3x/source/templates/gcc/startup_sam3x.o
 .debug_ranges  0x00000850       0x20 src/asf/sam/utils/cmsis/sam3x/source/templates/system_sam3x.o
 .debug_ranges  0x00000870       0x30 src/asf/thirdparty/FreeRTOS/list.o
 .debug_ranges  0x000008a0       0x80 src/asf/thirdparty/FreeRTOS/portable/GCC/ARM_CM3/port.o
 .debug_ranges  0x00000920       0xc0 src/asf/thirdparty/FreeRTOS/queue.o
 .debug_ranges  0x000009e0      0x150 src/asf/thirdparty/FreeRTOS/tasks.o
 .debug_ranges  0x00000b30       0x70 src/can_test1.o
 .debug_ranges  0x00000ba0       0x48 src/main.o
 .debug_ranges  0x00000be8       0x20 src/ParTest.o
 .debug_ranges  0x00000c08       0x40 src/rtt_test0.o
 .debug_ranges  0x00000c48       0x60 src/serial.o

.debug_macro    0x00000000    0x18a9d
 .debug_macro   0x00000000      0x533 src/asf/common/services/clock/sam3x/sysclk.o
 .debug_macro   0x00000533      0x862 src/asf/common/services/clock/sam3x/sysclk.o
 .debug_macro   0x00000d95      0x22f src/asf/common/services/clock/sam3x/sysclk.o
 .debug_macro   0x00000fc4       0x28 src/asf/common/services/clock/sam3x/sysclk.o
 .debug_macro   0x00000fec      0x166 src/asf/common/services/clock/sam3x/sysclk.o
 .debug_macro   0x00001152       0x76 src/asf/common/services/clock/sam3x/sysclk.o
 .debug_macro   0x000011c8       0x16 src/asf/common/services/clock/sam3x/sysclk.o
 .debug_macro   0x000011de      0x6d7 src/asf/common/services/clock/sam3x/sysclk.o
 .debug_macro   0x000018b5       0x16 src/asf/common/services/clock/sam3x/sysclk.o
 .debug_macro   0x000018cb       0x44 src/asf/common/services/clock/sam3x/sysclk.o
 .debug_macro   0x0000190f      0x209 src/asf/common/services/clock/sam3x/sysclk.o
 .debug_macro   0x00001b18       0x20 src/asf/common/services/clock/sam3x/sysclk.o
 .debug_macro   0x00001b38       0x34 src/asf/common/services/clock/sam3x/sysclk.o
 .debug_macro   0x00001b6c       0x18 src/asf/common/services/clock/sam3x/sysclk.o
 .debug_macro   0x00001b84      0x743 src/asf/common/services/clock/sam3x/sysclk.o
 .debug_macro   0x000022c7      0xab3 src/asf/common/services/clock/sam3x/sysclk.o
 .debug_macro   0x00002d7a      0x566 src/asf/common/services/clock/sam3x/sysclk.o
 .debug_macro   0x000032e0      0x2b2 src/asf/common/services/clock/sam3x/sysclk.o
 .debug_macro   0x00003592      0x317 src/asf/common/services/clock/sam3x/sysclk.o
 .debug_macro   0x000038a9      0x74c src/asf/common/services/clock/sam3x/sysclk.o
 .debug_macro   0x00003ff5       0x82 src/asf/common/services/clock/sam3x/sysclk.o
 .debug_macro   0x00004077      0x578 src/asf/common/services/clock/sam3x/sysclk.o
 .debug_macro   0x000045ef       0x1c src/asf/common/services/clock/sam3x/sysclk.o
 .debug_macro   0x0000460b      0x6b5 src/asf/common/services/clock/sam3x/sysclk.o
 .debug_macro   0x00004cc0      0x52a src/asf/common/services/clock/sam3x/sysclk.o
 .debug_macro   0x000051ea       0xbe src/asf/common/services/clock/sam3x/sysclk.o
 .debug_macro   0x000052a8     0x233f src/asf/common/services/clock/sam3x/sysclk.o
 .debug_macro   0x000075e7      0x85a src/asf/common/services/clock/sam3x/sysclk.o
 .debug_macro   0x00007e41      0xdc6 src/asf/common/services/clock/sam3x/sysclk.o
 .debug_macro   0x00008c07       0x7c src/asf/common/services/clock/sam3x/sysclk.o
 .debug_macro   0x00008c83      0x261 src/asf/common/services/clock/sam3x/sysclk.o
 .debug_macro   0x00008ee4       0x58 src/asf/common/services/clock/sam3x/sysclk.o
 .debug_macro   0x00008f3c      0x9a5 src/asf/common/services/clock/sam3x/sysclk.o
 .debug_macro   0x000098e1      0x246 src/asf/common/services/clock/sam3x/sysclk.o
 .debug_macro   0x00009b27      0x4dc src/asf/common/services/clock/sam3x/sysclk.o
 .debug_macro   0x0000a003      0x6b0 src/asf/common/services/clock/sam3x/sysclk.o
 .debug_macro   0x0000a6b3      0x59c src/asf/common/services/clock/sam3x/sysclk.o
 .debug_macro   0x0000ac4f       0x46 src/asf/common/services/clock/sam3x/sysclk.o
 .debug_macro   0x0000ac95      0x34a src/asf/common/services/clock/sam3x/sysclk.o
 .debug_macro   0x0000afdf      0x289 src/asf/common/services/clock/sam3x/sysclk.o
 .debug_macro   0x0000b268     0x14d7 src/asf/common/services/clock/sam3x/sysclk.o
 .debug_macro   0x0000c73f      0x7b7 src/asf/common/services/clock/sam3x/sysclk.o
 .debug_macro   0x0000cef6       0x76 src/asf/common/services/clock/sam3x/sysclk.o
 .debug_macro   0x0000cf6c       0x82 src/asf/common/services/clock/sam3x/sysclk.o
 .debug_macro   0x0000cfee       0x76 src/asf/common/services/clock/sam3x/sysclk.o
 .debug_macro   0x0000d064       0x4c src/asf/common/services/clock/sam3x/sysclk.o
 .debug_macro   0x0000d0b0      0x102 src/asf/common/services/clock/sam3x/sysclk.o
 .debug_macro   0x0000d1b2      0x102 src/asf/common/services/clock/sam3x/sysclk.o
 .debug_macro   0x0000d2b4      0x102 src/asf/common/services/clock/sam3x/sysclk.o
 .debug_macro   0x0000d3b6       0x88 src/asf/common/services/clock/sam3x/sysclk.o
 .debug_macro   0x0000d43e       0x88 src/asf/common/services/clock/sam3x/sysclk.o
 .debug_macro   0x0000d4c6      0x3b4 src/asf/common/services/clock/sam3x/sysclk.o
 .debug_macro   0x0000d87a       0xb8 src/asf/common/services/clock/sam3x/sysclk.o
 .debug_macro   0x0000d932       0xb8 src/asf/common/services/clock/sam3x/sysclk.o
 .debug_macro   0x0000d9ea       0xb8 src/asf/common/services/clock/sam3x/sysclk.o
 .debug_macro   0x0000daa2       0xb8 src/asf/common/services/clock/sam3x/sysclk.o
 .debug_macro   0x0000db5a      0x2b8 src/asf/common/services/clock/sam3x/sysclk.o
 .debug_macro   0x0000de12      0x122 src/asf/common/services/clock/sam3x/sysclk.o
 .debug_macro   0x0000df34      0x222 src/asf/common/services/clock/sam3x/sysclk.o
 .debug_macro   0x0000e156      0x222 src/asf/common/services/clock/sam3x/sysclk.o
 .debug_macro   0x0000e378       0x2e src/asf/common/services/clock/sam3x/sysclk.o
 .debug_macro   0x0000e3a6       0xac src/asf/common/services/clock/sam3x/sysclk.o
 .debug_macro   0x0000e452      0x14a src/asf/common/services/clock/sam3x/sysclk.o
 .debug_macro   0x0000e59c       0x7c src/asf/common/services/clock/sam3x/sysclk.o
 .debug_macro   0x0000e618      0x202 src/asf/common/services/clock/sam3x/sysclk.o
 .debug_macro   0x0000e81a       0x64 src/asf/common/services/clock/sam3x/sysclk.o
 .debug_macro   0x0000e87e       0xa6 src/asf/common/services/clock/sam3x/sysclk.o
 .debug_macro   0x0000e924       0x7c src/asf/common/services/clock/sam3x/sysclk.o
 .debug_macro   0x0000e9a0       0x16 src/asf/common/services/clock/sam3x/sysclk.o
 .debug_macro   0x0000e9b6       0x22 src/asf/common/services/clock/sam3x/sysclk.o
 .debug_macro   0x0000e9d8       0x22 src/asf/common/services/clock/sam3x/sysclk.o
 .debug_macro   0x0000e9fa      0x112 src/asf/common/services/clock/sam3x/sysclk.o
 .debug_macro   0x0000eb0c      0x112 src/asf/common/services/clock/sam3x/sysclk.o
 .debug_macro   0x0000ec1e      0x112 src/asf/common/services/clock/sam3x/sysclk.o
 .debug_macro   0x0000ed30      0x112 src/asf/common/services/clock/sam3x/sysclk.o
 .debug_macro   0x0000ee42       0x1c src/asf/common/services/clock/sam3x/sysclk.o
 .debug_macro   0x0000ee5e       0x2e src/asf/common/services/clock/sam3x/sysclk.o
 .debug_macro   0x0000ee8c       0x22 src/asf/common/services/clock/sam3x/sysclk.o
 .debug_macro   0x0000eeae       0x1c src/asf/common/services/clock/sam3x/sysclk.o
 .debug_macro   0x0000eeca       0x58 src/asf/common/services/clock/sam3x/sysclk.o
 .debug_macro   0x0000ef22       0x10 src/asf/common/services/clock/sam3x/sysclk.o
 .debug_macro   0x0000ef32      0x273 src/asf/common/services/clock/sam3x/sysclk.o
 .debug_macro   0x0000f1a5     0x10b1 src/asf/common/services/clock/sam3x/sysclk.o
 .debug_macro   0x00010256      0x12a src/asf/common/services/clock/sam3x/sysclk.o
 .debug_macro   0x00010380       0x58 src/asf/common/services/clock/sam3x/sysclk.o
 .debug_macro   0x000103d8       0x35 src/asf/common/services/clock/sam3x/sysclk.o
 .debug_macro   0x0001040d       0xa3 src/asf/common/services/clock/sam3x/sysclk.o
 .debug_macro   0x000104b0       0x16 src/asf/common/services/clock/sam3x/sysclk.o
 .debug_macro   0x000104c6       0x35 src/asf/common/services/clock/sam3x/sysclk.o
 .debug_macro   0x000104fb       0x10 src/asf/common/services/clock/sam3x/sysclk.o
 .debug_macro   0x0001050b       0x52 src/asf/common/services/clock/sam3x/sysclk.o
 .debug_macro   0x0001055d       0x16 src/asf/common/services/clock/sam3x/sysclk.o
 .debug_macro   0x00010573       0x43 src/asf/common/services/clock/sam3x/sysclk.o
 .debug_macro   0x000105b6      0x180 src/asf/common/services/clock/sam3x/sysclk.o
 .debug_macro   0x00010736       0x10 src/asf/common/services/clock/sam3x/sysclk.o
 .debug_macro   0x00010746       0x22 src/asf/common/services/clock/sam3x/sysclk.o
 .debug_macro   0x00010768       0xbd src/asf/common/services/clock/sam3x/sysclk.o
 .debug_macro   0x00010825       0x16 src/asf/common/services/clock/sam3x/sysclk.o
 .debug_macro   0x0001083b      0x16c src/asf/common/services/clock/sam3x/sysclk.o
 .debug_macro   0x000109a7       0x22 src/asf/common/services/clock/sam3x/sysclk.o
 .debug_macro   0x000109c9       0x16 src/asf/common/services/clock/sam3x/sysclk.o
 .debug_macro   0x000109df       0x16 src/asf/common/services/clock/sam3x/sysclk.o
 .debug_macro   0x000109f5       0x29 src/asf/common/services/clock/sam3x/sysclk.o
 .debug_macro   0x00010a1e       0x52 src/asf/common/services/clock/sam3x/sysclk.o
 .debug_macro   0x00010a70       0x3e src/asf/common/services/clock/sam3x/sysclk.o
 .debug_macro   0x00010aae      0x322 src/asf/common/services/clock/sam3x/sysclk.o
 .debug_macro   0x00010dd0      0x15a src/asf/common/services/clock/sam3x/sysclk.o
 .debug_macro   0x00010f2a      0xf4d src/asf/common/services/clock/sam3x/sysclk.o
 .debug_macro   0x00011e77       0x58 src/asf/common/services/clock/sam3x/sysclk.o
 .debug_macro   0x00011ecf       0x64 src/asf/common/services/clock/sam3x/sysclk.o
 .debug_macro   0x00011f33       0x5e src/asf/common/services/clock/sam3x/sysclk.o
 .debug_macro   0x00011f91       0x90 src/asf/common/services/clock/sam3x/sysclk.o
 .debug_macro   0x00012021      0x59f src/asf/sam/boards/sam3x_ek/init.o
 .debug_macro   0x000125c0      0x160 src/asf/sam/boards/sam3x_ek/init.o
 .debug_macro   0x00012720       0x28 src/asf/sam/boards/sam3x_ek/init.o
 .debug_macro   0x00012748       0x8e src/asf/sam/boards/sam3x_ek/init.o
 .debug_macro   0x000127d6       0x40 src/asf/sam/boards/sam3x_ek/init.o
 .debug_macro   0x00012816       0x28 src/asf/sam/boards/sam3x_ek/init.o
 .debug_macro   0x0001283e       0x6a src/asf/sam/boards/sam3x_ek/init.o
 .debug_macro   0x000128a8       0x2e src/asf/sam/boards/sam3x_ek/init.o
 .debug_macro   0x000128d6       0x10 src/asf/sam/boards/sam3x_ek/init.o
 .debug_macro   0x000128e6      0x4e8 src/asf/sam/drivers/can/can.o
 .debug_macro   0x00012dce       0x82 src/asf/sam/drivers/can/can.o
 .debug_macro   0x00012e50      0x4d2 src/asf/sam/drivers/pio/pio.o
 .debug_macro   0x00013322       0x88 src/asf/sam/drivers/pio/pio.o
 .debug_macro   0x000133aa      0x4dc src/asf/sam/drivers/pio/pio_handler.o
 .debug_macro   0x00013886      0x4c4 src/asf/sam/drivers/pmc/pmc.o
 .debug_macro   0x00013d4a       0x52 src/asf/sam/drivers/pmc/pmc.o
 .debug_macro   0x00013d9c      0x4b9 src/asf/sam/drivers/rtt/rtt.o
 .debug_macro   0x00014255      0x500 src/asf/sam/drivers/usart/usart.o
 .debug_macro   0x00014755       0x28 src/asf/sam/drivers/usart/usart.o
 .debug_macro   0x0001477d      0x4d1 src/asf/sam/drivers/wdt/wdt.o
 .debug_macro   0x00014c4e      0x33c src/asf/sam/utils/cmsis/sam3x/source/templates/exceptions.o
 .debug_macro   0x00014f8a      0x34e src/asf/sam/utils/cmsis/sam3x/source/templates/gcc/startup_sam3x.o
 .debug_macro   0x000152d8      0x34e src/asf/sam/utils/cmsis/sam3x/source/templates/system_sam3x.o
 .debug_macro   0x00015626       0x26 src/asf/sam/utils/cmsis/sam3x/source/templates/system_sam3x.o
 .debug_macro   0x0001564c      0x133 src/asf/thirdparty/FreeRTOS/list.o
 .debug_macro   0x0001577f      0x10e src/asf/thirdparty/FreeRTOS/list.o
 .debug_macro   0x0001588d       0x7f src/asf/thirdparty/FreeRTOS/list.o
 .debug_macro   0x0001590c       0x4a src/asf/thirdparty/FreeRTOS/list.o
 .debug_macro   0x00015956      0x20f src/asf/thirdparty/FreeRTOS/list.o
 .debug_macro   0x00015b65      0x106 src/asf/thirdparty/FreeRTOS/list.o
 .debug_macro   0x00015c6b       0x46 src/asf/thirdparty/FreeRTOS/list.o
 .debug_macro   0x00015cb1       0xc9 src/asf/thirdparty/FreeRTOS/list.o
 .debug_macro   0x00015d7a       0x12 src/asf/thirdparty/FreeRTOS/list.o
 .debug_macro   0x00015d8c       0x1c src/asf/thirdparty/FreeRTOS/list.o
 .debug_macro   0x00015da8      0x361 src/asf/thirdparty/FreeRTOS/list.o
 .debug_macro   0x00016109       0x79 src/asf/thirdparty/FreeRTOS/list.o
 .debug_macro   0x00016182      0x143 src/asf/thirdparty/FreeRTOS/portable/GCC/ARM_CM3/port.o
 .debug_macro   0x000162c5       0x69 src/asf/thirdparty/FreeRTOS/portable/GCC/ARM_CM3/port.o
 .debug_macro   0x0001632e      0x1c3 src/asf/thirdparty/FreeRTOS/queue.o
 .debug_macro   0x000164f1      0x2a6 src/asf/thirdparty/FreeRTOS/queue.o
 .debug_macro   0x00016797       0x10 src/asf/thirdparty/FreeRTOS/queue.o
 .debug_macro   0x000167a7       0x1f src/asf/thirdparty/FreeRTOS/queue.o
 .debug_macro   0x000167c6       0xb0 src/asf/thirdparty/FreeRTOS/queue.o
 .debug_macro   0x00016876      0x1ff src/asf/thirdparty/FreeRTOS/tasks.o
 .debug_macro   0x00016a75       0x91 src/asf/thirdparty/FreeRTOS/tasks.o
 .debug_macro   0x00016b06       0x16 src/asf/thirdparty/FreeRTOS/tasks.o
 .debug_macro   0x00016b1c      0x596 src/can_test1.o
 .debug_macro   0x000170b2       0x88 src/can_test1.o
 .debug_macro   0x0001713a       0x3a src/can_test1.o
 .debug_macro   0x00017174      0x661 src/main.o
 .debug_macro   0x000177d5       0x97 src/main.o
 .debug_macro   0x0001786c       0xef src/main.o
 .debug_macro   0x0001795b      0x56d src/ParTest.o
 .debug_macro   0x00017ec8      0x59f src/rtt_test0.o
 .debug_macro   0x00018467      0x636 src/serial.o

.debug_line     0x00000000     0xfbce
 .debug_line    0x00000000      0xd25 src/asf/common/services/clock/sam3x/sysclk.o
 .debug_line    0x00000d25      0xd29 src/asf/sam/boards/sam3x_ek/init.o
 .debug_line    0x00001a4e      0xe07 src/asf/sam/drivers/can/can.o
 .debug_line    0x00002855      0xdeb src/asf/sam/drivers/pio/pio.o
 .debug_line    0x00003640      0xbd2 src/asf/sam/drivers/pio/pio_handler.o
 .debug_line    0x00004212     0x1003 src/asf/sam/drivers/pmc/pmc.o
 .debug_line    0x00005215      0xb2b src/asf/sam/drivers/rtt/rtt.o
 .debug_line    0x00005d40     0x1207 src/asf/sam/drivers/usart/usart.o
 .debug_line    0x00006f47      0xb2c src/asf/sam/drivers/wdt/wdt.o
 .debug_line    0x00007a73      0x8d6 src/asf/sam/utils/cmsis/sam3x/source/templates/exceptions.o
 .debug_line    0x00008349      0x92d src/asf/sam/utils/cmsis/sam3x/source/templates/gcc/startup_sam3x.o
 .debug_line    0x00008c76      0x965 src/asf/sam/utils/cmsis/sam3x/source/templates/system_sam3x.o
 .debug_line    0x000095db      0x427 src/asf/thirdparty/FreeRTOS/list.o
 .debug_line    0x00009a02      0x48a src/asf/thirdparty/FreeRTOS/portable/GCC/ARM_CM3/port.o
 .debug_line    0x00009e8c      0x949 src/asf/thirdparty/FreeRTOS/queue.o
 .debug_line    0x0000a7d5      0xbbf src/asf/thirdparty/FreeRTOS/tasks.o
 .debug_line    0x0000b394      0xed5 src/can_test1.o
 .debug_line    0x0000c269      0xfcc src/main.o
 .debug_line    0x0000d235      0xcd6 src/ParTest.o
 .debug_line    0x0000df0b      0xda1 src/rtt_test0.o
 .debug_line    0x0000ecac      0xf22 src/serial.o

.debug_str      0x00000000    0x66442
 .debug_str     0x00000000    0x5bb1e src/asf/common/services/clock/sam3x/sysclk.o
                              0x5bdc9 (size before relaxing)
 .debug_str     0x0005bb1e      0x845 src/asf/sam/boards/sam3x_ek/init.o
                              0x5c32c (size before relaxing)
 .debug_str     0x0005c363      0x81e src/asf/sam/drivers/can/can.o
                              0x556ea (size before relaxing)
 .debug_str     0x0005cb81      0x609 src/asf/sam/drivers/pio/pio.o
                              0x55873 (size before relaxing)
 .debug_str     0x0005d18a      0x42a src/asf/sam/drivers/pio/pio_handler.o
                              0x55866 (size before relaxing)
 .debug_str     0x0005d5b4      0x5b4 src/asf/sam/drivers/pmc/pmc.o
                              0x55770 (size before relaxing)
 .debug_str     0x0005db68       0xd0 src/asf/sam/drivers/rtt/rtt.o
                              0x54f95 (size before relaxing)
 .debug_str     0x0005dc38      0xb77 src/asf/sam/drivers/usart/usart.o
                              0x55b13 (size before relaxing)
 .debug_str     0x0005e7af       0xf1 src/asf/sam/drivers/wdt/wdt.o
                              0x54fdd (size before relaxing)
 .debug_str     0x0005e8a0       0x4d src/asf/sam/utils/cmsis/sam3x/source/templates/exceptions.o
                              0x4b6ff (size before relaxing)
 .debug_str     0x0005e8ed       0xb2 src/asf/sam/utils/cmsis/sam3x/source/templates/gcc/startup_sam3x.o
                              0x4b7e8 (size before relaxing)
 .debug_str     0x0005e99f      0x1cd src/asf/sam/utils/cmsis/sam3x/source/templates/system_sam3x.o
                              0x4b9fb (size before relaxing)
 .debug_str     0x0005eb6c     0x27e3 src/asf/thirdparty/FreeRTOS/list.o
                               0x6db9 (size before relaxing)
 .debug_str     0x0006134f      0xaba src/asf/thirdparty/FreeRTOS/portable/GCC/ARM_CM3/port.o
                               0x63e7 (size before relaxing)
 .debug_str     0x00061e09     0x1ffd src/asf/thirdparty/FreeRTOS/queue.o
                               0x912c (size before relaxing)
 .debug_str     0x00063e06     0x1897 src/asf/thirdparty/FreeRTOS/tasks.o
                               0x9a06 (size before relaxing)
 .debug_str     0x0006569d      0x1d5 src/can_test1.o
                              0x5d609 (size before relaxing)
 .debug_str     0x00065872      0x122 src/main.o
                              0x6017c (size before relaxing)
 .debug_str     0x00065994       0x8c src/ParTest.o
                              0x5e30d (size before relaxing)
 .debug_str     0x00065a20       0x6f src/rtt_test0.o
                              0x5c645 (size before relaxing)
 .debug_str     0x00065a8f      0x9b3 src/serial.o
                              0x5fc16 (size before relaxing)

.debug_frame    0x00000000     0x2d84
 .debug_frame   0x00000000      0x1c4 src/asf/common/services/clock/sam3x/sysclk.o
 .debug_frame   0x000001c4       0x2c src/asf/sam/boards/sam3x_ek/init.o
 .debug_frame   0x000001f0      0x450 src/asf/sam/drivers/can/can.o
 .debug_frame   0x00000640      0x44c src/asf/sam/drivers/pio/pio.o
 .debug_frame   0x00000a8c      0x150 src/asf/sam/drivers/pio/pio_handler.o
 .debug_frame   0x00000bdc      0x598 src/asf/sam/drivers/pmc/pmc.o
 .debug_frame   0x00001174       0xbc src/asf/sam/drivers/rtt/rtt.o
 .debug_frame   0x00001230      0x9b0 src/asf/sam/drivers/usart/usart.o
 .debug_frame   0x00001be0       0xb8 src/asf/sam/drivers/wdt/wdt.o
 .debug_frame   0x00001c98       0x28 src/asf/sam/utils/cmsis/sam3x/source/templates/exceptions.o
 .debug_frame   0x00001cc0       0x30 src/asf/sam/utils/cmsis/sam3x/source/templates/gcc/startup_sam3x.o
 .debug_frame   0x00001cf0       0x5c src/asf/sam/utils/cmsis/sam3x/source/templates/system_sam3x.o
 .debug_frame   0x00001d4c       0x9c src/asf/thirdparty/FreeRTOS/list.o
 .debug_frame   0x00001de8      0x178 src/asf/thirdparty/FreeRTOS/portable/GCC/ARM_CM3/port.o
 .debug_frame   0x00001f60      0x2f0 src/asf/thirdparty/FreeRTOS/queue.o
 .debug_frame   0x00002250      0x4fc src/asf/thirdparty/FreeRTOS/tasks.o
 .debug_frame   0x0000274c      0x18c src/can_test1.o
 .debug_frame   0x000028d8       0xec src/main.o
 .debug_frame   0x000029c4       0x70 src/ParTest.o
 .debug_frame   0x00002a34       0xdc src/rtt_test0.o
 .debug_frame   0x00002b10      0x158 src/serial.o
 .debug_frame   0x00002c68       0x2c c:/program files (x86)/atmel/atmel toolchain/arm gcc/native/4.8.1437/arm-gnu-toolchain/bin/../lib/gcc/arm-none-eabi/4.8.4/../../../../arm-none-eabi/lib/armv7-m\libc.a(lib_a-init.o)
 .debug_frame   0x00002c94       0x2c c:/program files (x86)/atmel/atmel toolchain/arm gcc/native/4.8.1437/arm-gnu-toolchain/bin/../lib/gcc/arm-none-eabi/4.8.4/../../../../arm-none-eabi/lib/armv7-m\libc.a(lib_a-memcmp.o)
 .debug_frame   0x00002cc0       0x48 c:/program files (x86)/atmel/atmel toolchain/arm gcc/native/4.8.1437/arm-gnu-toolchain/bin/../lib/gcc/arm-none-eabi/4.8.4/../../../../arm-none-eabi/lib/armv7-m\libc.a(lib_a-__call_atexit.o)
 .debug_frame   0x00002d08       0x20 c:/program files (x86)/atmel/atmel toolchain/arm gcc/native/4.8.1437/arm-gnu-toolchain/bin/../lib/gcc/arm-none-eabi/4.8.4/../../../../arm-none-eabi/lib/armv7-m\libc.a(lib_a-atexit.o)
 .debug_frame   0x00002d28       0x2c c:/program files (x86)/atmel/atmel toolchain/arm gcc/native/4.8.1437/arm-gnu-toolchain/bin/../lib/gcc/arm-none-eabi/4.8.4/../../../../arm-none-eabi/lib/armv7-m\libc.a(lib_a-fini.o)
 .debug_frame   0x00002d54       0x30 c:/program files (x86)/atmel/atmel toolchain/arm gcc/native/4.8.1437/arm-gnu-toolchain/bin/../lib/gcc/arm-none-eabi/4.8.4/../../../../arm-none-eabi/lib/armv7-m\libc.a(lib_a-__atexit.o)

Cross Reference Table

Symbol                                            File
ADC_Handler                                       src/asf/sam/utils/cmsis/sam3x/source/templates/exceptions.o
                                                  src/asf/sam/utils/cmsis/sam3x/source/templates/gcc/startup_sam3x.o
BusFault_Handler                                  src/asf/sam/utils/cmsis/sam3x/source/templates/exceptions.o
                                                  src/asf/sam/utils/cmsis/sam3x/source/templates/gcc/startup_sam3x.o
CAN0_Handler                                      src/can_test1.o
                                                  src/asf/sam/utils/cmsis/sam3x/source/templates/exceptions.o
                                                  src/asf/sam/utils/cmsis/sam3x/source/templates/gcc/startup_sam3x.o
CAN1_Handler                                      src/can_test1.o
                                                  src/asf/sam/utils/cmsis/sam3x/source/templates/exceptions.o
                                                  src/asf/sam/utils/cmsis/sam3x/source/templates/gcc/startup_sam3x.o
DACC_Handler                                      src/asf/sam/utils/cmsis/sam3x/source/templates/exceptions.o
                                                  src/asf/sam/utils/cmsis/sam3x/source/templates/gcc/startup_sam3x.o
DMAC_Handler                                      src/asf/sam/utils/cmsis/sam3x/source/templates/exceptions.o
                                                  src/asf/sam/utils/cmsis/sam3x/source/templates/gcc/startup_sam3x.o
DebugMon_Handler                                  src/asf/sam/utils/cmsis/sam3x/source/templates/exceptions.o
                                                  src/asf/sam/utils/cmsis/sam3x/source/templates/gcc/startup_sam3x.o
Dummy_Handler                                     src/asf/sam/utils/cmsis/sam3x/source/templates/exceptions.o
EFC0_Handler                                      src/asf/sam/utils/cmsis/sam3x/source/templates/exceptions.o
                                                  src/asf/sam/utils/cmsis/sam3x/source/templates/gcc/startup_sam3x.o
EFC1_Handler                                      src/asf/sam/utils/cmsis/sam3x/source/templates/exceptions.o
                                                  src/asf/sam/utils/cmsis/sam3x/source/templates/gcc/startup_sam3x.o
EMAC_Handler                                      src/asf/sam/utils/cmsis/sam3x/source/templates/exceptions.o
                                                  src/asf/sam/utils/cmsis/sam3x/source/templates/gcc/startup_sam3x.o
HSMCI_Handler                                     src/asf/sam/utils/cmsis/sam3x/source/templates/exceptions.o
                                                  src/asf/sam/utils/cmsis/sam3x/source/templates/gcc/startup_sam3x.o
HardFault_Handler                                 src/asf/sam/utils/cmsis/sam3x/source/templates/exceptions.o
                                                  src/asf/sam/utils/cmsis/sam3x/source/templates/gcc/startup_sam3x.o
MemManage_Handler                                 src/asf/sam/utils/cmsis/sam3x/source/templates/exceptions.o
                                                  src/asf/sam/utils/cmsis/sam3x/source/templates/gcc/startup_sam3x.o
NMI_Handler                                       src/asf/sam/utils/cmsis/sam3x/source/templates/exceptions.o
                                                  src/asf/sam/utils/cmsis/sam3x/source/templates/gcc/startup_sam3x.o
PIOA_Handler                                      src/asf/sam/drivers/pio/pio_handler.o
                                                  src/asf/sam/utils/cmsis/sam3x/source/templates/gcc/startup_sam3x.o
PIOB_Handler                                      src/asf/sam/drivers/pio/pio_handler.o
                                                  src/asf/sam/utils/cmsis/sam3x/source/templates/gcc/startup_sam3x.o
PIOC_Handler                                      src/asf/sam/drivers/pio/pio_handler.o
                                                  src/asf/sam/utils/cmsis/sam3x/source/templates/gcc/startup_sam3x.o
PIOD_Handler                                      src/asf/sam/drivers/pio/pio_handler.o
                                                  src/asf/sam/utils/cmsis/sam3x/source/templates/gcc/startup_sam3x.o
PMC_Handler                                       src/asf/sam/utils/cmsis/sam3x/source/templates/exceptions.o
                                                  src/asf/sam/utils/cmsis/sam3x/source/templates/gcc/startup_sam3x.o
PWM_Handler                                       src/asf/sam/utils/cmsis/sam3x/source/templates/exceptions.o
                                                  src/asf/sam/utils/cmsis/sam3x/source/templates/gcc/startup_sam3x.o
PendSV_Handler                                    src/asf/thirdparty/FreeRTOS/portable/GCC/ARM_CM3/port.o
                                                  src/asf/sam/utils/cmsis/sam3x/source/templates/exceptions.o
                                                  src/asf/sam/utils/cmsis/sam3x/source/templates/gcc/startup_sam3x.o
RSTC_Handler                                      src/asf/sam/utils/cmsis/sam3x/source/templates/exceptions.o
                                                  src/asf/sam/utils/cmsis/sam3x/source/templates/gcc/startup_sam3x.o
RTC_Handler                                       src/asf/sam/utils/cmsis/sam3x/source/templates/exceptions.o
                                                  src/asf/sam/utils/cmsis/sam3x/source/templates/gcc/startup_sam3x.o
RTT_Handler                                       src/rtt_test0.o
                                                  src/asf/sam/utils/cmsis/sam3x/source/templates/exceptions.o
                                                  src/asf/sam/utils/cmsis/sam3x/source/templates/gcc/startup_sam3x.o
Reset_Handler                                     src/asf/sam/utils/cmsis/sam3x/source/templates/gcc/startup_sam3x.o
SMC_Handler                                       src/asf/sam/utils/cmsis/sam3x/source/templates/exceptions.o
                                                  src/asf/sam/utils/cmsis/sam3x/source/templates/gcc/startup_sam3x.o
SPI0_Handler                                      src/asf/sam/utils/cmsis/sam3x/source/templates/exceptions.o
                                                  src/asf/sam/utils/cmsis/sam3x/source/templates/gcc/startup_sam3x.o
SSC_Handler                                       src/asf/sam/utils/cmsis/sam3x/source/templates/exceptions.o
                                                  src/asf/sam/utils/cmsis/sam3x/source/templates/gcc/startup_sam3x.o
SUPC_Handler                                      src/asf/sam/utils/cmsis/sam3x/source/templates/exceptions.o
                                                  src/asf/sam/utils/cmsis/sam3x/source/templates/gcc/startup_sam3x.o
SVC_Handler                                       src/asf/thirdparty/FreeRTOS/portable/GCC/ARM_CM3/port.o
                                                  src/asf/sam/utils/cmsis/sam3x/source/templates/exceptions.o
                                                  src/asf/sam/utils/cmsis/sam3x/source/templates/gcc/startup_sam3x.o
SysTick_Handler                                   src/asf/thirdparty/FreeRTOS/portable/GCC/ARM_CM3/port.o
                                                  src/asf/sam/utils/cmsis/sam3x/source/templates/exceptions.o
                                                  src/asf/sam/utils/cmsis/sam3x/source/templates/gcc/startup_sam3x.o
SystemCoreClock                                   src/asf/sam/utils/cmsis/sam3x/source/templates/system_sam3x.o
                                                  src/asf/thirdparty/FreeRTOS/portable/GCC/ARM_CM3/port.o
SystemCoreClockUpdate                             src/asf/sam/utils/cmsis/sam3x/source/templates/system_sam3x.o
                                                  src/asf/common/services/clock/sam3x/sysclk.o
SystemInit                                        src/asf/sam/utils/cmsis/sam3x/source/templates/system_sam3x.o
TC0_Handler                                       src/asf/sam/utils/cmsis/sam3x/source/templates/exceptions.o
                                                  src/asf/sam/utils/cmsis/sam3x/source/templates/gcc/startup_sam3x.o
TC1_Handler                                       src/asf/sam/utils/cmsis/sam3x/source/templates/exceptions.o
                                                  src/asf/sam/utils/cmsis/sam3x/source/templates/gcc/startup_sam3x.o
TC2_Handler                                       src/asf/sam/utils/cmsis/sam3x/source/templates/exceptions.o
                                                  src/asf/sam/utils/cmsis/sam3x/source/templates/gcc/startup_sam3x.o
TC3_Handler                                       src/asf/sam/utils/cmsis/sam3x/source/templates/exceptions.o
                                                  src/asf/sam/utils/cmsis/sam3x/source/templates/gcc/startup_sam3x.o
TC4_Handler                                       src/asf/sam/utils/cmsis/sam3x/source/templates/exceptions.o
                                                  src/asf/sam/utils/cmsis/sam3x/source/templates/gcc/startup_sam3x.o
TC5_Handler                                       src/asf/sam/utils/cmsis/sam3x/source/templates/exceptions.o
                                                  src/asf/sam/utils/cmsis/sam3x/source/templates/gcc/startup_sam3x.o
TC6_Handler                                       src/asf/sam/utils/cmsis/sam3x/source/templates/exceptions.o
                                                  src/asf/sam/utils/cmsis/sam3x/source/templates/gcc/startup_sam3x.o
TC7_Handler                                       src/asf/sam/utils/cmsis/sam3x/source/templates/exceptions.o
                                                  src/asf/sam/utils/cmsis/sam3x/source/templates/gcc/startup_sam3x.o
TC8_Handler                                       src/asf/sam/utils/cmsis/sam3x/source/templates/exceptions.o
                                                  src/asf/sam/utils/cmsis/sam3x/source/templates/gcc/startup_sam3x.o
TRNG_Handler                                      src/asf/sam/utils/cmsis/sam3x/source/templates/exceptions.o
                                                  src/asf/sam/utils/cmsis/sam3x/source/templates/gcc/startup_sam3x.o
TWI0_Handler                                      src/asf/sam/utils/cmsis/sam3x/source/templates/exceptions.o
                                                  src/asf/sam/utils/cmsis/sam3x/source/templates/gcc/startup_sam3x.o
TWI1_Handler                                      src/asf/sam/utils/cmsis/sam3x/source/templates/exceptions.o
                                                  src/asf/sam/utils/cmsis/sam3x/source/templates/gcc/startup_sam3x.o
UART_Handler                                      src/asf/sam/utils/cmsis/sam3x/source/templates/exceptions.o
                                                  src/asf/sam/utils/cmsis/sam3x/source/templates/gcc/startup_sam3x.o
UOTGHS_Handler                                    src/asf/sam/utils/cmsis/sam3x/source/templates/exceptions.o
                                                  src/asf/sam/utils/cmsis/sam3x/source/templates/gcc/startup_sam3x.o
USART0_Handler                                    src/serial.o
                                                  src/asf/sam/utils/cmsis/sam3x/source/templates/exceptions.o
                                                  src/asf/sam/utils/cmsis/sam3x/source/templates/gcc/startup_sam3x.o
USART1_Handler                                    src/asf/sam/utils/cmsis/sam3x/source/templates/exceptions.o
                                                  src/asf/sam/utils/cmsis/sam3x/source/templates/gcc/startup_sam3x.o
USART2_Handler                                    src/asf/sam/utils/cmsis/sam3x/source/templates/exceptions.o
                                                  src/asf/sam/utils/cmsis/sam3x/source/templates/gcc/startup_sam3x.o
USART3_Handler                                    src/asf/sam/utils/cmsis/sam3x/source/templates/exceptions.o
                                                  src/asf/sam/utils/cmsis/sam3x/source/templates/gcc/startup_sam3x.o
UsageFault_Handler                                src/asf/sam/utils/cmsis/sam3x/source/templates/exceptions.o
                                                  src/asf/sam/utils/cmsis/sam3x/source/templates/gcc/startup_sam3x.o
WDT_Handler                                       src/main.o
                                                  src/asf/sam/utils/cmsis/sam3x/source/templates/exceptions.o
                                                  src/asf/sam/utils/cmsis/sam3x/source/templates/gcc/startup_sam3x.o
_Jv_RegisterClasses                               c:/program files (x86)/atmel/atmel toolchain/arm gcc/native/4.8.1437/arm-gnu-toolchain/bin/../lib/gcc/arm-none-eabi/4.8.4/armv7-m/crtbegin.o
__bss_end__                                       c:/program files (x86)/atmel/atmel toolchain/arm gcc/native/4.8.1437/arm-gnu-toolchain/bin/../lib/gcc/arm-none-eabi/4.8.4/../../../../arm-none-eabi/lib/armv7-m/crt0.o
__bss_start__                                     c:/program files (x86)/atmel/atmel toolchain/arm gcc/native/4.8.1437/arm-gnu-toolchain/bin/../lib/gcc/arm-none-eabi/4.8.4/../../../../arm-none-eabi/lib/armv7-m/crt0.o
__call_exitprocs                                  c:/program files (x86)/atmel/atmel toolchain/arm gcc/native/4.8.1437/arm-gnu-toolchain/bin/../lib/gcc/arm-none-eabi/4.8.4/../../../../arm-none-eabi/lib/armv7-m\libc.a(lib_a-__call_atexit.o)
                                                  c:/program files (x86)/atmel/atmel toolchain/arm gcc/native/4.8.1437/arm-gnu-toolchain/bin/../lib/gcc/arm-none-eabi/4.8.4/../../../../arm-none-eabi/lib/armv7-m\libc.a(lib_a-exit.o)
__deregister_frame_info                           c:/program files (x86)/atmel/atmel toolchain/arm gcc/native/4.8.1437/arm-gnu-toolchain/bin/../lib/gcc/arm-none-eabi/4.8.4/armv7-m/crtbegin.o
__dso_handle                                      c:/program files (x86)/atmel/atmel toolchain/arm gcc/native/4.8.1437/arm-gnu-toolchain/bin/../lib/gcc/arm-none-eabi/4.8.4/armv7-m/crtbegin.o
__fini_array_end                                  c:/program files (x86)/atmel/atmel toolchain/arm gcc/native/4.8.1437/arm-gnu-toolchain/bin/../lib/gcc/arm-none-eabi/4.8.4/../../../../arm-none-eabi/lib/armv7-m\libc.a(lib_a-fini.o)
__fini_array_start                                c:/program files (x86)/atmel/atmel toolchain/arm gcc/native/4.8.1437/arm-gnu-toolchain/bin/../lib/gcc/arm-none-eabi/4.8.4/../../../../arm-none-eabi/lib/armv7-m\libc.a(lib_a-fini.o)
__init_array_end                                  c:/program files (x86)/atmel/atmel toolchain/arm gcc/native/4.8.1437/arm-gnu-toolchain/bin/../lib/gcc/arm-none-eabi/4.8.4/../../../../arm-none-eabi/lib/armv7-m\libc.a(lib_a-init.o)
__init_array_start                                c:/program files (x86)/atmel/atmel toolchain/arm gcc/native/4.8.1437/arm-gnu-toolchain/bin/../lib/gcc/arm-none-eabi/4.8.4/../../../../arm-none-eabi/lib/armv7-m\libc.a(lib_a-init.o)
__libc_fini                                       c:/program files (x86)/atmel/atmel toolchain/arm gcc/native/4.8.1437/arm-gnu-toolchain/bin/../lib/gcc/arm-none-eabi/4.8.4/../../../../arm-none-eabi/lib/armv7-m\libc.a(lib_a-__call_atexit.o)
__libc_fini_array                                 c:/program files (x86)/atmel/atmel toolchain/arm gcc/native/4.8.1437/arm-gnu-toolchain/bin/../lib/gcc/arm-none-eabi/4.8.4/../../../../arm-none-eabi/lib/armv7-m\libc.a(lib_a-fini.o)
                                                  c:/program files (x86)/atmel/atmel toolchain/arm gcc/native/4.8.1437/arm-gnu-toolchain/bin/../lib/gcc/arm-none-eabi/4.8.4/../../../../arm-none-eabi/lib/armv7-m\libc.a(lib_a-__call_atexit.o)
                                                  c:/program files (x86)/atmel/atmel toolchain/arm gcc/native/4.8.1437/arm-gnu-toolchain/bin/../lib/gcc/arm-none-eabi/4.8.4/../../../../arm-none-eabi/lib/armv7-m/crt0.o
__libc_init_array                                 c:/program files (x86)/atmel/atmel toolchain/arm gcc/native/4.8.1437/arm-gnu-toolchain/bin/../lib/gcc/arm-none-eabi/4.8.4/../../../../arm-none-eabi/lib/armv7-m\libc.a(lib_a-init.o)
                                                  src/asf/sam/utils/cmsis/sam3x/source/templates/gcc/startup_sam3x.o
                                                  c:/program files (x86)/atmel/atmel toolchain/arm gcc/native/4.8.1437/arm-gnu-toolchain/bin/../lib/gcc/arm-none-eabi/4.8.4/../../../../arm-none-eabi/lib/armv7-m/crt0.o
__preinit_array_end                               c:/program files (x86)/atmel/atmel toolchain/arm gcc/native/4.8.1437/arm-gnu-toolchain/bin/../lib/gcc/arm-none-eabi/4.8.4/../../../../arm-none-eabi/lib/armv7-m\libc.a(lib_a-init.o)
__preinit_array_start                             c:/program files (x86)/atmel/atmel toolchain/arm gcc/native/4.8.1437/arm-gnu-toolchain/bin/../lib/gcc/arm-none-eabi/4.8.4/../../../../arm-none-eabi/lib/armv7-m\libc.a(lib_a-init.o)
__register_exitproc                               c:/program files (x86)/atmel/atmel toolchain/arm gcc/native/4.8.1437/arm-gnu-toolchain/bin/../lib/gcc/arm-none-eabi/4.8.4/../../../../arm-none-eabi/lib/armv7-m\libc.a(lib_a-__atexit.o)
                                                  c:/program files (x86)/atmel/atmel toolchain/arm gcc/native/4.8.1437/arm-gnu-toolchain/bin/../lib/gcc/arm-none-eabi/4.8.4/../../../../arm-none-eabi/lib/armv7-m\libc.a(lib_a-atexit.o)
__register_frame_info                             c:/program files (x86)/atmel/atmel toolchain/arm gcc/native/4.8.1437/arm-gnu-toolchain/bin/../lib/gcc/arm-none-eabi/4.8.4/armv7-m/crtbegin.o
__stack                                           c:/program files (x86)/atmel/atmel toolchain/arm gcc/native/4.8.1437/arm-gnu-toolchain/bin/../lib/gcc/arm-none-eabi/4.8.4/../../../../arm-none-eabi/lib/armv7-m/crt0.o
_erelocate                                        src/asf/sam/utils/cmsis/sam3x/source/templates/gcc/startup_sam3x.o
_estack                                           src/asf/sam/utils/cmsis/sam3x/source/templates/gcc/startup_sam3x.o
_etext                                            src/asf/sam/utils/cmsis/sam3x/source/templates/gcc/startup_sam3x.o
_exit                                             c:/program files (x86)/atmel/atmel toolchain/arm gcc/native/4.8.1437/arm-gnu-toolchain/bin/../lib/gcc/arm-none-eabi/4.8.4/../../../../arm-none-eabi/lib/armv7-m\libc.a(lib_a-exit.o)
_ezero                                            src/asf/sam/utils/cmsis/sam3x/source/templates/gcc/startup_sam3x.o
_fini                                             c:/program files (x86)/atmel/atmel toolchain/arm gcc/native/4.8.1437/arm-gnu-toolchain/bin/../lib/gcc/arm-none-eabi/4.8.4/armv7-m/crti.o
                                                  c:/program files (x86)/atmel/atmel toolchain/arm gcc/native/4.8.1437/arm-gnu-toolchain/bin/../lib/gcc/arm-none-eabi/4.8.4/../../../../arm-none-eabi/lib/armv7-m\libc.a(lib_a-fini.o)
_global_impure_ptr                                c:/program files (x86)/atmel/atmel toolchain/arm gcc/native/4.8.1437/arm-gnu-toolchain/bin/../lib/gcc/arm-none-eabi/4.8.4/../../../../arm-none-eabi/lib/armv7-m\libc.a(lib_a-impure.o)
                                                  c:/program files (x86)/atmel/atmel toolchain/arm gcc/native/4.8.1437/arm-gnu-toolchain/bin/../lib/gcc/arm-none-eabi/4.8.4/../../../../arm-none-eabi/lib/armv7-m\libc.a(lib_a-__atexit.o)
                                                  c:/program files (x86)/atmel/atmel toolchain/arm gcc/native/4.8.1437/arm-gnu-toolchain/bin/../lib/gcc/arm-none-eabi/4.8.4/../../../../arm-none-eabi/lib/armv7-m\libc.a(lib_a-__call_atexit.o)
                                                  c:/program files (x86)/atmel/atmel toolchain/arm gcc/native/4.8.1437/arm-gnu-toolchain/bin/../lib/gcc/arm-none-eabi/4.8.4/../../../../arm-none-eabi/lib/armv7-m\libc.a(lib_a-exit.o)
_impure_ptr                                       c:/program files (x86)/atmel/atmel toolchain/arm gcc/native/4.8.1437/arm-gnu-toolchain/bin/../lib/gcc/arm-none-eabi/4.8.4/../../../../arm-none-eabi/lib/armv7-m\libc.a(lib_a-impure.o)
_init                                             c:/program files (x86)/atmel/atmel toolchain/arm gcc/native/4.8.1437/arm-gnu-toolchain/bin/../lib/gcc/arm-none-eabi/4.8.4/armv7-m/crti.o
                                                  c:/program files (x86)/atmel/atmel toolchain/arm gcc/native/4.8.1437/arm-gnu-toolchain/bin/../lib/gcc/arm-none-eabi/4.8.4/../../../../arm-none-eabi/lib/armv7-m\libc.a(lib_a-init.o)
_mainCRTStartup                                   c:/program files (x86)/atmel/atmel toolchain/arm gcc/native/4.8.1437/arm-gnu-toolchain/bin/../lib/gcc/arm-none-eabi/4.8.4/../../../../arm-none-eabi/lib/armv7-m/crt0.o
_read                                             src/asf/common/utils/stdio/read.o
_sfixed                                           src/asf/sam/utils/cmsis/sam3x/source/templates/gcc/startup_sam3x.o
_srelocate                                        src/asf/sam/utils/cmsis/sam3x/source/templates/gcc/startup_sam3x.o
_start                                            c:/program files (x86)/atmel/atmel toolchain/arm gcc/native/4.8.1437/arm-gnu-toolchain/bin/../lib/gcc/arm-none-eabi/4.8.4/../../../../arm-none-eabi/lib/armv7-m/crt0.o
_szero                                            src/asf/sam/utils/cmsis/sam3x/source/templates/gcc/startup_sam3x.o
_write                                            src/asf/common/utils/stdio/write.o
atexit                                            c:/program files (x86)/atmel/atmel toolchain/arm gcc/native/4.8.1437/arm-gnu-toolchain/bin/../lib/gcc/arm-none-eabi/4.8.4/../../../../arm-none-eabi/lib/armv7-m\libc.a(lib_a-atexit.o)
                                                  c:/program files (x86)/atmel/atmel toolchain/arm gcc/native/4.8.1437/arm-gnu-toolchain/bin/../lib/gcc/arm-none-eabi/4.8.4/../../../../arm-none-eabi/lib/armv7-m\libc.a(lib_a-__call_atexit.o)
                                                  c:/program files (x86)/atmel/atmel toolchain/arm gcc/native/4.8.1437/arm-gnu-toolchain/bin/../lib/gcc/arm-none-eabi/4.8.4/../../../../arm-none-eabi/lib/armv7-m/crt0.o
board_init                                        src/asf/sam/boards/sam3x_ek/init.o
                                                  src/main.o
can0_mailbox                                      src/main.o
                                                  src/can_test1.o
can0_transceiver                                  src/main.o
                                                  src/can_test1.o
can1_mailbox                                      src/main.o
                                                  src/can_test1.o
can1_transceiver                                  src/main.o
                                                  src/can_test1.o
can_bit_time                                      src/asf/sam/drivers/can/can.o
can_disable                                       src/asf/sam/drivers/can/can.o
                                                  src/can_test1.o
can_disable_autobaud_listen_mode                  src/asf/sam/drivers/can/can.o
can_disable_interrupt                             src/asf/sam/drivers/can/can.o
                                                  src/can_test1.o
can_disable_low_power_mode                        src/asf/sam/drivers/can/can.o
can_disable_overload_frame                        src/asf/sam/drivers/can/can.o
can_disable_time_triggered_mode                   src/asf/sam/drivers/can/can.o
can_disable_timer_freeze                          src/asf/sam/drivers/can/can.o
can_disable_tx_repeat                             src/asf/sam/drivers/can/can.o
can_enable                                        src/asf/sam/drivers/can/can.o
can_enable_autobaud_listen_mode                   src/asf/sam/drivers/can/can.o
can_enable_interrupt                              src/asf/sam/drivers/can/can.o
                                                  src/can_test1.o
can_enable_low_power_mode                         src/asf/sam/drivers/can/can.o
can_enable_overload_frame                         src/asf/sam/drivers/can/can.o
can_enable_time_triggered_mode                    src/asf/sam/drivers/can/can.o
can_enable_timer_freeze                           src/asf/sam/drivers/can/can.o
can_enable_tx_repeat                              src/asf/sam/drivers/can/can.o
can_get_internal_timer_value                      src/asf/sam/drivers/can/can.o
can_get_interrupt_mask                            src/asf/sam/drivers/can/can.o
can_get_rx_error_cnt                              src/asf/sam/drivers/can/can.o
can_get_status                                    src/asf/sam/drivers/can/can.o
                                                  src/can_test1.o
can_get_timestamp_value                           src/asf/sam/drivers/can/can.o
can_get_tx_error_cnt                              src/asf/sam/drivers/can/can.o
can_global_send_abort_cmd                         src/asf/sam/drivers/can/can.o
can_global_send_transfer_cmd                      src/asf/sam/drivers/can/can.o
                                                  src/can_test1.o
can_init                                          src/asf/sam/drivers/can/can.o
                                                  src/can_test1.o
can_mailbox_get_status                            src/asf/sam/drivers/can/can.o
                                                  src/can_test1.o
can_mailbox_init                                  src/asf/sam/drivers/can/can.o
                                                  src/can_test1.o
can_mailbox_read                                  src/asf/sam/drivers/can/can.o
                                                  src/can_test1.o
can_mailbox_send_abort_cmd                        src/asf/sam/drivers/can/can.o
can_mailbox_send_transfer_cmd                     src/asf/sam/drivers/can/can.o
can_mailbox_set_timemark                          src/asf/sam/drivers/can/can.o
can_mailbox_tx_remote_frame                       src/asf/sam/drivers/can/can.o
can_mailbox_write                                 src/asf/sam/drivers/can/can.o
                                                  src/can_test1.o
can_reset_all_mailbox                             src/asf/sam/drivers/can/can.o
                                                  src/can_test1.o
can_reset_internal_timer                          src/asf/sam/drivers/can/can.o
can_set_rx_sync_stage                             src/asf/sam/drivers/can/can.o
can_set_timestamp_capture_point                   src/asf/sam/drivers/can/can.o
can_test1                                         src/can_test1.o
command_in                                        src/can_test1.o
command_out                                       src/can_test1.o
decode_can_msg                                    src/can_test1.o
exception_table                                   src/asf/sam/utils/cmsis/sam3x/source/templates/gcc/startup_sam3x.o
exit                                              c:/program files (x86)/atmel/atmel toolchain/arm gcc/native/4.8.1437/arm-gnu-toolchain/bin/../lib/gcc/arm-none-eabi/4.8.4/../../../../arm-none-eabi/lib/armv7-m\libc.a(lib_a-exit.o)
                                                  c:/program files (x86)/atmel/atmel toolchain/arm gcc/native/4.8.1437/arm-gnu-toolchain/bin/../lib/gcc/arm-none-eabi/4.8.4/../../../../arm-none-eabi/lib/armv7-m/crt0.o